../../../Drivers/STM32F7xx_HAL_Driver/Inc/stm32f7xx_ll_bus.h:309:22:LL_AHB1_GRP1_EnableClock	8	static
../../../Drivers/STM32F7xx_HAL_Driver/Inc/stm32f7xx_ll_gpio.h:273:22:LL_GPIO_SetPinMode	12	static,ignoring_inline_asm
C:/Users/ariel/Documents/Courses/Tesi/Code/RTOS/ADC_SingleConversion_TriggerSW_DMA/Src/main.c:186:6:Configure_DMA	8	static
C:/Users/ariel/Documents/Courses/Tesi/Code/RTOS/ADC_SingleConversion_TriggerSW_DMA/Src/main.c:275:6:Configure_ADC	32	static,ignoring_inline_asm
C:/Users/ariel/Documents/Courses/Tesi/Code/RTOS/ADC_SingleConversion_TriggerSW_DMA/Src/main.c:514:6:Activate_ADC	0	static
C:/Users/ariel/Documents/Courses/Tesi/Code/RTOS/ADC_SingleConversion_TriggerSW_DMA/Src/main.c:557:6:LED_Init	8	static
C:/Users/ariel/Documents/Courses/Tesi/Code/RTOS/ADC_SingleConversion_TriggerSW_DMA/Src/main.c:577:6:LED_On	0	static
C:/Users/ariel/Documents/Courses/Tesi/Code/RTOS/ADC_SingleConversion_TriggerSW_DMA/Src/main.c:588:6:LED_Off	0	static
C:/Users/ariel/Documents/Courses/Tesi/Code/RTOS/ADC_SingleConversion_TriggerSW_DMA/Src/main.c:603:6:LED_Blinking	8	static
C:/Users/ariel/Documents/Courses/Tesi/Code/RTOS/ADC_SingleConversion_TriggerSW_DMA/Src/main.c:621:6:UserButton_Init	16	static,ignoring_inline_asm
C:/Users/ariel/Documents/Courses/Tesi/Code/RTOS/ADC_SingleConversion_TriggerSW_DMA/Src/main.c:664:6:SystemClock_Config	8	static
C:/Users/ariel/Documents/Courses/Tesi/Code/RTOS/ADC_SingleConversion_TriggerSW_DMA/Src/main.c:116:5:main	16	static,ignoring_inline_asm
C:/Users/ariel/Documents/Courses/Tesi/Code/RTOS/ADC_SingleConversion_TriggerSW_DMA/Src/main.c:739:6:UserButton_Callback	8	static
C:/Users/ariel/Documents/Courses/Tesi/Code/RTOS/ADC_SingleConversion_TriggerSW_DMA/Src/main.c:777:6:AdcDmaTransferComplete_Callback	0	static
C:/Users/ariel/Documents/Courses/Tesi/Code/RTOS/ADC_SingleConversion_TriggerSW_DMA/Src/main.c:805:6:AdcDmaTransferHalf_Callback	0	static
C:/Users/ariel/Documents/Courses/Tesi/Code/RTOS/ADC_SingleConversion_TriggerSW_DMA/Src/main.c:833:6:AdcDmaTransferError_Callback	8	static
C:/Users/ariel/Documents/Courses/Tesi/Code/RTOS/ADC_SingleConversion_TriggerSW_DMA/Src/main.c:845:6:AdcGrpRegularOverrunError_Callback	8	static
