../../../Drivers/STM32F7xx_HAL_Driver/Inc/stm32f7xx_ll_bus.h:309:22:LL_AHB1_GRP1_EnableClock	1
../../../Drivers/STM32F7xx_HAL_Driver/Inc/stm32f7xx_ll_gpio.h:273:22:LL_GPIO_SetPinMode	1
C:/Users/ariel/Documents/Courses/Tesi/Code/RTOS/ADC_SingleConversion_TriggerSW_DMA/Src/main.c:186:6:Configure_DMA	1
C:/Users/ariel/Documents/Courses/Tesi/Code/RTOS/ADC_SingleConversion_TriggerSW_DMA/Src/main.c:275:6:Configure_ADC	4
C:/Users/ariel/Documents/Courses/Tesi/Code/RTOS/ADC_SingleConversion_TriggerSW_DMA/Src/main.c:514:6:Activate_ADC	2
C:/Users/ariel/Documents/Courses/Tesi/Code/RTOS/ADC_SingleConversion_TriggerSW_DMA/Src/main.c:557:6:LED_Init	1
C:/Users/ariel/Documents/Courses/Tesi/Code/RTOS/ADC_SingleConversion_TriggerSW_DMA/Src/main.c:577:6:LED_On	1
C:/Users/ariel/Documents/Courses/Tesi/Code/RTOS/ADC_SingleConversion_TriggerSW_DMA/Src/main.c:588:6:LED_Off	1
C:/Users/ariel/Documents/Courses/Tesi/Code/RTOS/ADC_SingleConversion_TriggerSW_DMA/Src/main.c:603:6:LED_Blinking	1
C:/Users/ariel/Documents/Courses/Tesi/Code/RTOS/ADC_SingleConversion_TriggerSW_DMA/Src/main.c:621:6:UserButton_Init	1
C:/Users/ariel/Documents/Courses/Tesi/Code/RTOS/ADC_SingleConversion_TriggerSW_DMA/Src/main.c:664:6:SystemClock_Config	6
C:/Users/ariel/Documents/Courses/Tesi/Code/RTOS/ADC_SingleConversion_TriggerSW_DMA/Src/main.c:116:5:main	3
C:/Users/ariel/Documents/Courses/Tesi/Code/RTOS/ADC_SingleConversion_TriggerSW_DMA/Src/main.c:739:6:UserButton_Callback	2
C:/Users/ariel/Documents/Courses/Tesi/Code/RTOS/ADC_SingleConversion_TriggerSW_DMA/Src/main.c:777:6:AdcDmaTransferComplete_Callback	1
C:/Users/ariel/Documents/Courses/Tesi/Code/RTOS/ADC_SingleConversion_TriggerSW_DMA/Src/main.c:805:6:AdcDmaTransferHalf_Callback	1
C:/Users/ariel/Documents/Courses/Tesi/Code/RTOS/ADC_SingleConversion_TriggerSW_DMA/Src/main.c:833:6:AdcDmaTransferError_Callback	0
C:/Users/ariel/Documents/Courses/Tesi/Code/RTOS/ADC_SingleConversion_TriggerSW_DMA/Src/main.c:845:6:AdcGrpRegularOverrunError_Callback	0
