C:/Users/ariel/Documents/Courses/Tesi/Code/RTOS/ADC_SingleConversion_TriggerSW_DMA/Src/stm32f7xx_it.c:49:6:NMI_Handler	0	static
C:/Users/ariel/Documents/Courses/Tesi/Code/RTOS/ADC_SingleConversion_TriggerSW_DMA/Src/stm32f7xx_it.c:58:6:HardFault_Handler	0	static
C:/Users/ariel/Documents/Courses/Tesi/Code/RTOS/ADC_SingleConversion_TriggerSW_DMA/Src/stm32f7xx_it.c:71:6:MemManage_Handler	0	static
C:/Users/ariel/Documents/Courses/Tesi/Code/RTOS/ADC_SingleConversion_TriggerSW_DMA/Src/stm32f7xx_it.c:84:6:BusFault_Handler	0	static
C:/Users/ariel/Documents/Courses/Tesi/Code/RTOS/ADC_SingleConversion_TriggerSW_DMA/Src/stm32f7xx_it.c:97:6:UsageFault_Handler	0	static
C:/Users/ariel/Documents/Courses/Tesi/Code/RTOS/ADC_SingleConversion_TriggerSW_DMA/Src/stm32f7xx_it.c:110:6:SVC_Handler	0	static
C:/Users/ariel/Documents/Courses/Tesi/Code/RTOS/ADC_SingleConversion_TriggerSW_DMA/Src/stm32f7xx_it.c:119:6:DebugMon_Handler	0	static
C:/Users/ariel/Documents/Courses/Tesi/Code/RTOS/ADC_SingleConversion_TriggerSW_DMA/Src/stm32f7xx_it.c:128:6:PendSV_Handler	0	static
C:/Users/ariel/Documents/Courses/Tesi/Code/RTOS/ADC_SingleConversion_TriggerSW_DMA/Src/stm32f7xx_it.c:137:6:SysTick_Handler	0	static
C:/Users/ariel/Documents/Courses/Tesi/Code/RTOS/ADC_SingleConversion_TriggerSW_DMA/Src/stm32f7xx_it.c:153:6:EXTI15_10_IRQHandler	8	static
C:/Users/ariel/Documents/Courses/Tesi/Code/RTOS/ADC_SingleConversion_TriggerSW_DMA/Src/stm32f7xx_it.c:173:6:ADC_IRQHandler	0	static
C:/Users/ariel/Documents/Courses/Tesi/Code/RTOS/ADC_SingleConversion_TriggerSW_DMA/Src/stm32f7xx_it.c:191:6:DMA2_Stream0_IRQHandler	8	static
