C:/Users/ariel/Documents/Courses/Tesi/Code/RTOS/UART_HyperTerminal_IT/Src/main.c:238:13:Error_Handler	1
C:/Users/ariel/Documents/Courses/Tesi/Code/RTOS/UART_HyperTerminal_IT/Src/main.c:65:5:main	13
C:/Users/ariel/Documents/Courses/Tesi/Code/RTOS/UART_HyperTerminal_IT/Src/main.c:254:6:UART_CharReception_Callback	2
C:/Users/ariel/Documents/Courses/Tesi/Code/RTOS/UART_HyperTerminal_IT/Src/main.c:271:6:UART_TXEmpty_Callback	4
C:/Users/ariel/Documents/Courses/Tesi/Code/RTOS/UART_HyperTerminal_IT/Src/main.c:290:6:UART_CharTransmitComplete_Callback	3
C:/Users/ariel/Documents/Courses/Tesi/Code/RTOS/UART_HyperTerminal_IT/Src/main.c:310:6:UART_Error_Callback	1
