C:/Users/ariel/Documents/Courses/Tesi/Code/RTOS/UART_HyperTerminal_IT/Src/main.c:238:13:Error_Handler	8	static
C:/Users/ariel/Documents/Courses/Tesi/Code/RTOS/UART_HyperTerminal_IT/Src/main.c:65:5:main	80	static,ignoring_inline_asm
C:/Users/ariel/Documents/Courses/Tesi/Code/RTOS/UART_HyperTerminal_IT/Src/main.c:254:6:UART_CharReception_Callback	0	static
C:/Users/ariel/Documents/Courses/Tesi/Code/RTOS/UART_HyperTerminal_IT/Src/main.c:271:6:UART_TXEmpty_Callback	8	static,ignoring_inline_asm
C:/Users/ariel/Documents/Courses/Tesi/Code/RTOS/UART_HyperTerminal_IT/Src/main.c:290:6:UART_CharTransmitComplete_Callback	0	static,ignoring_inline_asm
C:/Users/ariel/Documents/Courses/Tesi/Code/RTOS/UART_HyperTerminal_IT/Src/main.c:310:6:UART_Error_Callback	8	static,ignoring_inline_asm
