12:34:54 **** Incremental Build of configuration Debug for project Novelty ****
make -j8 all 
arm-none-eabi-size   Novelty.elf 
   text	   data	    bss	    dec	    hex	filename
  29228	    432	   3760	  33420	   828c	Novelty.elf
Finished building: default.size.stdout
 
12:34:56 **** Incremental Build of configuration Debug for project Novelty ****
make -j8 all 
arm-none-eabi-size   Novelty.elf 
   text	   data	    bss	    dec	    hex	filename
  29228	    432	   3760	  33420	   828c	Novelty.elf
Finished building: default.size.stdout
 
12:35:57 **** Incremental Build of configuration Debug for project Novelty ****
make -j8 all 
arm-none-eabi-size   Novelty.elf 
   text	   data	    bss	    dec	    hex	filename
  29228	    432	   3760	  33420	   828c	Novelty.elf
Finished building: default.size.stdout
 
12:37:22 **** Incremental Build of configuration Debug for project Novelty ****
make -j8 all 
arm-none-eabi-size   Novelty.elf 
   text	   data	    bss	    dec	    hex	filename
  29228	    432	   3760	  33420	   828c	Novelty.elf
Finished building: default.size.stdout
 
