16:50:22 **** Incremental Build of configuration Debug for project Novelty ****
make -j8 all 
arm-none-eabi-gcc "../Core/Src/main.c" -mcpu=cortex-m7 -std=gnu11 -g3 -DDEBUG -DUSE_HAL_DRIVER -DSTM32F767xx -c -I../Core/Inc -I../Drivers/STM32F7xx_HAL_Driver/Inc -I../Drivers/STM32F7xx_HAL_Driver/Inc/Legacy -I../Drivers/CMSIS/Device/ST/STM32F7xx/Include -I../Drivers/CMSIS/Include -I"C:/Users/ariel/Documents/Courses/Tesi/Code/RTOS/Novelty/wavelib/header" -O0 -ffunction-sections -fdata-sections -Wall -fstack-usage -fcyclomatic-complexity -MMD -MP -MF"Core/Src/main.d" -MT"Core/Src/main.o" --specs=nano.specs -mfpu=fpv5-d16 -mfloat-abi=hard -mthumb -o "Core/Src/main.o"
../Core/Src/main.c: In function 'main':
../Core/Src/main.c:107:14: warning: unused variable 'buf' [-Wunused-variable]
  107 |         char buf[100];
      |              ^~~
../Core/Src/main.c: In function 'HAL_GPIO_EXTI_Callback':
../Core/Src/main.c:506:17: warning: implicit declaration of function 'printf' [-Wimplicit-function-declaration]
  506 |                 printf("Unknown GPIO interrupt happened");
      |                 ^~~~~~
../Core/Src/main.c:30:1: note: include '<stdio.h>' or provide a declaration of 'printf'
   29 | #include "retarget.h"
  +++ |+#include <stdio.h>
   30 | /* USER CODE END Includes */
../Core/Src/main.c:506:17: warning: incompatible implicit declaration of built-in function 'printf' [-Wbuiltin-declaration-mismatch]
  506 |                 printf("Unknown GPIO interrupt happened");
      |                 ^~~~~~
../Core/Src/main.c:506:17: note: include '<stdio.h>' or provide a declaration of 'printf'
../Core/Src/main.c: In function 'HAL_ADC_ConvCpltCallback':
../Core/Src/main.c:510:9: warning: incompatible implicit declaration of built-in function 'printf' [-Wbuiltin-declaration-mismatch]
  510 |         printf("ANALOG CONVERSION COMPLETED.\r\n");
      |         ^~~~~~
../Core/Src/main.c:510:9: note: include '<stdio.h>' or provide a declaration of 'printf'
../Core/Src/main.c:511:20: warning: passing argument 1 of 'printarray' from incompatible pointer type [-Wincompatible-pointer-types]
  511 |         printarray(&adc_buf,ADC_BUF_LEN);
      |                    ^~~~~~~~
      |                    |
      |                    uint16_t (*)[10] {aka short unsigned int (*)[10]}
In file included from ../Core/Src/main.c:25:
../Core/Inc/mylib.h:19:33: note: expected 'const uint16_t *' {aka 'const short unsigned int *'} but argument is of type 'uint16_t (*)[10]' {aka 'short unsigned int (*)[10]'}
   19 | void printarray(const uint16_t *uintarray, size_t length);
      |                 ~~~~~~~~~~~~~~~~^~~~~~~~~
arm-none-eabi-gcc -o "Novelty.elf" @"objects.list"   -mcpu=cortex-m7 -T"C:\Users\ariel\Documents\Courses\Tesi\Code\RTOS\Novelty\STM32F767ZITX_FLASH.ld" --specs=nosys.specs -Wl,-Map="Novelty.map" -Wl,--gc-sections -static --specs=nano.specs -mfpu=fpv5-d16 -mfloat-abi=hard -mthumb -Wl,--start-group -lc -lm -Wl,--end-group
Finished building target: Novelty.elf
 
arm-none-eabi-size   Novelty.elf 
arm-none-eabi-objdump -h -S  Novelty.elf  > "Novelty.list"
   text	   data	    bss	    dec	    hex	filename
  27584	    432	   3840	  31856	   7c70	Novelty.elf
Finished building: default.size.stdout
 
Finished building: Novelty.list
 

16:50:24 Build Finished. 0 errors, 5 warnings. (took 1s.378ms)

