../Core/Src/main.c:99:5:main	80	static
../Core/Src/main.c:183:6:SystemClock_Config	88	static
../Core/Src/main.c:241:13:MX_ETH_Init	8	static
../Core/Src/main.c:290:13:MX_USART3_UART_Init	8	static
../Core/Src/main.c:325:13:MX_USB_OTG_FS_PCD_Init	8	static
../Core/Src/main.c:360:13:MX_GPIO_Init	56	static
../Core/Src/main.c:411:6:HAL_GPIO_EXTI_Callback	16	static
../Core/Src/main.c:427:6:Task1_App	16	static
../Core/Src/main.c:446:6:Task2_App	16	static
../Core/Src/main.c:466:6:HAL_TIM_PeriodElapsedCallback	16	static
../Core/Src/main.c:483:6:Error_Handler	4	static,ignoring_inline_asm
