../Core/Src/main.c:110:5:main	8	static
../Core/Src/main.c:162:6:SystemClock_Config	88	static
../Core/Src/main.c:221:13:MX_ADC1_Init	24	static
../Core/Src/main.c:273:13:MX_ETH_Init	8	static
../Core/Src/main.c:322:13:MX_RTC_Init	8	static
../Core/Src/main.c:357:13:MX_TIM6_Init	24	static
../Core/Src/main.c:395:13:MX_USART3_UART_Init	8	static
../Core/Src/main.c:430:13:MX_USB_OTG_FS_PCD_Init	8	static
../Core/Src/main.c:465:13:MX_GPIO_Init	56	static
../Core/Src/main.c:520:6:HAL_GPIO_EXTI_Callback	16	static
../Core/Src/main.c:530:6:HAL_TIM_PeriodElapsedCallback	16	static
../Core/Src/main.c:546:6:printTimestamp	88	static
../Core/Src/main.c:561:6:Error_Handler	8	static,ignoring_inline_asm
