../Core/Src/main.c:124:5:main	16	static
../Core/Src/main.c:180:6:SystemClock_Config	88	static
../Core/Src/main.c:239:13:MX_ADC1_Init	24	static
../Core/Src/main.c:291:13:MX_ETH_Init	8	static
../Core/Src/main.c:340:13:MX_RTC_Init	32	static
../Core/Src/main.c:403:13:MX_TIM6_Init	24	static
../Core/Src/main.c:441:13:MX_USART3_UART_Init	8	static
../Core/Src/main.c:476:13:MX_USB_OTG_FS_PCD_Init	8	static
../Core/Src/main.c:511:13:MX_GPIO_Init	56	static
../Core/Src/main.c:566:6:setRTCclock	72	static
../Core/Src/main.c:603:6:get_time	56	static
../Core/Src/main.c:616:6:acquireSnapshot	4	static
../Core/Src/main.c:622:8:calcSnapDistanceError	40	static
../Core/Src/main.c:638:6:std_sclr	16	static
../Core/Src/main.c:646:6:snapReadyHandler	16	static
../Core/Src/main.c:677:6:USR_BTN_handler	16	static
../Core/Src/main.c:714:6:HAL_GPIO_EXTI_Callback	16	static
../Core/Src/main.c:724:6:HAL_UART_RxCpltCallback	16	static
../Core/Src/main.c:731:6:HAL_TIM_PeriodElapsedCallback	16	static
../Core/Src/main.c:753:6:Error_Handler	4	static,ignoring_inline_asm
