Archive member included to satisfy reference by file (symbol)

C:/ST/STM32CubeIDE_1.13.2/STM32CubeIDE/plugins/com.st.stm32cube.ide.mcu.externaltools.gnu-tools-for-stm32.11.3.rel1.win32_1.1.1.202309131626/tools/bin/../lib/gcc/arm-none-eabi/11.3.1/../../../../arm-none-eabi/lib/thumb/v7e-m+dp/hard\libc_nano.a(libc_a-exit.o)
                              C:/ST/STM32CubeIDE_1.13.2/STM32CubeIDE/plugins/com.st.stm32cube.ide.mcu.externaltools.gnu-tools-for-stm32.11.3.rel1.win32_1.1.1.202309131626/tools/bin/../lib/gcc/arm-none-eabi/11.3.1/../../../../arm-none-eabi/lib/thumb/v7e-m+dp/hard/crt0.o (exit)
C:/ST/STM32CubeIDE_1.13.2/STM32CubeIDE/plugins/com.st.stm32cube.ide.mcu.externaltools.gnu-tools-for-stm32.11.3.rel1.win32_1.1.1.202309131626/tools/bin/../lib/gcc/arm-none-eabi/11.3.1/../../../../arm-none-eabi/lib/thumb/v7e-m+dp/hard\libc_nano.a(libc_a-findfp.o)
                              C:/ST/STM32CubeIDE_1.13.2/STM32CubeIDE/plugins/com.st.stm32cube.ide.mcu.externaltools.gnu-tools-for-stm32.11.3.rel1.win32_1.1.1.202309131626/tools/bin/../lib/gcc/arm-none-eabi/11.3.1/../../../../arm-none-eabi/lib/thumb/v7e-m+dp/hard\libc_nano.a(libc_a-exit.o) (__stdio_exit_handler)
C:/ST/STM32CubeIDE_1.13.2/STM32CubeIDE/plugins/com.st.stm32cube.ide.mcu.externaltools.gnu-tools-for-stm32.11.3.rel1.win32_1.1.1.202309131626/tools/bin/../lib/gcc/arm-none-eabi/11.3.1/../../../../arm-none-eabi/lib/thumb/v7e-m+dp/hard\libc_nano.a(libc_a-fwalk.o)
                              C:/ST/STM32CubeIDE_1.13.2/STM32CubeIDE/plugins/com.st.stm32cube.ide.mcu.externaltools.gnu-tools-for-stm32.11.3.rel1.win32_1.1.1.202309131626/tools/bin/../lib/gcc/arm-none-eabi/11.3.1/../../../../arm-none-eabi/lib/thumb/v7e-m+dp/hard\libc_nano.a(libc_a-findfp.o) (_fwalk_sglue)
C:/ST/STM32CubeIDE_1.13.2/STM32CubeIDE/plugins/com.st.stm32cube.ide.mcu.externaltools.gnu-tools-for-stm32.11.3.rel1.win32_1.1.1.202309131626/tools/bin/../lib/gcc/arm-none-eabi/11.3.1/../../../../arm-none-eabi/lib/thumb/v7e-m+dp/hard\libc_nano.a(libc_a-printf.o)
                              ./Example/User/main.o (printf)
C:/ST/STM32CubeIDE_1.13.2/STM32CubeIDE/plugins/com.st.stm32cube.ide.mcu.externaltools.gnu-tools-for-stm32.11.3.rel1.win32_1.1.1.202309131626/tools/bin/../lib/gcc/arm-none-eabi/11.3.1/../../../../arm-none-eabi/lib/thumb/v7e-m+dp/hard\libc_nano.a(libc_a-stdio.o)
                              C:/ST/STM32CubeIDE_1.13.2/STM32CubeIDE/plugins/com.st.stm32cube.ide.mcu.externaltools.gnu-tools-for-stm32.11.3.rel1.win32_1.1.1.202309131626/tools/bin/../lib/gcc/arm-none-eabi/11.3.1/../../../../arm-none-eabi/lib/thumb/v7e-m+dp/hard\libc_nano.a(libc_a-findfp.o) (__sread)
C:/ST/STM32CubeIDE_1.13.2/STM32CubeIDE/plugins/com.st.stm32cube.ide.mcu.externaltools.gnu-tools-for-stm32.11.3.rel1.win32_1.1.1.202309131626/tools/bin/../lib/gcc/arm-none-eabi/11.3.1/../../../../arm-none-eabi/lib/thumb/v7e-m+dp/hard\libc_nano.a(libc_a-memset.o)
                              C:/ST/STM32CubeIDE_1.13.2/STM32CubeIDE/plugins/com.st.stm32cube.ide.mcu.externaltools.gnu-tools-for-stm32.11.3.rel1.win32_1.1.1.202309131626/tools/bin/../lib/gcc/arm-none-eabi/11.3.1/../../../../arm-none-eabi/lib/thumb/v7e-m+dp/hard/crt0.o (memset)
C:/ST/STM32CubeIDE_1.13.2/STM32CubeIDE/plugins/com.st.stm32cube.ide.mcu.externaltools.gnu-tools-for-stm32.11.3.rel1.win32_1.1.1.202309131626/tools/bin/../lib/gcc/arm-none-eabi/11.3.1/../../../../arm-none-eabi/lib/thumb/v7e-m+dp/hard\libc_nano.a(libc_a-closer.o)
                              C:/ST/STM32CubeIDE_1.13.2/STM32CubeIDE/plugins/com.st.stm32cube.ide.mcu.externaltools.gnu-tools-for-stm32.11.3.rel1.win32_1.1.1.202309131626/tools/bin/../lib/gcc/arm-none-eabi/11.3.1/../../../../arm-none-eabi/lib/thumb/v7e-m+dp/hard\libc_nano.a(libc_a-stdio.o) (_close_r)
C:/ST/STM32CubeIDE_1.13.2/STM32CubeIDE/plugins/com.st.stm32cube.ide.mcu.externaltools.gnu-tools-for-stm32.11.3.rel1.win32_1.1.1.202309131626/tools/bin/../lib/gcc/arm-none-eabi/11.3.1/../../../../arm-none-eabi/lib/thumb/v7e-m+dp/hard\libc_nano.a(libc_a-reent.o)
                              C:/ST/STM32CubeIDE_1.13.2/STM32CubeIDE/plugins/com.st.stm32cube.ide.mcu.externaltools.gnu-tools-for-stm32.11.3.rel1.win32_1.1.1.202309131626/tools/bin/../lib/gcc/arm-none-eabi/11.3.1/../../../../arm-none-eabi/lib/thumb/v7e-m+dp/hard\libc_nano.a(libc_a-closer.o) (errno)
C:/ST/STM32CubeIDE_1.13.2/STM32CubeIDE/plugins/com.st.stm32cube.ide.mcu.externaltools.gnu-tools-for-stm32.11.3.rel1.win32_1.1.1.202309131626/tools/bin/../lib/gcc/arm-none-eabi/11.3.1/../../../../arm-none-eabi/lib/thumb/v7e-m+dp/hard\libc_nano.a(libc_a-impure.o)
                              C:/ST/STM32CubeIDE_1.13.2/STM32CubeIDE/plugins/com.st.stm32cube.ide.mcu.externaltools.gnu-tools-for-stm32.11.3.rel1.win32_1.1.1.202309131626/tools/bin/../lib/gcc/arm-none-eabi/11.3.1/../../../../arm-none-eabi/lib/thumb/v7e-m+dp/hard\libc_nano.a(libc_a-printf.o) (_impure_ptr)
[...]
Memory Configuration

Name             Origin             Length             Attributes
FLASH            0x0000000008000000 0x0000000000200000 xr
RAM              0x0000000020000000 0x0000000000080000 xrw
*default*        0x0000000000000000 0xffffffffffffffff

Linker script and memory map

LOAD C:/ST/STM32CubeIDE_1.13.2/STM32CubeIDE/plugins/com.st.stm32cube.ide.mcu.externaltools.gnu-tools-for-stm32.11.3.rel1.win32_1.1.1.202309131626/tools/bin/../lib/gcc/arm-none-eabi/11.3.1/thumb/v7e-m+dp/hard/crti.o
LOAD C:/ST/STM32CubeIDE_1.13.2/STM32CubeIDE/plugins/com.st.stm32cube.ide.mcu.externaltools.gnu-tools-for-stm32.11.3.rel1.win32_1.1.1.202309131626/tools/bin/../lib/gcc/arm-none-eabi/11.3.1/thumb/v7e-m+dp/hard/crtbegin.o
LOAD C:/ST/STM32CubeIDE_1.13.2/STM32CubeIDE/plugins/com.st.stm32cube.ide.mcu.externaltools.gnu-tools-for-stm32.11.3.rel1.win32_1.1.1.202309131626/tools/bin/../lib/gcc/arm-none-eabi/11.3.1/../../../../arm-none-eabi/lib/thumb/v7e-m+dp/hard/crt0.o
LOAD ./Drivers/BSP/STM32F767ZI-Nucleo/stm32f7xx_nucleo_144.o
LOAD ./Drivers/CMSIS/system_stm32f7xx.o
LOAD ./Drivers/STM32F7xx_HAL_Driver/stm32f7xx_hal.o
LOAD ./Drivers/STM32F7xx_HAL_Driver/stm32f7xx_hal_cortex.o
LOAD ./Drivers/STM32F7xx_HAL_Driver/stm32f7xx_hal_dma.o
LOAD ./Drivers/STM32F7xx_HAL_Driver/stm32f7xx_hal_gpio.o
LOAD ./Drivers/STM32F7xx_HAL_Driver/stm32f7xx_hal_i2c.o
LOAD ./Drivers/STM32F7xx_HAL_Driver/stm32f7xx_hal_i2c_ex.o
LOAD ./Drivers/STM32F7xx_HAL_Driver/stm32f7xx_hal_pwr_ex.o
LOAD ./Drivers/STM32F7xx_HAL_Driver/stm32f7xx_hal_rcc.o
LOAD ./Drivers/STM32F7xx_HAL_Driver/stm32f7xx_hal_rcc_ex.o
LOAD ./Drivers/STM32F7xx_HAL_Driver/stm32f7xx_hal_rng.o
LOAD ./Drivers/STM32F7xx_HAL_Driver/stm32f7xx_hal_tim_ex.o
LOAD ./Drivers/STM32F7xx_HAL_Driver/stm32f7xx_hal_uart.o
LOAD ./Example/SW4STM32/startup_stm32f767xx.o
LOAD ./Example/SW4STM32/syscalls.o
LOAD ./Example/User/main.o
LOAD ./Example/User/stm32f7xx_hal_msp.o
LOAD ./Example/User/stm32f7xx_it.o
START GROUP
LOAD C:/ST/STM32CubeIDE_1.13.2/STM32CubeIDE/plugins/com.st.stm32cube.ide.mcu.externaltools.gnu-tools-for-stm32.11.3.rel1.win32_1.1.1.202309131626/tools/bin/../lib/gcc/arm-none-eabi/11.3.1/../../../../arm-none-eabi/lib/thumb/v7e-m+dp/hard\libc_nano.a
LOAD C:/ST/STM32CubeIDE_1.13.2/STM32CubeIDE/plugins/com.st.stm32cube.ide.mcu.externaltools.gnu-tools-for-stm32.11.3.rel1.win32_1.1.1.202309131626/tools/bin/../lib/gcc/arm-none-eabi/11.3.1/../../../../arm-none-eabi/lib/thumb/v7e-m+dp/hard\libm.a
END GROUP
START GROUP
LOAD C:/ST/STM32CubeIDE_1.13.2/STM32CubeIDE/plugins/com.st.stm32cube.ide.mcu.externaltools.gnu-tools-for-stm32.11.3.rel1.win32_1.1.1.202309131626/tools/bin/../lib/gcc/arm-none-eabi/11.3.1/thumb/v7e-m+dp/hard\libgcc.a
LOAD C:/ST/STM32CubeIDE_1.13.2/STM32CubeIDE/plugins/com.st.stm32cube.ide.mcu.externaltools.gnu-tools-for-stm32.11.3.rel1.win32_1.1.1.202309131626/tools/bin/../lib/gcc/arm-none-eabi/11.3.1/../../../../arm-none-eabi/lib/thumb/v7e-m+dp/hard\libc_nano.a
END GROUP
START GROUP
LOAD C:/ST/STM32CubeIDE_1.13.2/STM32CubeIDE/plugins/com.st.stm32cube.ide.mcu.externaltools.gnu-tools-for-stm32.11.3.rel1.win32_1.1.1.202309131626/tools/bin/../lib/gcc/arm-none-eabi/11.3.1/thumb/v7e-m+dp/hard\libgcc.a
LOAD C:/ST/STM32CubeIDE_1.13.2/STM32CubeIDE/plugins/com.st.stm32cube.ide.mcu.externaltools.gnu-tools-for-stm32.11.3.rel1.win32_1.1.1.202309131626/tools/bin/../lib/gcc/arm-none-eabi/11.3.1/../../../../arm-none-eabi/lib/thumb/v7e-m+dp/hard\libc_nano.a
LOAD C:/ST/STM32CubeIDE_1.13.2/STM32CubeIDE/plugins/com.st.stm32cube.ide.mcu.externaltools.gnu-tools-for-stm32.11.3.rel1.win32_1.1.1.202309131626/tools/bin/../lib/gcc/arm-none-eabi/11.3.1/../../../../arm-none-eabi/lib/thumb/v7e-m+dp/hard\libnosys.a
END GROUP
START GROUP
LOAD C:/ST/STM32CubeIDE_1.13.2/STM32CubeIDE/plugins/com.st.stm32cube.ide.mcu.externaltools.gnu-tools-for-stm32.11.3.rel1.win32_1.1.1.202309131626/tools/bin/../lib/gcc/arm-none-eabi/11.3.1/thumb/v7e-m+dp/hard\libgcc.a
LOAD C:/ST/STM32CubeIDE_1.13.2/STM32CubeIDE/plugins/com.st.stm32cube.ide.mcu.externaltools.gnu-tools-for-stm32.11.3.rel1.win32_1.1.1.202309131626/tools/bin/../lib/gcc/arm-none-eabi/11.3.1/../../../../arm-none-eabi/lib/thumb/v7e-m+dp/hard\libc_nano.a
LOAD C:/ST/STM32CubeIDE_1.13.2/STM32CubeIDE/plugins/com.st.stm32cube.ide.mcu.externaltools.gnu-tools-for-stm32.11.3.rel1.win32_1.1.1.202309131626/tools/bin/../lib/gcc/arm-none-eabi/11.3.1/../../../../arm-none-eabi/lib/thumb/v7e-m+dp/hard\libnosys.a
END GROUP
LOAD C:/ST/STM32CubeIDE_1.13.2/STM32CubeIDE/plugins/com.st.stm32cube.ide.mcu.externaltools.gnu-tools-for-stm32.11.3.rel1.win32_1.1.1.202309131626/tools/bin/../lib/gcc/arm-none-eabi/11.3.1/thumb/v7e-m+dp/hard/crtend.o
LOAD C:/ST/STM32CubeIDE_1.13.2/STM32CubeIDE/plugins/com.st.stm32cube.ide.mcu.externaltools.gnu-tools-for-stm32.11.3.rel1.win32_1.1.1.202309131626/tools/bin/../lib/gcc/arm-none-eabi/11.3.1/thumb/v7e-m+dp/hard/crtn.o
                0x0000000020080000                _estack = 0x20080000
                0x0000000000000200                _Min_Heap_Size = 0x200
                0x0000000000000400                _Min_Stack_Size = 0x400

.isr_vector     0x0000000008000000      0x1f8
                0x0000000008000000                . = ALIGN (0x4)
 *(.isr_vector)
 .isr_vector    0x0000000008000000      0x1f8 ./Example/SW4STM32/startup_stm32f767xx.o
                0x0000000008000000                g_pfnVectors
                0x00000000080001f8                . = ALIGN (0x4)

.text           0x0000000008000200     0x2a48
                0x0000000008000200                . = ALIGN (0x4)
 *(.text)
 .text          0x0000000008000200       0x40 C:/ST/STM32CubeIDE_1.13.2/STM32CubeIDE/plugins/com.st.stm32cube.ide.mcu.externaltools.gnu-tools-for-stm32.11.3.rel1.win32_1.1.1.202309131626/tools/bin/../lib/gcc/arm-none-eabi/11.3.1/thumb/v7e-m+dp/hard/crtbegin.o
 .text          0x0000000008000240       0xa0 C:/ST/STM32CubeIDE_1.13.2/STM32CubeIDE/plugins/com.st.stm32cube.ide.mcu.externaltools.gnu-tools-for-stm32.11.3.rel1.win32_1.1.1.202309131626/tools/bin/../lib/gcc/arm-none-eabi/11.3.1/../../../../arm-none-eabi/lib/thumb/v7e-m+dp/hard\libc_nano.a(libc_a-memchr.o)
                0x0000000008000240                memchr
 .text          0x00000000080002e0       0x30 C:/ST/STM32CubeIDE_1.13.2/STM32CubeIDE/plugins/com.st.stm32cube.ide.mcu.externaltools.gnu-tools-for-stm32.11.3.rel1.win32_1.1.1.202309131626/tools/bin/../lib/gcc/arm-none-eabi/11.3.1/thumb/v7e-m+dp/hard\libgcc.a(_aeabi_uldivmod.o)
                0x00000000080002e0                __aeabi_uldivmod
 .text          0x0000000008000310      0x2c8 C:/ST/STM32CubeIDE_1.13.2/STM32CubeIDE/plugins/com.st.stm32cube.ide.mcu.externaltools.gnu-tools-for-stm32.11.3.rel1.win32_1.1.1.202309131626/tools/bin/../lib/gcc/arm-none-eabi/11.3.1/thumb/v7e-m+dp/hard\libgcc.a(_udivmoddi4.o)
                0x0000000008000310                __udivmoddi4
 .text          0x00000000080005d8        0x4 C:/ST/STM32CubeIDE_1.13.2/STM32CubeIDE/plugins/com.st.stm32cube.ide.mcu.externaltools.gnu-tools-for-stm32.11.3.rel1.win32_1.1.1.202309131626/tools/bin/../lib/gcc/arm-none-eabi/11.3.1/thumb/v7e-m+dp/hard\libgcc.a(_dvmd_tls.o)
                0x00000000080005d8                __aeabi_idiv0
                0x00000000080005d8                __aeabi_ldiv0
 *(.text*)
 .text.BSP_LED_Init
                0x00000000080005dc       0x60 ./Drivers/BSP/STM32F767ZI-Nucleo/stm32f7xx_nucleo_144.o
                0x00000000080005dc                BSP_LED_Init
 .text.BSP_LED_On
                0x000000000800063c       0x1c ./Drivers/BSP/STM32F767ZI-Nucleo/stm32f7xx_nucleo_144.o
                0x000000000800063c                BSP_LED_On
 .text.SystemInit
                0x0000000008000658       0x4c ./Drivers/CMSIS/system_stm32f7xx.o
                0x0000000008000658                SystemInit
 .text.HAL_MspInit
                0x00000000080006a4        0x2 ./Drivers/STM32F7xx_HAL_Driver/stm32f7xx_hal.o
                0x00000000080006a4                HAL_MspInit
 *fill*         0x00000000080006a6        0x2 
 .text.HAL_InitTick
                0x00000000080006a8       0x44 ./Drivers/STM32F7xx_HAL_Driver/stm32f7xx_hal.o
                0x00000000080006a8                HAL_InitTick
 .text.HAL_Init
                0x00000000080006ec       0x2c ./Drivers/STM32F7xx_HAL_Driver/stm32f7xx_hal.o
                0x00000000080006ec                HAL_Init
 .text.HAL_IncTick
                0x0000000008000718       0x18 ./Drivers/STM32F7xx_HAL_Driver/stm32f7xx_hal.o
                0x0000000008000718                HAL_IncTick
 .text.HAL_GetTick
                0x0000000008000730        0xc ./Drivers/STM32F7xx_HAL_Driver/stm32f7xx_hal.o
                0x0000000008000730                HAL_GetTick
 .text.HAL_NVIC_SetPriorityGrouping
                0x000000000800073c       0x24 ./Drivers/STM32F7xx_HAL_Driver/stm32f7xx_hal_cortex.o
                0x000000000800073c                HAL_NVIC_SetPriorityGrouping
 .text.HAL_NVIC_SetPriority
                0x0000000008000760       0x64 ./Drivers/STM32F7xx_HAL_Driver/stm32f7xx_hal_cortex.o
                0x0000000008000760                HAL_NVIC_SetPriority
 .text.HAL_SYSTICK_Config
                0x00000000080007c4       0x28 ./Drivers/STM32F7xx_HAL_Driver/stm32f7xx_hal_cortex.o
                0x00000000080007c4                HAL_SYSTICK_Config
 .text.HAL_MPU_Disable
                0x00000000080007ec       0x1c ./Drivers/STM32F7xx_HAL_Driver/stm32f7xx_hal_cortex.o
                0x00000000080007ec                HAL_MPU_Disable
 .text.HAL_MPU_Enable
                0x0000000008000808       0x20 ./Drivers/STM32F7xx_HAL_Driver/stm32f7xx_hal_cortex.o
                0x0000000008000808                HAL_MPU_Enable
 .text.HAL_MPU_ConfigRegion
                0x0000000008000828       0x58 ./Drivers/STM32F7xx_HAL_Driver/stm32f7xx_hal_cortex.o
                0x0000000008000828                HAL_MPU_ConfigRegion
 .text.HAL_GPIO_Init
                0x0000000008000880      0x1c4 ./Drivers/STM32F7xx_HAL_Driver/stm32f7xx_hal_gpio.o
                0x0000000008000880                HAL_GPIO_Init
 .text.HAL_GPIO_WritePin
                0x0000000008000a44        0xa ./Drivers/STM32F7xx_HAL_Driver/stm32f7xx_hal_gpio.o
                0x0000000008000a44                HAL_GPIO_WritePin
 *fill*         0x0000000008000a4e        0x2 
 .text.HAL_PWREx_EnableOverDrive
                0x0000000008000a50       0x70 ./Drivers/STM32F7xx_HAL_Driver/stm32f7xx_hal_pwr_ex.o
                0x0000000008000a50                HAL_PWREx_EnableOverDrive
 .text.HAL_RCC_OscConfig
                0x0000000008000ac0      0x384 ./Drivers/STM32F7xx_HAL_Driver/stm32f7xx_hal_rcc.o
                0x0000000008000ac0                HAL_RCC_OscConfig
 .text.HAL_RCC_GetSysClockFreq
                0x0000000008000e44       0x5c ./Drivers/STM32F7xx_HAL_Driver/stm32f7xx_hal_rcc.o
                0x0000000008000e44                HAL_RCC_GetSysClockFreq
 .text.HAL_RCC_ClockConfig
                0x0000000008000ea0      0x13c ./Drivers/STM32F7xx_HAL_Driver/stm32f7xx_hal_rcc.o
                0x0000000008000ea0                HAL_RCC_ClockConfig
 .text.HAL_RCC_GetPCLK1Freq
                0x0000000008000fdc       0x20 ./Drivers/STM32F7xx_HAL_Driver/stm32f7xx_hal_rcc.o
                0x0000000008000fdc                HAL_RCC_GetPCLK1Freq
 .text.HAL_RCC_GetPCLK2Freq
                0x0000000008000ffc       0x20 ./Drivers/STM32F7xx_HAL_Driver/stm32f7xx_hal_rcc.o
                0x0000000008000ffc                HAL_RCC_GetPCLK2Freq
 .text.HAL_RCCEx_PeriphCLKConfig
                0x000000000800101c      0x55c ./Drivers/STM32F7xx_HAL_Driver/stm32f7xx_hal_rcc_ex.o
                0x000000000800101c                HAL_RCCEx_PeriphCLKConfig
 .text.UART_SetConfig
                0x0000000008001578      0x28c ./Drivers/STM32F7xx_HAL_Driver/stm32f7xx_hal_uart.o
                0x0000000008001578                UART_SetConfig
 .text.UART_AdvFeatureConfig
                0x0000000008001804       0xaa ./Drivers/STM32F7xx_HAL_Driver/stm32f7xx_hal_uart.o
                0x0000000008001804                UART_AdvFeatureConfig
 .text.UART_WaitOnFlagUntilTimeout
                0x00000000080018ae       0xc0 ./Drivers/STM32F7xx_HAL_Driver/stm32f7xx_hal_uart.o
                0x00000000080018ae                UART_WaitOnFlagUntilTimeout
 .text.HAL_UART_Transmit
                0x000000000800196e       0xa0 ./Drivers/STM32F7xx_HAL_Driver/stm32f7xx_hal_uart.o
                0x000000000800196e                HAL_UART_Transmit
 .text.UART_CheckIdleState
                0x0000000008001a0e       0x6a ./Drivers/STM32F7xx_HAL_Driver/stm32f7xx_hal_uart.o
                0x0000000008001a0e                UART_CheckIdleState
 .text.HAL_UART_Init
                0x0000000008001a78       0x5c ./Drivers/STM32F7xx_HAL_Driver/stm32f7xx_hal_uart.o
                0x0000000008001a78                HAL_UART_Init
 .text.Reset_Handler
                0x0000000008001ad4       0x50 ./Example/SW4STM32/startup_stm32f767xx.o
                0x0000000008001ad4                Reset_Handler
 .text.Default_Handler
                0x0000000008001b24        0x2 ./Example/SW4STM32/startup_stm32f767xx.o
                0x0000000008001b24                RTC_Alarm_IRQHandler
                0x0000000008001b24                EXTI2_IRQHandler
                0x0000000008001b24                TIM8_CC_IRQHandler
                0x0000000008001b24                UART8_IRQHandler
                0x0000000008001b24                SPI4_IRQHandler
                0x0000000008001b24                TIM1_CC_IRQHandler
                0x0000000008001b24                DMA2_Stream5_IRQHandler
                0x0000000008001b24                JPEG_IRQHandler
                0x0000000008001b24                DMA1_Stream5_IRQHandler
                0x0000000008001b24                CAN3_RX1_IRQHandler
                0x0000000008001b24                PVD_IRQHandler
                0x0000000008001b24                TAMP_STAMP_IRQHandler
                0x0000000008001b24                CAN2_RX1_IRQHandler
                0x0000000008001b24                EXTI3_IRQHandler
                0x0000000008001b24                TIM8_TRG_COM_TIM14_IRQHandler
                0x0000000008001b24                DFSDM1_FLT1_IRQHandler
                0x0000000008001b24                TIM1_UP_TIM10_IRQHandler
                0x0000000008001b24                TIM8_UP_TIM13_IRQHandler
                0x0000000008001b24                I2C3_ER_IRQHandler
                0x0000000008001b24                DFSDM1_FLT2_IRQHandler
                0x0000000008001b24                EXTI0_IRQHandler
                0x0000000008001b24                I2C2_EV_IRQHandler
                0x0000000008001b24                DMA1_Stream2_IRQHandler
                0x0000000008001b24                CAN1_RX0_IRQHandler
                0x0000000008001b24                FPU_IRQHandler
                0x0000000008001b24                OTG_HS_WKUP_IRQHandler
                0x0000000008001b24                CAN3_SCE_IRQHandler
                0x0000000008001b24                LTDC_ER_IRQHandler
                0x0000000008001b24                CAN2_SCE_IRQHandler
                0x0000000008001b24                DMA2_Stream2_IRQHandler
                0x0000000008001b24                SPI1_IRQHandler
                0x0000000008001b24                TIM6_DAC_IRQHandler
                0x0000000008001b24                TIM1_BRK_TIM9_IRQHandler
                0x0000000008001b24                DCMI_IRQHandler
                0x0000000008001b24                CAN2_RX0_IRQHandler
                0x0000000008001b24                DMA2_Stream3_IRQHandler
                0x0000000008001b24                SAI2_IRQHandler
                0x0000000008001b24                DFSDM1_FLT3_IRQHandler
                0x0000000008001b24                USART6_IRQHandler
                0x0000000008001b24                CAN3_RX0_IRQHandler
                0x0000000008001b24                USART3_IRQHandler
                0x0000000008001b24                CAN1_RX1_IRQHandler
                0x0000000008001b24                UART5_IRQHandler
                0x0000000008001b24                DMA2_Stream0_IRQHandler
                0x0000000008001b24                TIM4_IRQHandler
                0x0000000008001b24                QUADSPI_IRQHandler
                0x0000000008001b24                I2C1_EV_IRQHandler
                0x0000000008001b24                DMA1_Stream6_IRQHandler
                0x0000000008001b24                DMA1_Stream1_IRQHandler
                0x0000000008001b24                UART4_IRQHandler
                0x0000000008001b24                TIM3_IRQHandler
                0x0000000008001b24                RCC_IRQHandler
                0x0000000008001b24                TIM8_BRK_TIM12_IRQHandler
                0x0000000008001b24                Default_Handler
                0x0000000008001b24                CEC_IRQHandler
                0x0000000008001b24                EXTI15_10_IRQHandler
                0x0000000008001b24                ADC_IRQHandler
                0x0000000008001b24                DMA1_Stream7_IRQHandler
                0x0000000008001b24                SPI5_IRQHandler
                0x0000000008001b24                TIM7_IRQHandler
                0x0000000008001b24                SDMMC1_IRQHandler
                0x0000000008001b24                CAN2_TX_IRQHandler
                0x0000000008001b24                TIM5_IRQHandler
                0x0000000008001b24                DMA2_Stream7_IRQHandler
                0x0000000008001b24                I2C3_EV_IRQHandler
                0x0000000008001b24                EXTI9_5_IRQHandler
                0x0000000008001b24                RTC_WKUP_IRQHandler
                0x0000000008001b24                LTDC_IRQHandler
                0x0000000008001b24                ETH_WKUP_IRQHandler
                0x0000000008001b24                SPDIF_RX_IRQHandler
                0x0000000008001b24                SPI2_IRQHandler
                0x0000000008001b24                OTG_HS_EP1_IN_IRQHandler
                0x0000000008001b24                DMA1_Stream0_IRQHandler
                0x0000000008001b24                CAN1_TX_IRQHandler
                0x0000000008001b24                EXTI4_IRQHandler
                0x0000000008001b24                RNG_IRQHandler
                0x0000000008001b24                ETH_IRQHandler
                0x0000000008001b24                OTG_HS_EP1_OUT_IRQHandler
                0x0000000008001b24                WWDG_IRQHandler
                0x0000000008001b24                SPI6_IRQHandler
                0x0000000008001b24                MDIOS_IRQHandler
                0x0000000008001b24                I2C4_EV_IRQHandler
                0x0000000008001b24                CAN3_TX_IRQHandler
                0x0000000008001b24                TIM2_IRQHandler
                0x0000000008001b24                OTG_FS_WKUP_IRQHandler
                0x0000000008001b24                TIM1_TRG_COM_TIM11_IRQHandler
                0x0000000008001b24                OTG_HS_IRQHandler
                0x0000000008001b24                DMA2D_IRQHandler
                0x0000000008001b24                EXTI1_IRQHandler
                0x0000000008001b24                SDMMC2_IRQHandler
                0x0000000008001b24                UART7_IRQHandler
                0x0000000008001b24                USART2_IRQHandler
                0x0000000008001b24                DFSDM1_FLT0_IRQHandler
                0x0000000008001b24                I2C2_ER_IRQHandler
                0x0000000008001b24                DMA2_Stream1_IRQHandler
                0x0000000008001b24                CAN1_SCE_IRQHandler
                0x0000000008001b24                FLASH_IRQHandler
                0x0000000008001b24                DMA2_Stream4_IRQHandler
                0x0000000008001b24                USART1_IRQHandler
                0x0000000008001b24                OTG_FS_IRQHandler
                0x0000000008001b24                SPI3_IRQHandler
                0x0000000008001b24                DMA1_Stream4_IRQHandler
                0x0000000008001b24                I2C1_ER_IRQHandler
                0x0000000008001b24                FMC_IRQHandler
                0x0000000008001b24                LPTIM1_IRQHandler
                0x0000000008001b24                I2C4_ER_IRQHandler
                0x0000000008001b24                DMA2_Stream6_IRQHandler
                0x0000000008001b24                SAI1_IRQHandler
                0x0000000008001b24                DMA1_Stream3_IRQHandler
 .text._read    0x0000000008001b26       0x1c ./Example/SW4STM32/syscalls.o
                0x0000000008001b26                _read
 .text._write   0x0000000008001b42       0x1c ./Example/SW4STM32/syscalls.o
                0x0000000008001b42                _write
 *fill*         0x0000000008001b5e        0x2 
 .text._sbrk    0x0000000008001b60       0x34 ./Example/SW4STM32/syscalls.o
                0x0000000008001b60                _sbrk
 .text._close   0x0000000008001b94        0x6 ./Example/SW4STM32/syscalls.o
                0x0000000008001b94                _close
 .text._fstat   0x0000000008001b9a        0xa ./Example/SW4STM32/syscalls.o
                0x0000000008001b9a                _fstat
 .text._isatty  0x0000000008001ba4        0x4 ./Example/SW4STM32/syscalls.o
                0x0000000008001ba4                _isatty
 .text._lseek   0x0000000008001ba8        0x4 ./Example/SW4STM32/syscalls.o
                0x0000000008001ba8                _lseek
 .text.__io_putchar
                0x0000000008001bac       0x20 ./Example/User/main.o
                0x0000000008001bac                __io_putchar
 .text.SystemClock_Config
                0x0000000008001bcc       0x66 ./Example/User/main.o
                0x0000000008001bcc                SystemClock_Config
 *fill*         0x0000000008001c32        0x2 
 .text.startup.main
                0x0000000008001c34       0xf4 ./Example/User/main.o
                0x0000000008001c34                main
 .text.HAL_UART_MspInit
                0x0000000008001d28       0x84 ./Example/User/stm32f7xx_hal_msp.o
                0x0000000008001d28                HAL_UART_MspInit
 .text.NMI_Handler
                0x0000000008001dac        0x2 ./Example/User/stm32f7xx_it.o
                0x0000000008001dac                NMI_Handler
 .text.HardFault_Handler
                0x0000000008001dae        0x2 ./Example/User/stm32f7xx_it.o
                0x0000000008001dae                HardFault_Handler
 .text.MemManage_Handler
                0x0000000008001db0        0x2 ./Example/User/stm32f7xx_it.o
                0x0000000008001db0                MemManage_Handler
 .text.BusFault_Handler
                0x0000000008001db2        0x2 ./Example/User/stm32f7xx_it.o
                0x0000000008001db2                BusFault_Handler
 .text.UsageFault_Handler
                0x0000000008001db4        0x2 ./Example/User/stm32f7xx_it.o
                0x0000000008001db4                UsageFault_Handler
 .text.SVC_Handler
                0x0000000008001db6        0x2 ./Example/User/stm32f7xx_it.o
                0x0000000008001db6                SVC_Handler
 .text.DebugMon_Handler
                0x0000000008001db8        0x2 ./Example/User/stm32f7xx_it.o
                0x0000000008001db8                DebugMon_Handler
 .text.PendSV_Handler
                0x0000000008001dba        0x2 ./Example/User/stm32f7xx_it.o
                0x0000000008001dba                PendSV_Handler
 .text.SysTick_Handler
                0x0000000008001dbc        0x4 ./Example/User/stm32f7xx_it.o
                0x0000000008001dbc                SysTick_Handler
 .text.std      0x0000000008001dc0       0x6c C:/ST/STM32CubeIDE_1.13.2/STM32CubeIDE/plugins/com.st.stm32cube.ide.mcu.externaltools.gnu-tools-for-stm32.11.3.rel1.win32_1.1.1.202309131626/tools/bin/../lib/gcc/arm-none-eabi/11.3.1/../../../../arm-none-eabi/lib/thumb/v7e-m+dp/hard\libc_nano.a(libc_a-findfp.o)
 .text.stdio_exit_handler
                0x0000000008001e2c       0x18 C:/ST/STM32CubeIDE_1.13.2/STM32CubeIDE/plugins/com.st.stm32cube.ide.mcu.externaltools.gnu-tools-for-stm32.11.3.rel1.win32_1.1.1.202309131626/tools/bin/../lib/gcc/arm-none-eabi/11.3.1/../../../../arm-none-eabi/lib/thumb/v7e-m+dp/hard\libc_nano.a(libc_a-findfp.o)
 .text.cleanup_stdio
                0x0000000008001e44       0x40 C:/ST/STM32CubeIDE_1.13.2/STM32CubeIDE/plugins/com.st.stm32cube.ide.mcu.externaltools.gnu-tools-for-stm32.11.3.rel1.win32_1.1.1.202309131626/tools/bin/../lib/gcc/arm-none-eabi/11.3.1/../../../../arm-none-eabi/lib/thumb/v7e-m+dp/hard\libc_nano.a(libc_a-findfp.o)
 .text.global_stdio_init.part.0
                0x0000000008001e84       0x3c C:/ST/STM32CubeIDE_1.13.2/STM32CubeIDE/plugins/com.st.stm32cube.ide.mcu.externaltools.gnu-tools-for-stm32.11.3.rel1.win32_1.1.1.202309131626/tools/bin/../lib/gcc/arm-none-eabi/11.3.1/../../../../arm-none-eabi/lib/thumb/v7e-m+dp/hard\libc_nano.a(libc_a-findfp.o)
 .text.__sfp_lock_acquire
                0x0000000008001ec0        0xc C:/ST/STM32CubeIDE_1.13.2/STM32CubeIDE/plugins/com.st.stm32cube.ide.mcu.externaltools.gnu-tools-for-stm32.11.3.rel1.win32_1.1.1.202309131626/tools/bin/../lib/gcc/arm-none-eabi/11.3.1/../../../../arm-none-eabi/lib/thumb/v7e-m+dp/hard\libc_nano.a(libc_a-findfp.o)
                0x0000000008001ec0                __sfp_lock_acquire
 .text.__sfp_lock_release
                0x0000000008001ecc        0xc C:/ST/STM32CubeIDE_1.13.2/STM32CubeIDE/plugins/com.st.stm32cube.ide.mcu.externaltools.gnu-tools-for-stm32.11.3.rel1.win32_1.1.1.202309131626/tools/bin/../lib/gcc/arm-none-eabi/11.3.1/../../../../arm-none-eabi/lib/thumb/v7e-m+dp/hard\libc_nano.a(libc_a-findfp.o)
                0x0000000008001ecc                __sfp_lock_release
 .text.__sinit  0x0000000008001ed8       0x30 C:/ST/STM32CubeIDE_1.13.2/STM32CubeIDE/plugins/com.st.stm32cube.ide.mcu.externaltools.gnu-tools-for-stm32.11.3.rel1.win32_1.1.1.202309131626/tools/bin/../lib/gcc/arm-none-eabi/11.3.1/../../../../arm-none-eabi/lib/thumb/v7e-m+dp/hard\libc_nano.a(libc_a-findfp.o)
                0x0000000008001ed8                __sinit
 .text._fwalk_sglue
                0x0000000008001f08       0x3c C:/ST/STM32CubeIDE_1.13.2/STM32CubeIDE/plugins/com.st.stm32cube.ide.mcu.externaltools.gnu-tools-for-stm32.11.3.rel1.win32_1.1.1.202309131626/tools/bin/../lib/gcc/arm-none-eabi/11.3.1/../../../../arm-none-eabi/lib/thumb/v7e-m+dp/hard\libc_nano.a(libc_a-fwalk.o)
                0x0000000008001f08                _fwalk_sglue
 .text.printf   0x0000000008001f44       0x24 C:/ST/STM32CubeIDE_1.13.2/STM32CubeIDE/plugins/com.st.stm32cube.ide.mcu.externaltools.gnu-tools-for-stm32.11.3.rel1.win32_1.1.1.202309131626/tools/bin/../lib/gcc/arm-none-eabi/11.3.1/../../../../arm-none-eabi/lib/thumb/v7e-m+dp/hard\libc_nano.a(libc_a-printf.o)
                0x0000000008001f44                iprintf
                0x0000000008001f44                printf
 .text.__sread  0x0000000008001f68       0x22 C:/ST/STM32CubeIDE_1.13.2/STM32CubeIDE/plugins/com.st.stm32cube.ide.mcu.externaltools.gnu-tools-for-stm32.11.3.rel1.win32_1.1.1.202309131626/tools/bin/../lib/gcc/arm-none-eabi/11.3.1/../../../../arm-none-eabi/lib/thumb/v7e-m+dp/hard\libc_nano.a(libc_a-stdio.o)
                0x0000000008001f68                __sread
 .text.__swrite
                0x0000000008001f8a       0x38 C:/ST/STM32CubeIDE_1.13.2/STM32CubeIDE/plugins/com.st.stm32cube.ide.mcu.externaltools.gnu-tools-for-stm32.11.3.rel1.win32_1.1.1.202309131626/tools/bin/../lib/gcc/arm-none-eabi/11.3.1/../../../../arm-none-eabi/lib/thumb/v7e-m+dp/hard\libc_nano.a(libc_a-stdio.o)
                0x0000000008001f8a                __swrite
 .text.__sseek  0x0000000008001fc2       0x24 C:/ST/STM32CubeIDE_1.13.2/STM32CubeIDE/plugins/com.st.stm32cube.ide.mcu.externaltools.gnu-tools-for-stm32.11.3.rel1.win32_1.1.1.202309131626/tools/bin/../lib/gcc/arm-none-eabi/11.3.1/../../../../arm-none-eabi/lib/thumb/v7e-m+dp/hard\libc_nano.a(libc_a-stdio.o)
                0x0000000008001fc2                __sseek
 .text.__sclose
                0x0000000008001fe6        0x8 C:/ST/STM32CubeIDE_1.13.2/STM32CubeIDE/plugins/com.st.stm32cube.ide.mcu.externaltools.gnu-tools-for-stm32.11.3.rel1.win32_1.1.1.202309131626/tools/bin/../lib/gcc/arm-none-eabi/11.3.1/../../../../arm-none-eabi/lib/thumb/v7e-m+dp/hard\libc_nano.a(libc_a-stdio.o)
                0x0000000008001fe6                __sclose
 .text.memset   0x0000000008001fee       0x10 C:/ST/STM32CubeIDE_1.13.2/STM32CubeIDE/plugins/com.st.stm32cube.ide.mcu.externaltools.gnu-tools-for-stm32.11.3.rel1.win32_1.1.1.202309131626/tools/bin/../lib/gcc/arm-none-eabi/11.3.1/../../../../arm-none-eabi/lib/thumb/v7e-m+dp/hard\libc_nano.a(libc_a-memset.o)
                0x0000000008001fee                memset
 *fill*         0x0000000008001ffe        0x2 
 .text._close_r
                0x0000000008002000       0x20 C:/ST/STM32CubeIDE_1.13.2/STM32CubeIDE/plugins/com.st.stm32cube.ide.mcu.externaltools.gnu-tools-for-stm32.11.3.rel1.win32_1.1.1.202309131626/tools/bin/../lib/gcc/arm-none-eabi/11.3.1/../../../../arm-none-eabi/lib/thumb/v7e-m+dp/hard\libc_nano.a(libc_a-closer.o)
                0x0000000008002000                _close_r
 .text._lseek_r
                0x0000000008002020       0x24 C:/ST/STM32CubeIDE_1.13.2/STM32CubeIDE/plugins/com.st.stm32cube.ide.mcu.externaltools.gnu-tools-for-stm32.11.3.rel1.win32_1.1.1.202309131626/tools/bin/../lib/gcc/arm-none-eabi/11.3.1/../../../../arm-none-eabi/lib/thumb/v7e-m+dp/hard\libc_nano.a(libc_a-lseekr.o)
                0x0000000008002020                _lseek_r
 .text._read_r  0x0000000008002044       0x24 C:/ST/STM32CubeIDE_1.13.2/STM32CubeIDE/plugins/com.st.stm32cube.ide.mcu.externaltools.gnu-tools-for-stm32.11.3.rel1.win32_1.1.1.202309131626/tools/bin/../lib/gcc/arm-none-eabi/11.3.1/../../../../arm-none-eabi/lib/thumb/v7e-m+dp/hard\libc_nano.a(libc_a-readr.o)
                0x0000000008002044                _read_r
 .text._write_r
                0x0000000008002068       0x24 C:/ST/STM32CubeIDE_1.13.2/STM32CubeIDE/plugins/com.st.stm32cube.ide.mcu.externaltools.gnu-tools-for-stm32.11.3.rel1.win32_1.1.1.202309131626/tools/bin/../lib/gcc/arm-none-eabi/11.3.1/../../../../arm-none-eabi/lib/thumb/v7e-m+dp/hard\libc_nano.a(libc_a-writer.o)
                0x0000000008002068                _write_r
 .text.__errno  0x000000000800208c        0xc C:/ST/STM32CubeIDE_1.13.2/STM32CubeIDE/plugins/com.st.stm32cube.ide.mcu.externaltools.gnu-tools-for-stm32.11.3.rel1.win32_1.1.1.202309131626/tools/bin/../lib/gcc/arm-none-eabi/11.3.1/../../../../arm-none-eabi/lib/thumb/v7e-m+dp/hard\libc_nano.a(libc_a-errno.o)
                0x000000000800208c                __errno
 .text.__libc_init_array
                0x0000000008002098       0x48 C:/ST/STM32CubeIDE_1.13.2/STM32CubeIDE/plugins/com.st.stm32cube.ide.mcu.externaltools.gnu-tools-for-stm32.11.3.rel1.win32_1.1.1.202309131626/tools/bin/../lib/gcc/arm-none-eabi/11.3.1/../../../../arm-none-eabi/lib/thumb/v7e-m+dp/hard\libc_nano.a(libc_a-init.o)
                0x0000000008002098                __libc_init_array
 .text.__retarget_lock_init_recursive
                0x00000000080020e0        0x2 C:/ST/STM32CubeIDE_1.13.2/STM32CubeIDE/plugins/com.st.stm32cube.ide.mcu.externaltools.gnu-tools-for-stm32.11.3.rel1.win32_1.1.1.202309131626/tools/bin/../lib/gcc/arm-none-eabi/11.3.1/../../../../arm-none-eabi/lib/thumb/v7e-m+dp/hard\libc_nano.a(libc_a-lock.o)
                0x00000000080020e0                __retarget_lock_init_recursive
 .text.__retarget_lock_acquire_recursive
                0x00000000080020e2        0x2 C:/ST/STM32CubeIDE_1.13.2/STM32CubeIDE/plugins/com.st.stm32cube.ide.mcu.externaltools.gnu-tools-for-stm32.11.3.rel1.win32_1.1.1.202309131626/tools/bin/../lib/gcc/arm-none-eabi/11.3.1/../../../../arm-none-eabi/lib/thumb/v7e-m+dp/hard\libc_nano.a(libc_a-lock.o)
                0x00000000080020e2                __retarget_lock_acquire_recursive
 .text.__retarget_lock_release_recursive
                0x00000000080020e4        0x2 C:/ST/STM32CubeIDE_1.13.2/STM32CubeIDE/plugins/com.st.stm32cube.ide.mcu.externaltools.gnu-tools-for-stm32.11.3.rel1.win32_1.1.1.202309131626/tools/bin/../lib/gcc/arm-none-eabi/11.3.1/../../../../arm-none-eabi/lib/thumb/v7e-m+dp/hard\libc_nano.a(libc_a-lock.o)
                0x00000000080020e4                __retarget_lock_release_recursive
 *fill*         0x00000000080020e6        0x2 
 .text._free_r  0x00000000080020e8       0x98 C:/ST/STM32CubeIDE_1.13.2/STM32CubeIDE/plugins/com.st.stm32cube.ide.mcu.externaltools.gnu-tools-for-stm32.11.3.rel1.win32_1.1.1.202309131626/tools/bin/../lib/gcc/arm-none-eabi/11.3.1/../../../../arm-none-eabi/lib/thumb/v7e-m+dp/hard\libc_nano.a(libc_a-freer.o)
                0x00000000080020e8                _free_r
 .text.sbrk_aligned
                0x0000000008002180       0x40 C:/ST/STM32CubeIDE_1.13.2/STM32CubeIDE/plugins/com.st.stm32cube.ide.mcu.externaltools.gnu-tools-for-stm32.11.3.rel1.win32_1.1.1.202309131626/tools/bin/../lib/gcc/arm-none-eabi/11.3.1/../../../../arm-none-eabi/lib/thumb/v7e-m+dp/hard\libc_nano.a(libc_a-mallocr.o)
 .text._malloc_r
                0x00000000080021c0      0x100 C:/ST/STM32CubeIDE_1.13.2/STM32CubeIDE/plugins/com.st.stm32cube.ide.mcu.externaltools.gnu-tools-for-stm32.11.3.rel1.win32_1.1.1.202309131626/tools/bin/../lib/gcc/arm-none-eabi/11.3.1/../../../../arm-none-eabi/lib/thumb/v7e-m+dp/hard\libc_nano.a(libc_a-mallocr.o)
                0x00000000080021c0                _malloc_r
 .text.__malloc_lock
                0x00000000080022c0        0xc C:/ST/STM32CubeIDE_1.13.2/STM32CubeIDE/plugins/com.st.stm32cube.ide.mcu.externaltools.gnu-tools-for-stm32.11.3.rel1.win32_1.1.1.202309131626/tools/bin/../lib/gcc/arm-none-eabi/11.3.1/../../../../arm-none-eabi/lib/thumb/v7e-m+dp/hard\libc_nano.a(libc_a-mlock.o)
                0x00000000080022c0                __malloc_lock
 .text.__malloc_unlock
                0x00000000080022cc        0xc C:/ST/STM32CubeIDE_1.13.2/STM32CubeIDE/plugins/com.st.stm32cube.ide.mcu.externaltools.gnu-tools-for-stm32.11.3.rel1.win32_1.1.1.202309131626/tools/bin/../lib/gcc/arm-none-eabi/11.3.1/../../../../arm-none-eabi/lib/thumb/v7e-m+dp/hard\libc_nano.a(libc_a-mlock.o)
                0x00000000080022cc                __malloc_unlock
 .text.__sfputc_r
                0x00000000080022d8       0x2e C:/ST/STM32CubeIDE_1.13.2/STM32CubeIDE/plugins/com.st.stm32cube.ide.mcu.externaltools.gnu-tools-for-stm32.11.3.rel1.win32_1.1.1.202309131626/tools/bin/../lib/gcc/arm-none-eabi/11.3.1/../../../../arm-none-eabi/lib/thumb/v7e-m+dp/hard\libc_nano.a(libc_a-nano-vfprintf.o)
 .text.__sfputs_r
                0x0000000008002306       0x24 C:/ST/STM32CubeIDE_1.13.2/STM32CubeIDE/plugins/com.st.stm32cube.ide.mcu.externaltools.gnu-tools-for-stm32.11.3.rel1.win32_1.1.1.202309131626/tools/bin/../lib/gcc/arm-none-eabi/11.3.1/../../../../arm-none-eabi/lib/thumb/v7e-m+dp/hard\libc_nano.a(libc_a-nano-vfprintf.o)
                0x0000000008002306                __sfputs_r
 *fill*         0x000000000800232a        0x2 
 .text._vfprintf_r
                0x000000000800232c      0x234 C:/ST/STM32CubeIDE_1.13.2/STM32CubeIDE/plugins/com.st.stm32cube.ide.mcu.externaltools.gnu-tools-for-stm32.11.3.rel1.win32_1.1.1.202309131626/tools/bin/../lib/gcc/arm-none-eabi/11.3.1/../../../../arm-none-eabi/lib/thumb/v7e-m+dp/hard\libc_nano.a(libc_a-nano-vfprintf.o)
                0x000000000800232c                _vfprintf_r
                0x000000000800232c                _vfiprintf_r
 .text._printf_common
                0x0000000008002560       0xda C:/ST/STM32CubeIDE_1.13.2/STM32CubeIDE/plugins/com.st.stm32cube.ide.mcu.externaltools.gnu-tools-for-stm32.11.3.rel1.win32_1.1.1.202309131626/tools/bin/../lib/gcc/arm-none-eabi/11.3.1/../../../../arm-none-eabi/lib/thumb/v7e-m+dp/hard\libc_nano.a(libc_a-nano-vfprintf_i.o)
                0x0000000008002560                _printf_common
 *fill*         0x000000000800263a        0x2 
 .text._printf_i
                0x000000000800263c      0x244 C:/ST/STM32CubeIDE_1.13.2/STM32CubeIDE/plugins/com.st.stm32cube.ide.mcu.externaltools.gnu-tools-for-stm32.11.3.rel1.win32_1.1.1.202309131626/tools/bin/../lib/gcc/arm-none-eabi/11.3.1/../../../../arm-none-eabi/lib/thumb/v7e-m+dp/hard\libc_nano.a(libc_a-nano-vfprintf_i.o)
                0x000000000800263c                _printf_i
 .text.__sflush_r
                0x0000000008002880      0x10c C:/ST/STM32CubeIDE_1.13.2/STM32CubeIDE/plugins/com.st.stm32cube.ide.mcu.externaltools.gnu-tools-for-stm32.11.3.rel1.win32_1.1.1.202309131626/tools/bin/../lib/gcc/arm-none-eabi/11.3.1/../../../../arm-none-eabi/lib/thumb/v7e-m+dp/hard\libc_nano.a(libc_a-fflush.o)
                0x0000000008002880                __sflush_r
 .text._fflush_r
                0x000000000800298c       0x50 C:/ST/STM32CubeIDE_1.13.2/STM32CubeIDE/plugins/com.st.stm32cube.ide.mcu.externaltools.gnu-tools-for-stm32.11.3.rel1.win32_1.1.1.202309131626/tools/bin/../lib/gcc/arm-none-eabi/11.3.1/../../../../arm-none-eabi/lib/thumb/v7e-m+dp/hard\libc_nano.a(libc_a-fflush.o)
                0x000000000800298c                _fflush_r
 .text.__swbuf_r
                0x00000000080029dc       0x7a C:/ST/STM32CubeIDE_1.13.2/STM32CubeIDE/plugins/com.st.stm32cube.ide.mcu.externaltools.gnu-tools-for-stm32.11.3.rel1.win32_1.1.1.202309131626/tools/bin/../lib/gcc/arm-none-eabi/11.3.1/../../../../arm-none-eabi/lib/thumb/v7e-m+dp/hard\libc_nano.a(libc_a-wbuf.o)
                0x00000000080029dc                __swbuf_r
 *fill*         0x0000000008002a56        0x2 
 .text.__swsetup_r
                0x0000000008002a58       0xb0 C:/ST/STM32CubeIDE_1.13.2/STM32CubeIDE/plugins/com.st.stm32cube.ide.mcu.externaltools.gnu-tools-for-stm32.11.3.rel1.win32_1.1.1.202309131626/tools/bin/../lib/gcc/arm-none-eabi/11.3.1/../../../../arm-none-eabi/lib/thumb/v7e-m+dp/hard\libc_nano.a(libc_a-wsetup.o)
                0x0000000008002a58                __swsetup_r
 .text._sbrk_r  0x0000000008002b08       0x20 C:/ST/STM32CubeIDE_1.13.2/STM32CubeIDE/plugins/com.st.stm32cube.ide.mcu.externaltools.gnu-tools-for-stm32.11.3.rel1.win32_1.1.1.202309131626/tools/bin/../lib/gcc/arm-none-eabi/11.3.1/../../../../arm-none-eabi/lib/thumb/v7e-m+dp/hard\libc_nano.a(libc_a-sbrkr.o)
                0x0000000008002b08                _sbrk_r
 .text.__swhatbuf_r
                0x0000000008002b28       0x4c C:/ST/STM32CubeIDE_1.13.2/STM32CubeIDE/plugins/com.st.stm32cube.ide.mcu.externaltools.gnu-tools-for-stm32.11.3.rel1.win32_1.1.1.202309131626/tools/bin/../lib/gcc/arm-none-eabi/11.3.1/../../../../arm-none-eabi/lib/thumb/v7e-m+dp/hard\libc_nano.a(libc_a-makebuf.o)
                0x0000000008002b28                __swhatbuf_r
 .text.__smakebuf_r
                0x0000000008002b74       0x78 C:/ST/STM32CubeIDE_1.13.2/STM32CubeIDE/plugins/com.st.stm32cube.ide.mcu.externaltools.gnu-tools-for-stm32.11.3.rel1.win32_1.1.1.202309131626/tools/bin/../lib/gcc/arm-none-eabi/11.3.1/../../../../arm-none-eabi/lib/thumb/v7e-m+dp/hard\libc_nano.a(libc_a-makebuf.o)
                0x0000000008002b74                __smakebuf_r
 .text._fstat_r
                0x0000000008002bec       0x24 C:/ST/STM32CubeIDE_1.13.2/STM32CubeIDE/plugins/com.st.stm32cube.ide.mcu.externaltools.gnu-tools-for-stm32.11.3.rel1.win32_1.1.1.202309131626/tools/bin/../lib/gcc/arm-none-eabi/11.3.1/../../../../arm-none-eabi/lib/thumb/v7e-m+dp/hard\libc_nano.a(libc_a-fstatr.o)
                0x0000000008002bec                _fstat_r
 .text._isatty_r
                0x0000000008002c10       0x20 C:/ST/STM32CubeIDE_1.13.2/STM32CubeIDE/plugins/com.st.stm32cube.ide.mcu.externaltools.gnu-tools-for-stm32.11.3.rel1.win32_1.1.1.202309131626/tools/bin/../lib/gcc/arm-none-eabi/11.3.1/../../../../arm-none-eabi/lib/thumb/v7e-m+dp/hard\libc_nano.a(libc_a-isattyr.o)
                0x0000000008002c10                _isatty_r
 *(.glue_7)
 .glue_7        0x0000000008002c30        0x0 linker stubs
 *(.glue_7t)
 .glue_7t       0x0000000008002c30        0x0 linker stubs
 *(.eh_frame)
 .eh_frame      0x0000000008002c30        0x0 C:/ST/STM32CubeIDE_1.13.2/STM32CubeIDE/plugins/com.st.stm32cube.ide.mcu.externaltools.gnu-tools-for-stm32.11.3.rel1.win32_1.1.1.202309131626/tools/bin/../lib/gcc/arm-none-eabi/11.3.1/thumb/v7e-m+dp/hard/crtbegin.o
 *(.init)
 .init          0x0000000008002c30        0x4 C:/ST/STM32CubeIDE_1.13.2/STM32CubeIDE/plugins/com.st.stm32cube.ide.mcu.externaltools.gnu-tools-for-stm32.11.3.rel1.win32_1.1.1.202309131626/tools/bin/../lib/gcc/arm-none-eabi/11.3.1/thumb/v7e-m+dp/hard/crti.o
                0x0000000008002c30                _init
 .init          0x0000000008002c34        0x8 C:/ST/STM32CubeIDE_1.13.2/STM32CubeIDE/plugins/com.st.stm32cube.ide.mcu.externaltools.gnu-tools-for-stm32.11.3.rel1.win32_1.1.1.202309131626/tools/bin/../lib/gcc/arm-none-eabi/11.3.1/thumb/v7e-m+dp/hard/crtn.o
 *(.fini)
 .fini          0x0000000008002c3c        0x4 C:/ST/STM32CubeIDE_1.13.2/STM32CubeIDE/plugins/com.st.stm32cube.ide.mcu.externaltools.gnu-tools-for-stm32.11.3.rel1.win32_1.1.1.202309131626/tools/bin/../lib/gcc/arm-none-eabi/11.3.1/thumb/v7e-m+dp/hard/crti.o
                0x0000000008002c3c                _fini
 .fini          0x0000000008002c40        0x8 C:/ST/STM32CubeIDE_1.13.2/STM32CubeIDE/plugins/com.st.stm32cube.ide.mcu.externaltools.gnu-tools-for-stm32.11.3.rel1.win32_1.1.1.202309131626/tools/bin/../lib/gcc/arm-none-eabi/11.3.1/thumb/v7e-m+dp/hard/crtn.o
                0x0000000008002c48                . = ALIGN (0x4)
                0x0000000008002c48                _etext = .

.vfp11_veneer   0x0000000008002c48        0x0
 .vfp11_veneer  0x0000000008002c48        0x0 linker stubs

.v4_bx          0x0000000008002c48        0x0
 .v4_bx         0x0000000008002c48        0x0 linker stubs

.iplt           0x0000000008002c48        0x0
 .iplt          0x0000000008002c48        0x0 C:/ST/STM32CubeIDE_1.13.2/STM32CubeIDE/plugins/com.st.stm32cube.ide.mcu.externaltools.gnu-tools-for-stm32.11.3.rel1.win32_1.1.1.202309131626/tools/bin/../lib/gcc/arm-none-eabi/11.3.1/thumb/v7e-m+dp/hard/crtbegin.o

.rodata         0x0000000008002c48       0xd8
                0x0000000008002c48                . = ALIGN (0x4)
 *(.rodata)
 .rodata        0x0000000008002c48        0xa ./Drivers/BSP/STM32F767ZI-Nucleo/stm32f7xx_nucleo_144.o
                0x0000000008002c48                GPIO_PIN
                0x0000000008002c4e                BUTTON_IRQn
                0x0000000008002c50                BUTTON_PIN
 .rodata        0x0000000008002c52       0x18 ./Drivers/CMSIS/system_stm32f7xx.o
                0x0000000008002c52                AHBPrescTable
                0x0000000008002c62                APBPrescTable
 .rodata        0x0000000008002c6a       0x10 ./Drivers/STM32F7xx_HAL_Driver/stm32f7xx_hal_uart.o
 *(.rodata*)
 .rodata.str1.1
                0x0000000008002c7a       0x72 ./Example/User/main.o
 .rodata._vfprintf_r.str1.1
                0x0000000008002cec       0x11 C:/ST/STM32CubeIDE_1.13.2/STM32CubeIDE/plugins/com.st.stm32cube.ide.mcu.externaltools.gnu-tools-for-stm32.11.3.rel1.win32_1.1.1.202309131626/tools/bin/../lib/gcc/arm-none-eabi/11.3.1/../../../../arm-none-eabi/lib/thumb/v7e-m+dp/hard\libc_nano.a(libc_a-nano-vfprintf.o)
 .rodata._printf_i.str1.1
                0x0000000008002cfd       0x22 C:/ST/STM32CubeIDE_1.13.2/STM32CubeIDE/plugins/com.st.stm32cube.ide.mcu.externaltools.gnu-tools-for-stm32.11.3.rel1.win32_1.1.1.202309131626/tools/bin/../lib/gcc/arm-none-eabi/11.3.1/../../../../arm-none-eabi/lib/thumb/v7e-m+dp/hard\libc_nano.a(libc_a-nano-vfprintf_i.o)
                0x0000000008002d20                . = ALIGN (0x4)
 *fill*         0x0000000008002d1f        0x1 

.ARM.extab
 *(.ARM.extab* .gnu.linkonce.armextab.*)

.ARM            0x0000000008002d20        0x8
                0x0000000008002d20                __exidx_start = .
 *(.ARM.exidx*)
 .ARM.exidx     0x0000000008002d20        0x8 C:/ST/STM32CubeIDE_1.13.2/STM32CubeIDE/plugins/com.st.stm32cube.ide.mcu.externaltools.gnu-tools-for-stm32.11.3.rel1.win32_1.1.1.202309131626/tools/bin/../lib/gcc/arm-none-eabi/11.3.1/thumb/v7e-m+dp/hard\libgcc.a(_udivmoddi4.o)
                0x0000000008002d28                __exidx_end = .

.rel.dyn        0x0000000008002d28        0x0
 .rel.iplt      0x0000000008002d28        0x0 C:/ST/STM32CubeIDE_1.13.2/STM32CubeIDE/plugins/com.st.stm32cube.ide.mcu.externaltools.gnu-tools-for-stm32.11.3.rel1.win32_1.1.1.202309131626/tools/bin/../lib/gcc/arm-none-eabi/11.3.1/thumb/v7e-m+dp/hard/crtbegin.o

.preinit_array  0x0000000008002d28        0x0
                0x0000000008002d28                PROVIDE (__preinit_array_start = .)
 *(.preinit_array*)
                0x0000000008002d28                PROVIDE (__preinit_array_end = .)

.init_array     0x0000000008002d28        0x4
                0x0000000008002d28                PROVIDE (__init_array_start = .)
 *(SORT_BY_NAME(.init_array.*))
 *(.init_array*)
 .init_array    0x0000000008002d28        0x4 C:/ST/STM32CubeIDE_1.13.2/STM32CubeIDE/plugins/com.st.stm32cube.ide.mcu.externaltools.gnu-tools-for-stm32.11.3.rel1.win32_1.1.1.202309131626/tools/bin/../lib/gcc/arm-none-eabi/11.3.1/thumb/v7e-m+dp/hard/crtbegin.o
                0x0000000008002d2c                PROVIDE (__init_array_end = .)

.fini_array     0x0000000008002d2c        0x4
                [!provide]                        PROVIDE (__fini_array_start = .)
 *(SORT_BY_NAME(.fini_array.*))
 *(.fini_array*)
 .fini_array    0x0000000008002d2c        0x4 C:/ST/STM32CubeIDE_1.13.2/STM32CubeIDE/plugins/com.st.stm32cube.ide.mcu.externaltools.gnu-tools-for-stm32.11.3.rel1.win32_1.1.1.202309131626/tools/bin/../lib/gcc/arm-none-eabi/11.3.1/thumb/v7e-m+dp/hard/crtbegin.o
                [!provide]                        PROVIDE (__fini_array_end = .)
                0x0000000008002d30                _sidata = LOADADDR (.data)

.data           0x0000000020000000       0x78 load address 0x0000000008002d30
                0x0000000020000000                . = ALIGN (0x4)
                0x0000000020000000                _sdata = .
 *(.data)
 .data          0x0000000020000000       0x10 ./Drivers/BSP/STM32F767ZI-Nucleo/stm32f7xx_nucleo_144.o
                0x0000000020000000                GPIO_PORT
                0x000000002000000c                BUTTON_PORT
 .data          0x0000000020000010        0x4 ./Drivers/CMSIS/system_stm32f7xx.o
                0x0000000020000010                SystemCoreClock
 .data          0x0000000020000014        0x8 ./Drivers/STM32F7xx_HAL_Driver/stm32f7xx_hal.o
                0x0000000020000014                uwTickFreq
                0x0000000020000018                uwTickPrio
 *(.data*)
 .data.__sglue  0x000000002000001c        0xc C:/ST/STM32CubeIDE_1.13.2/STM32CubeIDE/plugins/com.st.stm32cube.ide.mcu.externaltools.gnu-tools-for-stm32.11.3.rel1.win32_1.1.1.202309131626/tools/bin/../lib/gcc/arm-none-eabi/11.3.1/../../../../arm-none-eabi/lib/thumb/v7e-m+dp/hard\libc_nano.a(libc_a-findfp.o)
                0x000000002000001c                __sglue
 .data._impure_data
                0x0000000020000028       0x4c C:/ST/STM32CubeIDE_1.13.2/STM32CubeIDE/plugins/com.st.stm32cube.ide.mcu.externaltools.gnu-tools-for-stm32.11.3.rel1.win32_1.1.1.202309131626/tools/bin/../lib/gcc/arm-none-eabi/11.3.1/../../../../arm-none-eabi/lib/thumb/v7e-m+dp/hard\libc_nano.a(libc_a-impure.o)
                0x0000000020000028                _impure_data
 .data._impure_ptr
                0x0000000020000074        0x4 C:/ST/STM32CubeIDE_1.13.2/STM32CubeIDE/plugins/com.st.stm32cube.ide.mcu.externaltools.gnu-tools-for-stm32.11.3.rel1.win32_1.1.1.202309131626/tools/bin/../lib/gcc/arm-none-eabi/11.3.1/../../../../arm-none-eabi/lib/thumb/v7e-m+dp/hard\libc_nano.a(libc_a-impure.o)
                0x0000000020000074                _impure_ptr
                0x0000000020000078                . = ALIGN (0x4)
                0x0000000020000078                _edata = .

.igot.plt       0x0000000020000078        0x0 load address 0x0000000008002da8
 .igot.plt      0x0000000020000078        0x0 C:/ST/STM32CubeIDE_1.13.2/STM32CubeIDE/plugins/com.st.stm32cube.ide.mcu.externaltools.gnu-tools-for-stm32.11.3.rel1.win32_1.1.1.202309131626/tools/bin/../lib/gcc/arm-none-eabi/11.3.1/thumb/v7e-m+dp/hard/crtbegin.o
                0x0000000020000078                . = ALIGN (0x4)

.bss            0x0000000020000078      0x1fc load address 0x0000000008002da8
                0x0000000020000078                _sbss = .
                0x0000000020000078                __bss_start__ = _sbss
 *(.bss)
 .bss           0x0000000020000078       0x1c C:/ST/STM32CubeIDE_1.13.2/STM32CubeIDE/plugins/com.st.stm32cube.ide.mcu.externaltools.gnu-tools-for-stm32.11.3.rel1.win32_1.1.1.202309131626/tools/bin/../lib/gcc/arm-none-eabi/11.3.1/thumb/v7e-m+dp/hard/crtbegin.o
 .bss           0x0000000020000094        0x4 ./Drivers/STM32F7xx_HAL_Driver/stm32f7xx_hal.o
                0x0000000020000094                uwTick
 .bss           0x0000000020000098        0x8 ./Example/SW4STM32/syscalls.o
                0x000000002000009c                __env
 .bss           0x00000000200000a0       0x88 ./Example/User/main.o
                0x00000000200000a0                UartHandle
 *(.bss*)
 .bss.__sf      0x0000000020000128      0x138 C:/ST/STM32CubeIDE_1.13.2/STM32CubeIDE/plugins/com.st.stm32cube.ide.mcu.externaltools.gnu-tools-for-stm32.11.3.rel1.win32_1.1.1.202309131626/tools/bin/../lib/gcc/arm-none-eabi/11.3.1/../../../../arm-none-eabi/lib/thumb/v7e-m+dp/hard\libc_nano.a(libc_a-findfp.o)
                0x0000000020000128                __sf
 .bss.__stdio_exit_handler
                0x0000000020000260        0x4 C:/ST/STM32CubeIDE_1.13.2/STM32CubeIDE/plugins/com.st.stm32cube.ide.mcu.externaltools.gnu-tools-for-stm32.11.3.rel1.win32_1.1.1.202309131626/tools/bin/../lib/gcc/arm-none-eabi/11.3.1/../../../../arm-none-eabi/lib/thumb/v7e-m+dp/hard\libc_nano.a(libc_a-findfp.o)
                0x0000000020000260                __stdio_exit_handler
 .bss.errno     0x0000000020000264        0x4 C:/ST/STM32CubeIDE_1.13.2/STM32CubeIDE/plugins/com.st.stm32cube.ide.mcu.externaltools.gnu-tools-for-stm32.11.3.rel1.win32_1.1.1.202309131626/tools/bin/../lib/gcc/arm-none-eabi/11.3.1/../../../../arm-none-eabi/lib/thumb/v7e-m+dp/hard\libc_nano.a(libc_a-reent.o)
                0x0000000020000264                errno
 .bss.__lock___malloc_recursive_mutex
                0x0000000020000268        0x1 C:/ST/STM32CubeIDE_1.13.2/STM32CubeIDE/plugins/com.st.stm32cube.ide.mcu.externaltools.gnu-tools-for-stm32.11.3.rel1.win32_1.1.1.202309131626/tools/bin/../lib/gcc/arm-none-eabi/11.3.1/../../../../arm-none-eabi/lib/thumb/v7e-m+dp/hard\libc_nano.a(libc_a-lock.o)
                0x0000000020000268                __lock___malloc_recursive_mutex
 .bss.__lock___sfp_recursive_mutex
                0x0000000020000269        0x1 C:/ST/STM32CubeIDE_1.13.2/STM32CubeIDE/plugins/com.st.stm32cube.ide.mcu.externaltools.gnu-tools-for-stm32.11.3.rel1.win32_1.1.1.202309131626/tools/bin/../lib/gcc/arm-none-eabi/11.3.1/../../../../arm-none-eabi/lib/thumb/v7e-m+dp/hard\libc_nano.a(libc_a-lock.o)
                0x0000000020000269                __lock___sfp_recursive_mutex
 *fill*         0x000000002000026a        0x2 
 .bss.__malloc_free_list
                0x000000002000026c        0x4 C:/ST/STM32CubeIDE_1.13.2/STM32CubeIDE/plugins/com.st.stm32cube.ide.mcu.externaltools.gnu-tools-for-stm32.11.3.rel1.win32_1.1.1.202309131626/tools/bin/../lib/gcc/arm-none-eabi/11.3.1/../../../../arm-none-eabi/lib/thumb/v7e-m+dp/hard\libc_nano.a(libc_a-mallocr.o)
                0x000000002000026c                __malloc_free_list
 .bss.__malloc_sbrk_start
                0x0000000020000270        0x4 C:/ST/STM32CubeIDE_1.13.2/STM32CubeIDE/plugins/com.st.stm32cube.ide.mcu.externaltools.gnu-tools-for-stm32.11.3.rel1.win32_1.1.1.202309131626/tools/bin/../lib/gcc/arm-none-eabi/11.3.1/../../../../arm-none-eabi/lib/thumb/v7e-m+dp/hard\libc_nano.a(libc_a-mallocr.o)
                0x0000000020000270                __malloc_sbrk_start
 *(COMMON)
                0x0000000020000274                . = ALIGN (0x4)
                0x0000000020000274                _ebss = .
                0x0000000020000274                __bss_end__ = _ebss

._user_heap_stack
                0x0000000020000274      0x604 load address 0x0000000008002da8
                0x0000000020000278                . = ALIGN (0x8)
 *fill*         0x0000000020000274        0x4 
                0x0000000020000278                PROVIDE (end = .)
                [!provide]                        PROVIDE (_end = .)
                0x0000000020000478                . = (. + _Min_Heap_Size)
 *fill*         0x0000000020000278      0x200 
                0x0000000020000878                . = (. + _Min_Stack_Size)
 *fill*         0x0000000020000478      0x400 
                0x0000000020000878                . = ALIGN (0x8)

/DISCARD/
 libc.a(*)
 libm.a(*)
 libgcc.a(*)

.ARM.attributes
                0x0000000000000000       0x2e
 *(.ARM.attributes)
 .ARM.attributes
                0x0000000000000000       0x1e C:/ST/STM32CubeIDE_1.13.2/STM32CubeIDE/plugins/com.st.stm32cube.ide.mcu.externaltools.gnu-tools-for-stm32.11.3.rel1.win32_1.1.1.202309131626/tools/bin/../lib/gcc/arm-none-eabi/11.3.1/thumb/v7e-m+dp/hard/crti.o
 .ARM.attributes
                0x000000000000001e       0x32 C:/ST/STM32CubeIDE_1.13.2/STM32CubeIDE/plugins/com.st.stm32cube.ide.mcu.externaltools.gnu-tools-for-stm32.11.3.rel1.win32_1.1.1.202309131626/tools/bin/../lib/gcc/arm-none-eabi/11.3.1/thumb/v7e-m+dp/hard/crtbegin.o
 .ARM.attributes
                0x0000000000000050       0x32 ./Drivers/BSP/STM32F767ZI-Nucleo/stm32f7xx_nucleo_144.o
 .ARM.attributes
                0x0000000000000082       0x32 ./Drivers/CMSIS/system_stm32f7xx.o
 .ARM.attributes
                0x00000000000000b4       0x32 ./Drivers/STM32F7xx_HAL_Driver/stm32f7xx_hal.o
 .ARM.attributes
                0x00000000000000e6       0x32 ./Drivers/STM32F7xx_HAL_Driver/stm32f7xx_hal_cortex.o
 .ARM.attributes
                0x0000000000000118       0x32 ./Drivers/STM32F7xx_HAL_Driver/stm32f7xx_hal_gpio.o
 .ARM.attributes
                0x000000000000014a       0x32 ./Drivers/STM32F7xx_HAL_Driver/stm32f7xx_hal_pwr_ex.o
 .ARM.attributes
                0x000000000000017c       0x32 ./Drivers/STM32F7xx_HAL_Driver/stm32f7xx_hal_rcc.o
 .ARM.attributes
                0x00000000000001ae       0x32 ./Drivers/STM32F7xx_HAL_Driver/stm32f7xx_hal_rcc_ex.o
 .ARM.attributes
                0x00000000000001e0       0x32 ./Drivers/STM32F7xx_HAL_Driver/stm32f7xx_hal_uart.o
 .ARM.attributes
                0x0000000000000212       0x21 ./Example/SW4STM32/startup_stm32f767xx.o
 .ARM.attributes
                0x0000000000000233       0x32 ./Example/SW4STM32/syscalls.o
 .ARM.attributes
                0x0000000000000265       0x32 ./Example/User/main.o
 .ARM.attributes
                0x0000000000000297       0x32 ./Example/User/stm32f7xx_hal_msp.o
 .ARM.attributes
                0x00000000000002c9       0x32 ./Example/User/stm32f7xx_it.o
 .ARM.attributes
                0x00000000000002fb       0x32 C:/ST/STM32CubeIDE_1.13.2/STM32CubeIDE/plugins/com.st.stm32cube.ide.mcu.externaltools.gnu-tools-for-stm32.11.3.rel1.win32_1.1.1.202309131626/tools/bin/../lib/gcc/arm-none-eabi/11.3.1/../../../../arm-none-eabi/lib/thumb/v7e-m+dp/hard\libc_nano.a(libc_a-findfp.o)
 .ARM.attributes
                0x000000000000032d       0x32 C:/ST/STM32CubeIDE_1.13.2/STM32CubeIDE/plugins/com.st.stm32cube.ide.mcu.externaltools.gnu-tools-for-stm32.11.3.rel1.win32_1.1.1.202309131626/tools/bin/../lib/gcc/arm-none-eabi/11.3.1/../../../../arm-none-eabi/lib/thumb/v7e-m+dp/hard\libc_nano.a(libc_a-fwalk.o)
 .ARM.attributes
                0x000000000000035f       0x32 C:/ST/STM32CubeIDE_1.13.2/STM32CubeIDE/plugins/com.st.stm32cube.ide.mcu.externaltools.gnu-tools-for-stm32.11.3.rel1.win32_1.1.1.202309131626/tools/bin/../lib/gcc/arm-none-eabi/11.3.1/../../../../arm-none-eabi/lib/thumb/v7e-m+dp/hard\libc_nano.a(libc_a-printf.o)
 .ARM.attributes
                0x0000000000000391       0x32 C:/ST/STM32CubeIDE_1.13.2/STM32CubeIDE/plugins/com.st.stm32cube.ide.mcu.externaltools.gnu-tools-for-stm32.11.3.rel1.win32_1.1.1.202309131626/tools/bin/../lib/gcc/arm-none-eabi/11.3.1/../../../../arm-none-eabi/lib/thumb/v7e-m+dp/hard\libc_nano.a(libc_a-stdio.o)
 .ARM.attributes
                0x00000000000003c3       0x32 C:/ST/STM32CubeIDE_1.13.2/STM32CubeIDE/plugins/com.st.stm32cube.ide.mcu.externaltools.gnu-tools-for-stm32.11.3.rel1.win32_1.1.1.202309131626/tools/bin/../lib/gcc/arm-none-eabi/11.3.1/../../../../arm-none-eabi/lib/thumb/v7e-m+dp/hard\libc_nano.a(libc_a-memset.o)
 .ARM.attributes
                0x00000000000003f5       0x32 C:/ST/STM32CubeIDE_1.13.2/STM32CubeIDE/plugins/com.st.stm32cube.ide.mcu.externaltools.gnu-tools-for-stm32.11.3.rel1.win32_1.1.1.202309131626/tools/bin/../lib/gcc/arm-none-eabi/11.3.1/../../../../arm-none-eabi/lib/thumb/v7e-m+dp/hard\libc_nano.a(libc_a-closer.o)
 .ARM.attributes
                0x0000000000000427       0x32 C:/ST/STM32CubeIDE_1.13.2/STM32CubeIDE/plugins/com.st.stm32cube.ide.mcu.externaltools.gnu-tools-for-stm32.11.3.rel1.win32_1.1.1.202309131626/tools/bin/../lib/gcc/arm-none-eabi/11.3.1/../../../../arm-none-eabi/lib/thumb/v7e-m+dp/hard\libc_nano.a(libc_a-reent.o)
 .ARM.attributes
                0x0000000000000459       0x32 C:/ST/STM32CubeIDE_1.13.2/STM32CubeIDE/plugins/com.st.stm32cube.ide.mcu.externaltools.gnu-tools-for-stm32.11.3.rel1.win32_1.1.1.202309131626/tools/bin/../lib/gcc/arm-none-eabi/11.3.1/../../../../arm-none-eabi/lib/thumb/v7e-m+dp/hard\libc_nano.a(libc_a-impure.o)
 .ARM.attributes
                0x000000000000048b       0x32 C:/ST/STM32CubeIDE_1.13.2/STM32CubeIDE/plugins/com.st.stm32cube.ide.mcu.externaltools.gnu-tools-for-stm32.11.3.rel1.win32_1.1.1.202309131626/tools/bin/../lib/gcc/arm-none-eabi/11.3.1/../../../../arm-none-eabi/lib/thumb/v7e-m+dp/hard\libc_nano.a(libc_a-lseekr.o)
 .ARM.attributes
                0x00000000000004bd       0x32 C:/ST/STM32CubeIDE_1.13.2/STM32CubeIDE/plugins/com.st.stm32cube.ide.mcu.externaltools.gnu-tools-for-stm32.11.3.rel1.win32_1.1.1.202309131626/tools/bin/../lib/gcc/arm-none-eabi/11.3.1/../../../../arm-none-eabi/lib/thumb/v7e-m+dp/hard\libc_nano.a(libc_a-readr.o)
 .ARM.attributes
                0x00000000000004ef       0x32 C:/ST/STM32CubeIDE_1.13.2/STM32CubeIDE/plugins/com.st.stm32cube.ide.mcu.externaltools.gnu-tools-for-stm32.11.3.rel1.win32_1.1.1.202309131626/tools/bin/../lib/gcc/arm-none-eabi/11.3.1/../../../../arm-none-eabi/lib/thumb/v7e-m+dp/hard\libc_nano.a(libc_a-writer.o)
 .ARM.attributes
                0x0000000000000521       0x32 C:/ST/STM32CubeIDE_1.13.2/STM32CubeIDE/plugins/com.st.stm32cube.ide.mcu.externaltools.gnu-tools-for-stm32.11.3.rel1.win32_1.1.1.202309131626/tools/bin/../lib/gcc/arm-none-eabi/11.3.1/../../../../arm-none-eabi/lib/thumb/v7e-m+dp/hard\libc_nano.a(libc_a-errno.o)
 .ARM.attributes
                0x0000000000000553       0x32 C:/ST/STM32CubeIDE_1.13.2/STM32CubeIDE/plugins/com.st.stm32cube.ide.mcu.externaltools.gnu-tools-for-stm32.11.3.rel1.win32_1.1.1.202309131626/tools/bin/../lib/gcc/arm-none-eabi/11.3.1/../../../../arm-none-eabi/lib/thumb/v7e-m+dp/hard\libc_nano.a(libc_a-init.o)
 .ARM.attributes
                0x0000000000000585       0x32 C:/ST/STM32CubeIDE_1.13.2/STM32CubeIDE/plugins/com.st.stm32cube.ide.mcu.externaltools.gnu-tools-for-stm32.11.3.rel1.win32_1.1.1.202309131626/tools/bin/../lib/gcc/arm-none-eabi/11.3.1/../../../../arm-none-eabi/lib/thumb/v7e-m+dp/hard\libc_nano.a(libc_a-lock.o)
 .ARM.attributes
                0x00000000000005b7       0x32 C:/ST/STM32CubeIDE_1.13.2/STM32CubeIDE/plugins/com.st.stm32cube.ide.mcu.externaltools.gnu-tools-for-stm32.11.3.rel1.win32_1.1.1.202309131626/tools/bin/../lib/gcc/arm-none-eabi/11.3.1/../../../../arm-none-eabi/lib/thumb/v7e-m+dp/hard\libc_nano.a(libc_a-freer.o)
 .ARM.attributes
                0x00000000000005e9       0x32 C:/ST/STM32CubeIDE_1.13.2/STM32CubeIDE/plugins/com.st.stm32cube.ide.mcu.externaltools.gnu-tools-for-stm32.11.3.rel1.win32_1.1.1.202309131626/tools/bin/../lib/gcc/arm-none-eabi/11.3.1/../../../../arm-none-eabi/lib/thumb/v7e-m+dp/hard\libc_nano.a(libc_a-mallocr.o)
 .ARM.attributes
                0x000000000000061b       0x32 C:/ST/STM32CubeIDE_1.13.2/STM32CubeIDE/plugins/com.st.stm32cube.ide.mcu.externaltools.gnu-tools-for-stm32.11.3.rel1.win32_1.1.1.202309131626/tools/bin/../lib/gcc/arm-none-eabi/11.3.1/../../../../arm-none-eabi/lib/thumb/v7e-m+dp/hard\libc_nano.a(libc_a-mlock.o)
 .ARM.attributes
                0x000000000000064d       0x32 C:/ST/STM32CubeIDE_1.13.2/STM32CubeIDE/plugins/com.st.stm32cube.ide.mcu.externaltools.gnu-tools-for-stm32.11.3.rel1.win32_1.1.1.202309131626/tools/bin/../lib/gcc/arm-none-eabi/11.3.1/../../../../arm-none-eabi/lib/thumb/v7e-m+dp/hard\libc_nano.a(libc_a-nano-vfprintf.o)
 .ARM.attributes
                0x000000000000067f       0x32 C:/ST/STM32CubeIDE_1.13.2/STM32CubeIDE/plugins/com.st.stm32cube.ide.mcu.externaltools.gnu-tools-for-stm32.11.3.rel1.win32_1.1.1.202309131626/tools/bin/../lib/gcc/arm-none-eabi/11.3.1/../../../../arm-none-eabi/lib/thumb/v7e-m+dp/hard\libc_nano.a(libc_a-nano-vfprintf_i.o)
 .ARM.attributes
                0x00000000000006b1       0x32 C:/ST/STM32CubeIDE_1.13.2/STM32CubeIDE/plugins/com.st.stm32cube.ide.mcu.externaltools.gnu-tools-for-stm32.11.3.rel1.win32_1.1.1.202309131626/tools/bin/../lib/gcc/arm-none-eabi/11.3.1/../../../../arm-none-eabi/lib/thumb/v7e-m+dp/hard\libc_nano.a(libc_a-fflush.o)
 .ARM.attributes
                0x00000000000006e3       0x32 C:/ST/STM32CubeIDE_1.13.2/STM32CubeIDE/plugins/com.st.stm32cube.ide.mcu.externaltools.gnu-tools-for-stm32.11.3.rel1.win32_1.1.1.202309131626/tools/bin/../lib/gcc/arm-none-eabi/11.3.1/../../../../arm-none-eabi/lib/thumb/v7e-m+dp/hard\libc_nano.a(libc_a-wbuf.o)
 .ARM.attributes
                0x0000000000000715       0x32 C:/ST/STM32CubeIDE_1.13.2/STM32CubeIDE/plugins/com.st.stm32cube.ide.mcu.externaltools.gnu-tools-for-stm32.11.3.rel1.win32_1.1.1.202309131626/tools/bin/../lib/gcc/arm-none-eabi/11.3.1/../../../../arm-none-eabi/lib/thumb/v7e-m+dp/hard\libc_nano.a(libc_a-wsetup.o)
 .ARM.attributes
                0x0000000000000747       0x32 C:/ST/STM32CubeIDE_1.13.2/STM32CubeIDE/plugins/com.st.stm32cube.ide.mcu.externaltools.gnu-tools-for-stm32.11.3.rel1.win32_1.1.1.202309131626/tools/bin/../lib/gcc/arm-none-eabi/11.3.1/../../../../arm-none-eabi/lib/thumb/v7e-m+dp/hard\libc_nano.a(libc_a-sbrkr.o)
 .ARM.attributes
                0x0000000000000779       0x1c C:/ST/STM32CubeIDE_1.13.2/STM32CubeIDE/plugins/com.st.stm32cube.ide.mcu.externaltools.gnu-tools-for-stm32.11.3.rel1.win32_1.1.1.202309131626/tools/bin/../lib/gcc/arm-none-eabi/11.3.1/../../../../arm-none-eabi/lib/thumb/v7e-m+dp/hard\libc_nano.a(libc_a-memchr.o)
 .ARM.attributes
                0x0000000000000795       0x32 C:/ST/STM32CubeIDE_1.13.2/STM32CubeIDE/plugins/com.st.stm32cube.ide.mcu.externaltools.gnu-tools-for-stm32.11.3.rel1.win32_1.1.1.202309131626/tools/bin/../lib/gcc/arm-none-eabi/11.3.1/../../../../arm-none-eabi/lib/thumb/v7e-m+dp/hard\libc_nano.a(libc_a-makebuf.o)
 .ARM.attributes
                0x00000000000007c7       0x32 C:/ST/STM32CubeIDE_1.13.2/STM32CubeIDE/plugins/com.st.stm32cube.ide.mcu.externaltools.gnu-tools-for-stm32.11.3.rel1.win32_1.1.1.202309131626/tools/bin/../lib/gcc/arm-none-eabi/11.3.1/../../../../arm-none-eabi/lib/thumb/v7e-m+dp/hard\libc_nano.a(libc_a-fstatr.o)
 .ARM.attributes
                0x00000000000007f9       0x32 C:/ST/STM32CubeIDE_1.13.2/STM32CubeIDE/plugins/com.st.stm32cube.ide.mcu.externaltools.gnu-tools-for-stm32.11.3.rel1.win32_1.1.1.202309131626/tools/bin/../lib/gcc/arm-none-eabi/11.3.1/../../../../arm-none-eabi/lib/thumb/v7e-m+dp/hard\libc_nano.a(libc_a-isattyr.o)
 .ARM.attributes
                0x000000000000082b       0x1e C:/ST/STM32CubeIDE_1.13.2/STM32CubeIDE/plugins/com.st.stm32cube.ide.mcu.externaltools.gnu-tools-for-stm32.11.3.rel1.win32_1.1.1.202309131626/tools/bin/../lib/gcc/arm-none-eabi/11.3.1/thumb/v7e-m+dp/hard\libgcc.a(_aeabi_uldivmod.o)
 .ARM.attributes
                0x0000000000000849       0x32 C:/ST/STM32CubeIDE_1.13.2/STM32CubeIDE/plugins/com.st.stm32cube.ide.mcu.externaltools.gnu-tools-for-stm32.11.3.rel1.win32_1.1.1.202309131626/tools/bin/../lib/gcc/arm-none-eabi/11.3.1/thumb/v7e-m+dp/hard\libgcc.a(_udivmoddi4.o)
 .ARM.attributes
                0x000000000000087b       0x1e C:/ST/STM32CubeIDE_1.13.2/STM32CubeIDE/plugins/com.st.stm32cube.ide.mcu.externaltools.gnu-tools-for-stm32.11.3.rel1.win32_1.1.1.202309131626/tools/bin/../lib/gcc/arm-none-eabi/11.3.1/thumb/v7e-m+dp/hard\libgcc.a(_dvmd_tls.o)
 .ARM.attributes
                0x0000000000000899       0x1e C:/ST/STM32CubeIDE_1.13.2/STM32CubeIDE/plugins/com.st.stm32cube.ide.mcu.externaltools.gnu-tools-for-stm32.11.3.rel1.win32_1.1.1.202309131626/tools/bin/../lib/gcc/arm-none-eabi/11.3.1/thumb/v7e-m+dp/hard/crtn.o
OUTPUT(STM32F767ZI-Nucleo.elf elf32-littlearm)
LOAD linker stubs
LOAD C:/ST/STM32CubeIDE_1.13.2/STM32CubeIDE/plugins/com.st.stm32cube.ide.mcu.externaltools.gnu-tools-for-stm32.11.3.rel1.win32_1.1.1.202309131626/tools/bin/../lib/gcc/arm-none-eabi/11.3.1/../../../../arm-none-eabi/lib/thumb/v7e-m+dp/hard\libc.a
LOAD C:/ST/STM32CubeIDE_1.13.2/STM32CubeIDE/plugins/com.st.stm32cube.ide.mcu.externaltools.gnu-tools-for-stm32.11.3.rel1.win32_1.1.1.202309131626/tools/bin/../lib/gcc/arm-none-eabi/11.3.1/../../../../arm-none-eabi/lib/thumb/v7e-m+dp/hard\libm.a
LOAD C:/ST/STM32CubeIDE_1.13.2/STM32CubeIDE/plugins/com.st.stm32cube.ide.mcu.externaltools.gnu-tools-for-stm32.11.3.rel1.win32_1.1.1.202309131626/tools/bin/../lib/gcc/arm-none-eabi/11.3.1/thumb/v7e-m+dp/hard\libgcc.a

.comment        0x0000000000000000       0x43
 .comment       0x0000000000000000       0x43 C:/ST/STM32CubeIDE_1.13.2/STM32CubeIDE/plugins/com.st.stm32cube.ide.mcu.externaltools.gnu-tools-for-stm32.11.3.rel1.win32_1.1.1.202309131626/tools/bin/../lib/gcc/arm-none-eabi/11.3.1/thumb/v7e-m+dp/hard/crtbegin.o
                                         0x44 (size before relaxing)
 .comment       0x0000000000000043       0x44 ./Drivers/BSP/STM32F767ZI-Nucleo/stm32f7xx_nucleo_144.o
 .comment       0x0000000000000043       0x44 ./Drivers/CMSIS/system_stm32f7xx.o
 .comment       0x0000000000000043       0x44 ./Drivers/STM32F7xx_HAL_Driver/stm32f7xx_hal.o
 .comment       0x0000000000000043       0x44 ./Drivers/STM32F7xx_HAL_Driver/stm32f7xx_hal_cortex.o
 .comment       0x0000000000000043       0x44 ./Drivers/STM32F7xx_HAL_Driver/stm32f7xx_hal_gpio.o
 .comment       0x0000000000000043       0x44 ./Drivers/STM32F7xx_HAL_Driver/stm32f7xx_hal_pwr_ex.o
 .comment       0x0000000000000043       0x44 ./Drivers/STM32F7xx_HAL_Driver/stm32f7xx_hal_rcc.o
 .comment       0x0000000000000043       0x44 ./Drivers/STM32F7xx_HAL_Driver/stm32f7xx_hal_rcc_ex.o
 .comment       0x0000000000000043       0x44 ./Drivers/STM32F7xx_HAL_Driver/stm32f7xx_hal_uart.o
 .comment       0x0000000000000043       0x44 ./Example/SW4STM32/syscalls.o
 .comment       0x0000000000000043       0x44 ./Example/User/main.o
 .comment       0x0000000000000043       0x44 ./Example/User/stm32f7xx_hal_msp.o
 .comment       0x0000000000000043       0x44 ./Example/User/stm32f7xx_it.o

.debug_info     0x0000000000000000     0xca28
 .debug_info    0x0000000000000000      0xb60 ./Drivers/BSP/STM32F767ZI-Nucleo/stm32f7xx_nucleo_144.o
 .debug_info    0x0000000000000b60      0x706 ./Drivers/CMSIS/system_stm32f7xx.o
 .debug_info    0x0000000000001266      0xb9b ./Drivers/STM32F7xx_HAL_Driver/stm32f7xx_hal.o
 .debug_info    0x0000000000001e01     0x11ba ./Drivers/STM32F7xx_HAL_Driver/stm32f7xx_hal_cortex.o
 .debug_info    0x0000000000002fbb      0x734 ./Drivers/STM32F7xx_HAL_Driver/stm32f7xx_hal_gpio.o
 .debug_info    0x00000000000036ef      0x9aa ./Drivers/STM32F7xx_HAL_Driver/stm32f7xx_hal_pwr_ex.o
 .debug_info    0x0000000000004099      0xbe8 ./Drivers/STM32F7xx_HAL_Driver/stm32f7xx_hal_rcc.o
 .debug_info    0x0000000000004c81      0x812 ./Drivers/STM32F7xx_HAL_Driver/stm32f7xx_hal_rcc_ex.o
 .debug_info    0x0000000000005493     0x4e6d ./Drivers/STM32F7xx_HAL_Driver/stm32f7xx_hal_uart.o
 .debug_info    0x000000000000a300       0x23 ./Example/SW4STM32/startup_stm32f767xx.o
 .debug_info    0x000000000000a323      0x83b ./Example/SW4STM32/syscalls.o
 .debug_info    0x000000000000ab5e     0x10d6 ./Example/User/main.o
 .debug_info    0x000000000000bc34      0xce3 ./Example/User/stm32f7xx_hal_msp.o
 .debug_info    0x000000000000c917      0x111 ./Example/User/stm32f7xx_it.o

.debug_abbrev   0x0000000000000000     0x1efe
 .debug_abbrev  0x0000000000000000      0x2a6 ./Drivers/BSP/STM32F767ZI-Nucleo/stm32f7xx_nucleo_144.o
 .debug_abbrev  0x00000000000002a6      0x141 ./Drivers/CMSIS/system_stm32f7xx.o
 .debug_abbrev  0x00000000000003e7      0x284 ./Drivers/STM32F7xx_HAL_Driver/stm32f7xx_hal.o
 .debug_abbrev  0x000000000000066b      0x393 ./Drivers/STM32F7xx_HAL_Driver/stm32f7xx_hal_cortex.o
 .debug_abbrev  0x00000000000009fe      0x202 ./Drivers/STM32F7xx_HAL_Driver/stm32f7xx_hal_gpio.o
 .debug_abbrev  0x0000000000000c00      0x1ef ./Drivers/STM32F7xx_HAL_Driver/stm32f7xx_hal_pwr_ex.o
 .debug_abbrev  0x0000000000000def      0x35d ./Drivers/STM32F7xx_HAL_Driver/stm32f7xx_hal_rcc.o
 .debug_abbrev  0x000000000000114c      0x1e3 ./Drivers/STM32F7xx_HAL_Driver/stm32f7xx_hal_rcc_ex.o
 .debug_abbrev  0x000000000000132f      0x3c6 ./Drivers/STM32F7xx_HAL_Driver/stm32f7xx_hal_uart.o
 .debug_abbrev  0x00000000000016f5       0x12 ./Example/SW4STM32/startup_stm32f767xx.o
 .debug_abbrev  0x0000000000001707      0x22d ./Example/SW4STM32/syscalls.o
 .debug_abbrev  0x0000000000001934      0x332 ./Example/User/main.o
 .debug_abbrev  0x0000000000001c66      0x1e2 ./Example/User/stm32f7xx_hal_msp.o
 .debug_abbrev  0x0000000000001e48       0xb6 ./Example/User/stm32f7xx_it.o

.debug_loclists
                0x0000000000000000     0x3fa3
 .debug_loclists
                0x0000000000000000      0x116 ./Drivers/BSP/STM32F767ZI-Nucleo/stm32f7xx_nucleo_144.o
 .debug_loclists
                0x0000000000000116       0xc4 ./Drivers/CMSIS/system_stm32f7xx.o
 .debug_loclists
                0x00000000000001da       0xc3 ./Drivers/STM32F7xx_HAL_Driver/stm32f7xx_hal.o
 .debug_loclists
                0x000000000000029d      0x3a9 ./Drivers/STM32F7xx_HAL_Driver/stm32f7xx_hal_cortex.o
 .debug_loclists
                0x0000000000000646      0x29c ./Drivers/STM32F7xx_HAL_Driver/stm32f7xx_hal_gpio.o
 .debug_loclists
                0x00000000000008e2      0x1bf ./Drivers/STM32F7xx_HAL_Driver/stm32f7xx_hal_pwr_ex.o
 .debug_loclists
                0x0000000000000aa1      0x3bf ./Drivers/STM32F7xx_HAL_Driver/stm32f7xx_hal_rcc.o
 .debug_loclists
                0x0000000000000e60      0x502 ./Drivers/STM32F7xx_HAL_Driver/stm32f7xx_hal_rcc_ex.o
 .debug_loclists
                0x0000000000001362     0x28c2 ./Drivers/STM32F7xx_HAL_Driver/stm32f7xx_hal_uart.o
 .debug_loclists
                0x0000000000003c24      0x2ef ./Example/SW4STM32/syscalls.o
 .debug_loclists
                0x0000000000003f13       0x55 ./Example/User/main.o
 .debug_loclists
                0x0000000000003f68       0x3b ./Example/User/stm32f7xx_hal_msp.o

.debug_aranges  0x0000000000000000      0x738
 .debug_aranges
                0x0000000000000000       0x60 ./Drivers/BSP/STM32F767ZI-Nucleo/stm32f7xx_nucleo_144.o
 .debug_aranges
                0x0000000000000060       0x28 ./Drivers/CMSIS/system_stm32f7xx.o
 .debug_aranges
                0x0000000000000088      0x108 ./Drivers/STM32F7xx_HAL_Driver/stm32f7xx_hal.o
 .debug_aranges
                0x0000000000000190       0xa8 ./Drivers/STM32F7xx_HAL_Driver/stm32f7xx_hal_cortex.o
 .debug_aranges
                0x0000000000000238       0x58 ./Drivers/STM32F7xx_HAL_Driver/stm32f7xx_hal_gpio.o
 .debug_aranges
                0x0000000000000290       0x80 ./Drivers/STM32F7xx_HAL_Driver/stm32f7xx_hal_pwr_ex.o
 .debug_aranges
                0x0000000000000310       0x88 ./Drivers/STM32F7xx_HAL_Driver/stm32f7xx_hal_rcc.o
 .debug_aranges
                0x0000000000000398       0x50 ./Drivers/STM32F7xx_HAL_Driver/stm32f7xx_hal_rcc_ex.o
 .debug_aranges
                0x00000000000003e8      0x1d8 ./Drivers/STM32F7xx_HAL_Driver/stm32f7xx_hal_uart.o
 .debug_aranges
                0x00000000000005c0       0x28 ./Example/SW4STM32/startup_stm32f767xx.o
 .debug_aranges
                0x00000000000005e8       0xb0 ./Example/SW4STM32/syscalls.o
 .debug_aranges
                0x0000000000000698       0x30 ./Example/User/main.o
 .debug_aranges
                0x00000000000006c8       0x28 ./Example/User/stm32f7xx_hal_msp.o
 .debug_aranges
                0x00000000000006f0       0x48 ./Example/User/stm32f7xx_it.o

.debug_rnglists
                0x0000000000000000      0x6b5
 .debug_rnglists
                0x0000000000000000       0x67 ./Drivers/BSP/STM32F767ZI-Nucleo/stm32f7xx_nucleo_144.o
 .debug_rnglists
                0x0000000000000067       0x19 ./Drivers/CMSIS/system_stm32f7xx.o
 .debug_rnglists
                0x0000000000000080       0xc1 ./Drivers/STM32F7xx_HAL_Driver/stm32f7xx_hal.o
 .debug_rnglists
                0x0000000000000141       0xd3 ./Drivers/STM32F7xx_HAL_Driver/stm32f7xx_hal_cortex.o
 .debug_rnglists
                0x0000000000000214       0x57 ./Drivers/STM32F7xx_HAL_Driver/stm32f7xx_hal_gpio.o
 .debug_rnglists
                0x000000000000026b       0xa5 ./Drivers/STM32F7xx_HAL_Driver/stm32f7xx_hal_pwr_ex.o
 .debug_rnglists
                0x0000000000000310       0x9c ./Drivers/STM32F7xx_HAL_Driver/stm32f7xx_hal_rcc.o
 .debug_rnglists
                0x00000000000003ac       0x46 ./Drivers/STM32F7xx_HAL_Driver/stm32f7xx_hal_rcc_ex.o
 .debug_rnglists
                0x00000000000003f2      0x17b ./Drivers/STM32F7xx_HAL_Driver/stm32f7xx_hal_uart.o
 .debug_rnglists
                0x000000000000056d       0x19 ./Example/SW4STM32/startup_stm32f767xx.o
 .debug_rnglists
                0x0000000000000586       0x8b ./Example/SW4STM32/syscalls.o
 .debug_rnglists
                0x0000000000000611       0x2c ./Example/User/main.o
 .debug_rnglists
                0x000000000000063d       0x47 ./Example/User/stm32f7xx_hal_msp.o
 .debug_rnglists
                0x0000000000000684       0x31 ./Example/User/stm32f7xx_it.o

.debug_macro    0x0000000000000000    0x27930
 .debug_macro   0x0000000000000000      0x1fe ./Drivers/BSP/STM32F767ZI-Nucleo/stm32f7xx_nucleo_144.o
 .debug_macro   0x00000000000001fe      0xac6 ./Drivers/BSP/STM32F767ZI-Nucleo/stm32f7xx_nucleo_144.o
 .debug_macro   0x0000000000000cc4      0x294 ./Drivers/BSP/STM32F767ZI-Nucleo/stm32f7xx_nucleo_144.o
 .debug_macro   0x0000000000000f58       0x2e ./Drivers/BSP/STM32F767ZI-Nucleo/stm32f7xx_nucleo_144.o
 .debug_macro   0x0000000000000f86       0x3b ./Drivers/BSP/STM32F767ZI-Nucleo/stm32f7xx_nucleo_144.o
 .debug_macro   0x0000000000000fc1       0x22 ./Drivers/BSP/STM32F767ZI-Nucleo/stm32f7xx_nucleo_144.o
 .debug_macro   0x0000000000000fe3       0x8e ./Drivers/BSP/STM32F767ZI-Nucleo/stm32f7xx_nucleo_144.o
 .debug_macro   0x0000000000001071       0x51 ./Drivers/BSP/STM32F767ZI-Nucleo/stm32f7xx_nucleo_144.o
 .debug_macro   0x00000000000010c2      0x103 ./Drivers/BSP/STM32F767ZI-Nucleo/stm32f7xx_nucleo_144.o
 .debug_macro   0x00000000000011c5       0x6a ./Drivers/BSP/STM32F767ZI-Nucleo/stm32f7xx_nucleo_144.o
 .debug_macro   0x000000000000122f      0x1df ./Drivers/BSP/STM32F767ZI-Nucleo/stm32f7xx_nucleo_144.o
 .debug_macro   0x000000000000140e       0x1c ./Drivers/BSP/STM32F767ZI-Nucleo/stm32f7xx_nucleo_144.o
 .debug_macro   0x000000000000142a       0x22 ./Drivers/BSP/STM32F767ZI-Nucleo/stm32f7xx_nucleo_144.o
 .debug_macro   0x000000000000144c       0xd9 ./Drivers/BSP/STM32F767ZI-Nucleo/stm32f7xx_nucleo_144.o
 .debug_macro   0x0000000000001525     0x12cd ./Drivers/BSP/STM32F767ZI-Nucleo/stm32f7xx_nucleo_144.o
 .debug_macro   0x00000000000027f2      0x11f ./Drivers/BSP/STM32F767ZI-Nucleo/stm32f7xx_nucleo_144.o
 .debug_macro   0x0000000000002911       0x19 ./Drivers/BSP/STM32F767ZI-Nucleo/stm32f7xx_nucleo_144.o
 .debug_macro   0x000000000000292a    0x1aa0d ./Drivers/BSP/STM32F767ZI-Nucleo/stm32f7xx_nucleo_144.o
 .debug_macro   0x000000000001d337       0x6d ./Drivers/BSP/STM32F767ZI-Nucleo/stm32f7xx_nucleo_144.o
 .debug_macro   0x000000000001d3a4     0x3749 ./Drivers/BSP/STM32F767ZI-Nucleo/stm32f7xx_nucleo_144.o
 .debug_macro   0x0000000000020aed      0x174 ./Drivers/BSP/STM32F767ZI-Nucleo/stm32f7xx_nucleo_144.o
 .debug_macro   0x0000000000020c61       0x63 ./Drivers/BSP/STM32F767ZI-Nucleo/stm32f7xx_nucleo_144.o
 .debug_macro   0x0000000000020cc4     0x1add ./Drivers/BSP/STM32F767ZI-Nucleo/stm32f7xx_nucleo_144.o
 .debug_macro   0x00000000000227a1      0x6c4 ./Drivers/BSP/STM32F767ZI-Nucleo/stm32f7xx_nucleo_144.o
 .debug_macro   0x0000000000022e65      0x115 ./Drivers/BSP/STM32F767ZI-Nucleo/stm32f7xx_nucleo_144.o
 .debug_macro   0x0000000000022f7a      0x26e ./Drivers/BSP/STM32F767ZI-Nucleo/stm32f7xx_nucleo_144.o
 .debug_macro   0x00000000000231e8       0xa5 ./Drivers/BSP/STM32F767ZI-Nucleo/stm32f7xx_nucleo_144.o
 .debug_macro   0x000000000002328d      0x24f ./Drivers/BSP/STM32F767ZI-Nucleo/stm32f7xx_nucleo_144.o
 .debug_macro   0x00000000000234dc       0x71 ./Drivers/BSP/STM32F767ZI-Nucleo/stm32f7xx_nucleo_144.o
 .debug_macro   0x000000000002354d       0x58 ./Drivers/BSP/STM32F767ZI-Nucleo/stm32f7xx_nucleo_144.o
 .debug_macro   0x00000000000235a5      0x236 ./Drivers/BSP/STM32F767ZI-Nucleo/stm32f7xx_nucleo_144.o
 .debug_macro   0x00000000000237db      0x14e ./Drivers/BSP/STM32F767ZI-Nucleo/stm32f7xx_nucleo_144.o
 .debug_macro   0x0000000000023929      0x3db ./Drivers/BSP/STM32F767ZI-Nucleo/stm32f7xx_nucleo_144.o
 .debug_macro   0x0000000000023d04       0x12 ./Drivers/BSP/STM32F767ZI-Nucleo/stm32f7xx_nucleo_144.o
 .debug_macro   0x0000000000023d16      0x22c ./Drivers/BSP/STM32F767ZI-Nucleo/stm32f7xx_nucleo_144.o
 .debug_macro   0x0000000000023f42       0x61 ./Drivers/BSP/STM32F767ZI-Nucleo/stm32f7xx_nucleo_144.o
 .debug_macro   0x0000000000023fa3       0xa5 ./Drivers/BSP/STM32F767ZI-Nucleo/stm32f7xx_nucleo_144.o
 .debug_macro   0x0000000000024048      0x12e ./Drivers/BSP/STM32F767ZI-Nucleo/stm32f7xx_nucleo_144.o
 .debug_macro   0x0000000000024176      0x108 ./Drivers/BSP/STM32F767ZI-Nucleo/stm32f7xx_nucleo_144.o
 .debug_macro   0x000000000002427e       0x35 ./Drivers/BSP/STM32F767ZI-Nucleo/stm32f7xx_nucleo_144.o
 .debug_macro   0x00000000000242b3      0x5ba ./Drivers/BSP/STM32F767ZI-Nucleo/stm32f7xx_nucleo_144.o
 .debug_macro   0x000000000002486d       0x44 ./Drivers/BSP/STM32F767ZI-Nucleo/stm32f7xx_nucleo_144.o
 .debug_macro   0x00000000000248b1      0x15b ./Drivers/BSP/STM32F767ZI-Nucleo/stm32f7xx_nucleo_144.o
 .debug_macro   0x0000000000024a0c       0xf7 ./Drivers/BSP/STM32F767ZI-Nucleo/stm32f7xx_nucleo_144.o
 .debug_macro   0x0000000000024b03      0x1cb ./Drivers/CMSIS/system_stm32f7xx.o
 .debug_macro   0x0000000000024cce      0x1e9 ./Drivers/STM32F7xx_HAL_Driver/stm32f7xx_hal.o
 .debug_macro   0x0000000000024eb7      0x1c5 ./Drivers/STM32F7xx_HAL_Driver/stm32f7xx_hal_cortex.o
 .debug_macro   0x000000000002507c      0x1cb ./Drivers/STM32F7xx_HAL_Driver/stm32f7xx_hal_gpio.o
 .debug_macro   0x0000000000025247      0x1dd ./Drivers/STM32F7xx_HAL_Driver/stm32f7xx_hal_pwr_ex.o
 .debug_macro   0x0000000000025424      0x1e9 ./Drivers/STM32F7xx_HAL_Driver/stm32f7xx_hal_rcc.o
 .debug_macro   0x000000000002560d      0x1c5 ./Drivers/STM32F7xx_HAL_Driver/stm32f7xx_hal_rcc_ex.o
 .debug_macro   0x00000000000257d2      0x1e2 ./Drivers/STM32F7xx_HAL_Driver/stm32f7xx_hal_uart.o
 .debug_macro   0x00000000000259b4      0x274 ./Example/SW4STM32/syscalls.o
 .debug_macro   0x0000000000025c28       0x5b ./Example/SW4STM32/syscalls.o
 .debug_macro   0x0000000000025c83       0x29 ./Example/SW4STM32/syscalls.o
 .debug_macro   0x0000000000025cac       0x94 ./Example/SW4STM32/syscalls.o
 .debug_macro   0x0000000000025d40       0x43 ./Example/SW4STM32/syscalls.o
 .debug_macro   0x0000000000025d83       0x34 ./Example/SW4STM32/syscalls.o
 .debug_macro   0x0000000000025db7       0x57 ./Example/SW4STM32/syscalls.o
 .debug_macro   0x0000000000025e0e      0x369 ./Example/SW4STM32/syscalls.o
 .debug_macro   0x0000000000026177       0x16 ./Example/SW4STM32/syscalls.o
 .debug_macro   0x000000000002618d       0x43 ./Example/SW4STM32/syscalls.o
 .debug_macro   0x00000000000261d0       0x34 ./Example/SW4STM32/syscalls.o
 .debug_macro   0x0000000000026204       0x10 ./Example/SW4STM32/syscalls.o
 .debug_macro   0x0000000000026214       0x58 ./Example/SW4STM32/syscalls.o
 .debug_macro   0x000000000002626c       0x8e ./Example/SW4STM32/syscalls.o
 .debug_macro   0x00000000000262fa       0x1c ./Example/SW4STM32/syscalls.o
 .debug_macro   0x0000000000026316      0x177 ./Example/SW4STM32/syscalls.o
 .debug_macro   0x000000000002648d       0x10 ./Example/SW4STM32/syscalls.o
 .debug_macro   0x000000000002649d       0x35 ./Example/SW4STM32/syscalls.o
 .debug_macro   0x00000000000264d2       0x10 ./Example/SW4STM32/syscalls.o
 .debug_macro   0x00000000000264e2       0x10 ./Example/SW4STM32/syscalls.o
 .debug_macro   0x00000000000264f2       0x10 ./Example/SW4STM32/syscalls.o
 .debug_macro   0x0000000000026502       0x1c ./Example/SW4STM32/syscalls.o
 .debug_macro   0x000000000002651e       0x52 ./Example/SW4STM32/syscalls.o
 .debug_macro   0x0000000000026570       0x22 ./Example/SW4STM32/syscalls.o
 .debug_macro   0x0000000000026592       0x10 ./Example/SW4STM32/syscalls.o
 .debug_macro   0x00000000000265a2       0x52 ./Example/SW4STM32/syscalls.o
 .debug_macro   0x00000000000265f4       0xcf ./Example/SW4STM32/syscalls.o
 .debug_macro   0x00000000000266c3       0x1c ./Example/SW4STM32/syscalls.o
 .debug_macro   0x00000000000266df       0x3d ./Example/SW4STM32/syscalls.o
 .debug_macro   0x000000000002671c       0x35 ./Example/SW4STM32/syscalls.o
 .debug_macro   0x0000000000026751      0x12c ./Example/SW4STM32/syscalls.o
 .debug_macro   0x000000000002687d       0x16 ./Example/SW4STM32/syscalls.o
 .debug_macro   0x0000000000026893       0x16 ./Example/SW4STM32/syscalls.o
 .debug_macro   0x00000000000268a9       0x29 ./Example/SW4STM32/syscalls.o
 .debug_macro   0x00000000000268d2       0x10 ./Example/SW4STM32/syscalls.o
 .debug_macro   0x00000000000268e2      0x242 ./Example/SW4STM32/syscalls.o
 .debug_macro   0x0000000000026b24       0x1c ./Example/SW4STM32/syscalls.o
 .debug_macro   0x0000000000026b40       0x10 ./Example/SW4STM32/syscalls.o
 .debug_macro   0x0000000000026b50       0x10 ./Example/SW4STM32/syscalls.o
 .debug_macro   0x0000000000026b60       0x16 ./Example/SW4STM32/syscalls.o
 .debug_macro   0x0000000000026b76      0x147 ./Example/SW4STM32/syscalls.o
 .debug_macro   0x0000000000026cbd      0x18a ./Example/SW4STM32/syscalls.o
 .debug_macro   0x0000000000026e47       0x16 ./Example/SW4STM32/syscalls.o
 .debug_macro   0x0000000000026e5d       0xce ./Example/SW4STM32/syscalls.o
 .debug_macro   0x0000000000026f2b      0x2bb ./Example/User/main.o
 .debug_macro   0x00000000000271e6       0xfd ./Example/User/main.o
 .debug_macro   0x00000000000272e3       0x61 ./Example/User/main.o
 .debug_macro   0x0000000000027344       0x16 ./Example/User/main.o
 .debug_macro   0x000000000002735a       0x16 ./Example/User/main.o
 .debug_macro   0x0000000000027370       0x4c ./Example/User/main.o
 .debug_macro   0x00000000000273bc      0x2b5 ./Example/User/stm32f7xx_hal_msp.o
 .debug_macro   0x0000000000027671      0x2bf ./Example/User/stm32f7xx_it.o

.debug_line     0x0000000000000000     0xe048
 .debug_line    0x0000000000000000      0x9c0 ./Drivers/BSP/STM32F767ZI-Nucleo/stm32f7xx_nucleo_144.o
 .debug_line    0x00000000000009c0      0x842 ./Drivers/CMSIS/system_stm32f7xx.o
 .debug_line    0x0000000000001202      0xb4d ./Drivers/STM32F7xx_HAL_Driver/stm32f7xx_hal.o
 .debug_line    0x0000000000001d4f      0xd84 ./Drivers/STM32F7xx_HAL_Driver/stm32f7xx_hal_cortex.o
 .debug_line    0x0000000000002ad3      0xcf9 ./Drivers/STM32F7xx_HAL_Driver/stm32f7xx_hal_gpio.o
 .debug_line    0x00000000000037cc      0xb66 ./Drivers/STM32F7xx_HAL_Driver/stm32f7xx_hal_pwr_ex.o
 .debug_line    0x0000000000004332     0x1279 ./Drivers/STM32F7xx_HAL_Driver/stm32f7xx_hal_rcc.o
 .debug_line    0x00000000000055ab     0x1076 ./Drivers/STM32F7xx_HAL_Driver/stm32f7xx_hal_rcc_ex.o
 .debug_line    0x0000000000006621     0x507b ./Drivers/STM32F7xx_HAL_Driver/stm32f7xx_hal_uart.o
 .debug_line    0x000000000000b69c       0x77 ./Example/SW4STM32/startup_stm32f767xx.o
 .debug_line    0x000000000000b713      0x9f2 ./Example/SW4STM32/syscalls.o
 .debug_line    0x000000000000c105      0xbd3 ./Example/User/main.o
 .debug_line    0x000000000000ccd8      0x9b7 ./Example/User/stm32f7xx_hal_msp.o
 .debug_line    0x000000000000d68f      0x9b9 ./Example/User/stm32f7xx_it.o

.debug_str      0x0000000000000000    0xf2d3d
 .debug_str     0x0000000000000000    0xeadc4 ./Drivers/BSP/STM32F767ZI-Nucleo/stm32f7xx_nucleo_144.o
                                      0xeb4d4 (size before relaxing)
 .debug_str     0x00000000000eadc4      0x1ed ./Drivers/CMSIS/system_stm32f7xx.o
                                      0xea4fa (size before relaxing)
 .debug_str     0x00000000000eafb1      0x501 ./Drivers/STM32F7xx_HAL_Driver/stm32f7xx_hal.o
                                      0xeaf52 (size before relaxing)
 .debug_str     0x00000000000eb4b2      0x35c ./Drivers/STM32F7xx_HAL_Driver/stm32f7xx_hal_cortex.o
                                      0xeaeda (size before relaxing)
 .debug_str     0x00000000000eb80e      0x11a ./Drivers/STM32F7xx_HAL_Driver/stm32f7xx_hal_gpio.o
                                      0xea5a8 (size before relaxing)
 .debug_str     0x00000000000eb928      0x220 ./Drivers/STM32F7xx_HAL_Driver/stm32f7xx_hal_pwr_ex.o
                                      0xea759 (size before relaxing)
 .debug_str     0x00000000000ebb48      0x3bb ./Drivers/STM32F7xx_HAL_Driver/stm32f7xx_hal_rcc.o
                                      0xea876 (size before relaxing)
 .debug_str     0x00000000000ebf03      0x3ec ./Drivers/STM32F7xx_HAL_Driver/stm32f7xx_hal_rcc_ex.o
                                      0xea7c8 (size before relaxing)
 .debug_str     0x00000000000ec2ef      0xd53 ./Drivers/STM32F7xx_HAL_Driver/stm32f7xx_hal_uart.o
                                      0xeb1b3 (size before relaxing)
 .debug_str     0x00000000000ed042       0x67 ./Example/SW4STM32/startup_stm32f767xx.o
                                         0xc5 (size before relaxing)
 .debug_str     0x00000000000ed0a9     0x586c ./Example/SW4STM32/syscalls.o
                                       0x9995 (size before relaxing)
 .debug_str     0x00000000000f2915      0x2d1 ./Example/User/main.o
                                      0xeeb6e (size before relaxing)
 .debug_str     0x00000000000f2be6       0x66 ./Example/User/stm32f7xx_hal_msp.o
                                      0xeeb62 (size before relaxing)
 .debug_str     0x00000000000f2c4c       0xf1 ./Example/User/stm32f7xx_it.o
                                      0xee280 (size before relaxing)

.debug_frame    0x0000000000000000     0x1a08
 .debug_frame   0x0000000000000000       0xf0 ./Drivers/BSP/STM32F767ZI-Nucleo/stm32f7xx_nucleo_144.o
 .debug_frame   0x00000000000000f0       0x30 ./Drivers/CMSIS/system_stm32f7xx.o
 .debug_frame   0x0000000000000120      0x234 ./Drivers/STM32F7xx_HAL_Driver/stm32f7xx_hal.o
 .debug_frame   0x0000000000000354      0x158 ./Drivers/STM32F7xx_HAL_Driver/stm32f7xx_hal_cortex.o
 .debug_frame   0x00000000000004ac       0xd4 ./Drivers/STM32F7xx_HAL_Driver/stm32f7xx_hal_gpio.o
 .debug_frame   0x0000000000000580      0x140 ./Drivers/STM32F7xx_HAL_Driver/stm32f7xx_hal_pwr_ex.o
 .debug_frame   0x00000000000006c0      0x148 ./Drivers/STM32F7xx_HAL_Driver/stm32f7xx_hal_rcc.o
 .debug_frame   0x0000000000000808       0xcc ./Drivers/STM32F7xx_HAL_Driver/stm32f7xx_hal_rcc_ex.o
 .debug_frame   0x00000000000008d4      0x60c ./Drivers/STM32F7xx_HAL_Driver/stm32f7xx_hal_uart.o
 .debug_frame   0x0000000000000ee0      0x1a8 ./Example/SW4STM32/syscalls.o
 .debug_frame   0x0000000000001088       0x60 ./Example/User/main.o
 .debug_frame   0x00000000000010e8       0x4c ./Example/User/stm32f7xx_hal_msp.o
 .debug_frame   0x0000000000001134       0xa0 ./Example/User/stm32f7xx_it.o
 .debug_frame   0x00000000000011d4      0x144 C:/ST/STM32CubeIDE_1.13.2/STM32CubeIDE/plugins/com.st.stm32cube.ide.mcu.externaltools.gnu-tools-for-stm32.11.3.rel1.win32_1.1.1.202309131626/tools/bin/../lib/gcc/arm-none-eabi/11.3.1/../../../../arm-none-eabi/lib/thumb/v7e-m+dp/hard\libc_nano.a(libc_a-findfp.o)
 .debug_frame   0x0000000000001318       0x34 C:/ST/STM32CubeIDE_1.13.2/STM32CubeIDE/plugins/com.st.stm32cube.ide.mcu.externaltools.gnu-tools-for-stm32.11.3.rel1.win32_1.1.1.202309131626/tools/bin/../lib/gcc/arm-none-eabi/11.3.1/../../../../arm-none-eabi/lib/thumb/v7e-m+dp/hard\libc_nano.a(libc_a-fwalk.o)
 .debug_frame   0x000000000000134c       0x6c C:/ST/STM32CubeIDE_1.13.2/STM32CubeIDE/plugins/com.st.stm32cube.ide.mcu.externaltools.gnu-tools-for-stm32.11.3.rel1.win32_1.1.1.202309131626/tools/bin/../lib/gcc/arm-none-eabi/11.3.1/../../../../arm-none-eabi/lib/thumb/v7e-m+dp/hard\libc_nano.a(libc_a-printf.o)
 .debug_frame   0x00000000000013b8       0x88 C:/ST/STM32CubeIDE_1.13.2/STM32CubeIDE/plugins/com.st.stm32cube.ide.mcu.externaltools.gnu-tools-for-stm32.11.3.rel1.win32_1.1.1.202309131626/tools/bin/../lib/gcc/arm-none-eabi/11.3.1/../../../../arm-none-eabi/lib/thumb/v7e-m+dp/hard\libc_nano.a(libc_a-stdio.o)
 .debug_frame   0x0000000000001440       0x20 C:/ST/STM32CubeIDE_1.13.2/STM32CubeIDE/plugins/com.st.stm32cube.ide.mcu.externaltools.gnu-tools-for-stm32.11.3.rel1.win32_1.1.1.202309131626/tools/bin/../lib/gcc/arm-none-eabi/11.3.1/../../../../arm-none-eabi/lib/thumb/v7e-m+dp/hard\libc_nano.a(libc_a-memset.o)
 .debug_frame   0x0000000000001460       0x2c C:/ST/STM32CubeIDE_1.13.2/STM32CubeIDE/plugins/com.st.stm32cube.ide.mcu.externaltools.gnu-tools-for-stm32.11.3.rel1.win32_1.1.1.202309131626/tools/bin/../lib/gcc/arm-none-eabi/11.3.1/../../../../arm-none-eabi/lib/thumb/v7e-m+dp/hard\libc_nano.a(libc_a-closer.o)
 .debug_frame   0x000000000000148c       0x38 C:/ST/STM32CubeIDE_1.13.2/STM32CubeIDE/plugins/com.st.stm32cube.ide.mcu.externaltools.gnu-tools-for-stm32.11.3.rel1.win32_1.1.1.202309131626/tools/bin/../lib/gcc/arm-none-eabi/11.3.1/../../../../arm-none-eabi/lib/thumb/v7e-m+dp/hard\libc_nano.a(libc_a-reent.o)
 .debug_frame   0x00000000000014c4       0x2c C:/ST/STM32CubeIDE_1.13.2/STM32CubeIDE/plugins/com.st.stm32cube.ide.mcu.externaltools.gnu-tools-for-stm32.11.3.rel1.win32_1.1.1.202309131626/tools/bin/../lib/gcc/arm-none-eabi/11.3.1/../../../../arm-none-eabi/lib/thumb/v7e-m+dp/hard\libc_nano.a(libc_a-lseekr.o)
 .debug_frame   0x00000000000014f0       0x2c C:/ST/STM32CubeIDE_1.13.2/STM32CubeIDE/plugins/com.st.stm32cube.ide.mcu.externaltools.gnu-tools-for-stm32.11.3.rel1.win32_1.1.1.202309131626/tools/bin/../lib/gcc/arm-none-eabi/11.3.1/../../../../arm-none-eabi/lib/thumb/v7e-m+dp/hard\libc_nano.a(libc_a-readr.o)
 .debug_frame   0x000000000000151c       0x2c C:/ST/STM32CubeIDE_1.13.2/STM32CubeIDE/plugins/com.st.stm32cube.ide.mcu.externaltools.gnu-tools-for-stm32.11.3.rel1.win32_1.1.1.202309131626/tools/bin/../lib/gcc/arm-none-eabi/11.3.1/../../../../arm-none-eabi/lib/thumb/v7e-m+dp/hard\libc_nano.a(libc_a-writer.o)
 .debug_frame   0x0000000000001548       0x20 C:/ST/STM32CubeIDE_1.13.2/STM32CubeIDE/plugins/com.st.stm32cube.ide.mcu.externaltools.gnu-tools-for-stm32.11.3.rel1.win32_1.1.1.202309131626/tools/bin/../lib/gcc/arm-none-eabi/11.3.1/../../../../arm-none-eabi/lib/thumb/v7e-m+dp/hard\libc_nano.a(libc_a-errno.o)
 .debug_frame   0x0000000000001568       0x2c C:/ST/STM32CubeIDE_1.13.2/STM32CubeIDE/plugins/com.st.stm32cube.ide.mcu.externaltools.gnu-tools-for-stm32.11.3.rel1.win32_1.1.1.202309131626/tools/bin/../lib/gcc/arm-none-eabi/11.3.1/../../../../arm-none-eabi/lib/thumb/v7e-m+dp/hard\libc_nano.a(libc_a-init.o)
 .debug_frame   0x0000000000001594       0xb0 C:/ST/STM32CubeIDE_1.13.2/STM32CubeIDE/plugins/com.st.stm32cube.ide.mcu.externaltools.gnu-tools-for-stm32.11.3.rel1.win32_1.1.1.202309131626/tools/bin/../lib/gcc/arm-none-eabi/11.3.1/../../../../arm-none-eabi/lib/thumb/v7e-m+dp/hard\libc_nano.a(libc_a-lock.o)
 .debug_frame   0x0000000000001644       0x38 C:/ST/STM32CubeIDE_1.13.2/STM32CubeIDE/plugins/com.st.stm32cube.ide.mcu.externaltools.gnu-tools-for-stm32.11.3.rel1.win32_1.1.1.202309131626/tools/bin/../lib/gcc/arm-none-eabi/11.3.1/../../../../arm-none-eabi/lib/thumb/v7e-m+dp/hard\libc_nano.a(libc_a-freer.o)
 .debug_frame   0x000000000000167c       0x50 C:/ST/STM32CubeIDE_1.13.2/STM32CubeIDE/plugins/com.st.stm32cube.ide.mcu.externaltools.gnu-tools-for-stm32.11.3.rel1.win32_1.1.1.202309131626/tools/bin/../lib/gcc/arm-none-eabi/11.3.1/../../../../arm-none-eabi/lib/thumb/v7e-m+dp/hard\libc_nano.a(libc_a-mallocr.o)
 .debug_frame   0x00000000000016cc       0x30 C:/ST/STM32CubeIDE_1.13.2/STM32CubeIDE/plugins/com.st.stm32cube.ide.mcu.externaltools.gnu-tools-for-stm32.11.3.rel1.win32_1.1.1.202309131626/tools/bin/../lib/gcc/arm-none-eabi/11.3.1/../../../../arm-none-eabi/lib/thumb/v7e-m+dp/hard\libc_nano.a(libc_a-mlock.o)
 .debug_frame   0x00000000000016fc       0xa8 C:/ST/STM32CubeIDE_1.13.2/STM32CubeIDE/plugins/com.st.stm32cube.ide.mcu.externaltools.gnu-tools-for-stm32.11.3.rel1.win32_1.1.1.202309131626/tools/bin/../lib/gcc/arm-none-eabi/11.3.1/../../../../arm-none-eabi/lib/thumb/v7e-m+dp/hard\libc_nano.a(libc_a-nano-vfprintf.o)