../wavelib/src/wavelib.c:15:13:wave_init	40	static
../wavelib/src/wavelib.c:41:11:wt_init	40	static
../wavelib/src/wavelib.c:137:14:wtree_init	56	static
../wavelib/src/wavelib.c:199:12:wpt_init	64	static
../wavelib/src/wavelib.c:275:12:cwt_init	104	static
../wavelib/src/wavelib.c:365:12:wt2_init	56	static
../wavelib/src/wavelib.c:447:13:wconv	32	static
../wavelib/src/wavelib.c:468:13:dwt_per	48	static
../wavelib/src/wavelib.c:474:13:wtree_per	48	static
../wavelib/src/wavelib.c:530:13:dwpt_per	48	static
../wavelib/src/wavelib.c:586:13:dwt_sym	48	static
../wavelib/src/wavelib.c:591:13:wtree_sym	40	static
../wavelib/src/wavelib.c:620:13:dwpt_sym	40	static
../wavelib/src/wavelib.c:649:13:dwt1	56	static
../wavelib/src/wavelib.c:724:6:dwt	64	static
../wavelib/src/wavelib.c:841:13:getDWTRecCoeff	80	static
../wavelib/src/wavelib.c:982:9:getDWTmra	88	static
../wavelib/src/wavelib.c:1004:6:wtree	96	static
../wavelib/src/wavelib.c:1135:12:ipow2	24	static
../wavelib/src/wavelib.c:1146:6:dwpt	168	static
../wavelib/src/wavelib.c:1380:5:getWTREENodelength	24	static
../wavelib/src/wavelib.c:1396:5:getDWPTNodelength	24	static
../wavelib/src/wavelib.c:1412:6:getWTREECoeffs	40	static
../wavelib/src/wavelib.c:1451:6:getDWPTCoeffs	48	static
../wavelib/src/wavelib.c:1502:5:getCWTScaleLength	40	static
../wavelib/src/wavelib.c:1514:6:setCWTScales	48	static
../wavelib/src/wavelib.c:1540:6:setCWTScaleVector	48	static
../wavelib/src/wavelib.c:1556:6:setCWTPadding	16	static
../wavelib/src/wavelib.c:1565:6:cwt	96	static
../wavelib/src/wavelib.c:1597:6:icwt	64	static
../wavelib/src/wavelib.c:1620:13:idwt1	56	static
../wavelib/src/wavelib.c:1664:13:idwt_per	48	static
../wavelib/src/wavelib.c:1668:13:idwt_sym	48	static
../wavelib/src/wavelib.c:1673:6:idwt	104	static
../wavelib/src/wavelib.c:1836:13:idwpt_per	56	static
../wavelib/src/wavelib.c:1867:13:idwpt_sym	56	static
../wavelib/src/wavelib.c:1890:6:idwpt	112	static
../wavelib/src/wavelib.c:2168:13:swt_per	56	static
../wavelib/src/wavelib.c:2173:13:swt_fft	80	static
../wavelib/src/wavelib.c:2258:13:swt_direct	64	static
../wavelib/src/wavelib.c:2307:6:swt	16	static
../wavelib/src/wavelib.c:2320:13:getSWTRecCoeff	136	static
../wavelib/src/wavelib.c:2464:9:getSWTmra	80	static
../wavelib/src/wavelib.c:2486:6:iswt	136	static
../wavelib/src/wavelib.c:2631:13:modwt_per	56	static
../wavelib/src/wavelib.c:2665:13:modwt_direct	56	static
../wavelib/src/wavelib.c:2719:13:modwt_fft	104	static
../wavelib/src/wavelib.c:2844:6:modwt	16	static
../wavelib/src/wavelib.c:2857:13:conj_complex	24	static
../wavelib/src/wavelib.c:2865:13:getMODWTRecCoeff	56	static
../wavelib/src/wavelib.c:2935:9:getMODWTmra	144	static
../wavelib/src/wavelib.c:3055:6:imodwt_fft	104	static
../wavelib/src/wavelib.c:3173:13:imodwt_per	56	static
../wavelib/src/wavelib.c:3206:13:imodwt_direct	56	static
../wavelib/src/wavelib.c:3244:6:imodwt	16	static
../wavelib/src/wavelib.c:3258:6:setDWTExtension	16	static
../wavelib/src/wavelib.c:3271:6:setWTREEExtension	16	static
../wavelib/src/wavelib.c:3284:6:setDWPTExtension	16	static
../wavelib/src/wavelib.c:3297:6:setDWT2Extension	16	static
../wavelib/src/wavelib.c:3322:6:setDWPTEntropy	24	static
../wavelib/src/wavelib.c:3343:6:setWTConv	16	static
../wavelib/src/wavelib.c:3356:9:dwt2	144	static
../wavelib/src/wavelib.c:3503:6:idwt2	152	static
../wavelib/src/wavelib.c:3678:9:swt2	152	static
../wavelib/src/wavelib.c:3758:6:iswt2	160	static
../wavelib/src/wavelib.c:3846:9:modwt2	152	static
../wavelib/src/wavelib.c:3934:6:imodwt2	136	static
../wavelib/src/wavelib.c:3996:9:getWT2Coeffs	40	static
../wavelib/src/wavelib.c:4042:6:dispWT2Coeffs	32	static
../wavelib/src/wavelib.c:4055:6:wave_summary	24	static
../wavelib/src/wavelib.c:4088:6:wt_summary	32	static
../wavelib/src/wavelib.c:4121:6:wtree_summary	48	static
../wavelib/src/wavelib.c:4153:6:wpt_summary	48	static
../wavelib/src/wavelib.c:4194:6:cwt_summary	16	static
../wavelib/src/wavelib.c:4218:6:wt2_summary	48	static
../wavelib/src/wavelib.c:4259:6:wave_free	16	static
../wavelib/src/wavelib.c:4263:6:wt_free	16	static
../wavelib/src/wavelib.c:4267:6:wtree_free	16	static
../wavelib/src/wavelib.c:4271:6:wpt_free	16	static
../wavelib/src/wavelib.c:4275:6:cwt_free	16	static
../wavelib/src/wavelib.c:4279:6:wt2_free	16	static
