../wavelib/src/wtmath.c:6:6:dwt_per_stride	56	static
../wavelib/src/wtmath.c:70:6:dwt_sym_stride	48	static
../wavelib/src/wtmath.c:103:6:modwt_per_stride	48	static
../wavelib/src/wtmath.c:133:6:swt_per_stride	64	static
../wavelib/src/wtmath.c:189:6:idwt_per_stride	64	static
../wavelib/src/wtmath.c:226:6:idwt_sym_stride	64	static
../wavelib/src/wtmath.c:252:6:imodwt_per_stride	48	static
../wavelib/src/wtmath.c:279:6:idwt2_shift	104	static
../wavelib/src/wtmath.c:353:5:upsamp	40	static
../wavelib/src/wtmath.c:384:5:upsamp2	40	static
../wavelib/src/wtmath.c:415:5:downsamp	32	static
../wavelib/src/wtmath.c:458:5:per_ext	48	static
../wavelib/src/wtmath.c:496:5:symm_ext	48	static
../wavelib/src/wtmath.c:516:12:isign	24	static
../wavelib/src/wtmath.c:528:12:iabs	16	static
../wavelib/src/wtmath.c:537:6:circshift	40	static
../wavelib/src/wtmath.c:564:5:testSWTlength	32	static
../wavelib/src/wtmath.c:581:5:wmaxiter	32	static
../wavelib/src/wtmath.c:591:15:entropy_s	40	static
../wavelib/src/wtmath.c:606:15:entropy_t	48	static
../wavelib/src/wtmath.c:627:15:entropy_n	48	static
../wavelib/src/wtmath.c:644:15:entropy_l	40	static
../wavelib/src/wtmath.c:659:8:costfunc	40	static
