Archive member included to satisfy reference by file (symbol)

C:/ST/STM32CubeIDE_1.13.2/STM32CubeIDE/plugins/com.st.stm32cube.ide.mcu.externaltools.gnu-tools-for-stm32.11.3.rel1.win32_1.1.100.202309141235/tools/bin/../lib/gcc/arm-none-eabi/11.3.1/../../../../arm-none-eabi/lib/thumb/v7e-m+dp/hard\libc_nano.a(libc_a-atoi.o)
                              ./wavelib/src/wavefilt.o (atoi)
C:/ST/STM32CubeIDE_1.13.2/STM32CubeIDE/plugins/com.st.stm32cube.ide.mcu.externaltools.gnu-tools-for-stm32.11.3.rel1.win32_1.1.100.202309141235/tools/bin/../lib/gcc/arm-none-eabi/11.3.1/../../../../arm-none-eabi/lib/thumb/v7e-m+dp/hard\libc_nano.a(libc_a-calloc.o)
                              ./wavelib/src/wavelib.o (calloc)
C:/ST/STM32CubeIDE_1.13.2/STM32CubeIDE/plugins/com.st.stm32cube.ide.mcu.externaltools.gnu-tools-for-stm32.11.3.rel1.win32_1.1.100.202309141235/tools/bin/../lib/gcc/arm-none-eabi/11.3.1/../../../../arm-none-eabi/lib/thumb/v7e-m+dp/hard\libc_nano.a(libc_a-callocr.o)
                              C:/ST/STM32CubeIDE_1.13.2/STM32CubeIDE/plugins/com.st.stm32cube.ide.mcu.externaltools.gnu-tools-for-stm32.11.3.rel1.win32_1.1.100.202309141235/tools/bin/../lib/gcc/arm-none-eabi/11.3.1/../../../../arm-none-eabi/lib/thumb/v7e-m+dp/hard\libc_nano.a(libc_a-calloc.o) (_calloc_r)
C:/ST/STM32CubeIDE_1.13.2/STM32CubeIDE/plugins/com.st.stm32cube.ide.mcu.externaltools.gnu-tools-for-stm32.11.3.rel1.win32_1.1.100.202309141235/tools/bin/../lib/gcc/arm-none-eabi/11.3.1/../../../../arm-none-eabi/lib/thumb/v7e-m+dp/hard\libc_nano.a(libc_a-exit.o)
                              C:/ST/STM32CubeIDE_1.13.2/STM32CubeIDE/plugins/com.st.stm32cube.ide.mcu.externaltools.gnu-tools-for-stm32.11.3.rel1.win32_1.1.100.202309141235/tools/bin/../lib/gcc/arm-none-eabi/11.3.1/../../../../arm-none-eabi/lib/thumb/v7e-m+dp/hard/crt0.o (exit)
C:/ST/STM32CubeIDE_1.13.2/STM32CubeIDE/plugins/com.st.stm32cube.ide.mcu.externaltools.gnu-tools-for-stm32.11.3.rel1.win32_1.1.100.202309141235/tools/bin/../lib/gcc/arm-none-eabi/11.3.1/../../../../arm-none-eabi/lib/thumb/v7e-m+dp/hard\libc_nano.a(libc_a-malloc.o)
                              ./Core/Src/main.o (malloc)
C:/ST/STM32CubeIDE_1.13.2/STM32CubeIDE/plugins/com.st.stm32cube.ide.mcu.externaltools.gnu-tools-for-stm32.11.3.rel1.win32_1.1.100.202309141235/tools/bin/../lib/gcc/arm-none-eabi/11.3.1/../../../../arm-none-eabi/lib/thumb/v7e-m+dp/hard\libc_nano.a(libc_a-mallocr.o)
                              C:/ST/STM32CubeIDE_1.13.2/STM32CubeIDE/plugins/com.st.stm32cube.ide.mcu.externaltools.gnu-tools-for-stm32.11.3.rel1.win32_1.1.100.202309141235/tools/bin/../lib/gcc/arm-none-eabi/11.3.1/../../../../arm-none-eabi/lib/thumb/v7e-m+dp/hard\libc_nano.a(libc_a-callocr.o) (_malloc_r)
C:/ST/STM32CubeIDE_1.13.2/STM32CubeIDE/plugins/com.st.stm32cube.ide.mcu.externaltools.gnu-tools-for-stm32.11.3.rel1.win32_1.1.100.202309141235/tools/bin/../lib/gcc/arm-none-eabi/11.3.1/../../../../arm-none-eabi/lib/thumb/v7e-m+dp/hard\libc_nano.a(libc_a-mlock.o)
                              C:/ST/STM32CubeIDE_1.13.2/STM32CubeIDE/plugins/com.st.stm32cube.ide.mcu.externaltools.gnu-tools-for-stm32.11.3.rel1.win32_1.1.100.202309141235/tools/bin/../lib/gcc/arm-none-eabi/11.3.1/../../../../arm-none-eabi/lib/thumb/v7e-m+dp/hard\libc_nano.a(libc_a-mallocr.o) (__malloc_lock)
C:/ST/STM32CubeIDE_1.13.2/STM32CubeIDE/plugins/com.st.stm32cube.ide.mcu.externaltools.gnu-tools-for-stm32.11.3.rel1.win32_1.1.100.202309141235/tools/bin/../lib/gcc/arm-none-eabi/11.3.1/../../../../arm-none-eabi/lib/thumb/v7e-m+dp/hard\libc_nano.a(libc_a-strtol.o)
                              C:/ST/STM32CubeIDE_1.13.2/STM32CubeIDE/plugins/com.st.stm32cube.ide.mcu.externaltools.gnu-tools-for-stm32.11.3.rel1.win32_1.1.100.202309141235/tools/bin/../lib/gcc/arm-none-eabi/11.3.1/../../../../arm-none-eabi/lib/thumb/v7e-m+dp/hard\libc_nano.a(libc_a-atoi.o) (_strtol_r)
C:/ST/STM32CubeIDE_1.13.2/STM32CubeIDE/plugins/com.st.stm32cube.ide.mcu.externaltools.gnu-tools-for-stm32.11.3.rel1.win32_1.1.100.202309141235/tools/bin/../lib/gcc/arm-none-eabi/11.3.1/../../../../arm-none-eabi/lib/thumb/v7e-m+dp/hard\libc_nano.a(libc_a-ctype_.o)
                              C:/ST/STM32CubeIDE_1.13.2/STM32CubeIDE/plugins/com.st.stm32cube.ide.mcu.externaltools.gnu-tools-for-stm32.11.3.rel1.win32_1.1.100.202309141235/tools/bin/../lib/gcc/arm-none-eabi/11.3.1/../../../../arm-none-eabi/lib/thumb/v7e-m+dp/hard\libc_nano.a(libc_a-strtol.o) (_ctype_)
C:/ST/STM32CubeIDE_1.13.2/STM32CubeIDE/plugins/com.st.stm32cube.ide.mcu.externaltools.gnu-tools-for-stm32.11.3.rel1.win32_1.1.100.202309141235/tools/bin/../lib/gcc/arm-none-eabi/11.3.1/../../../../arm-none-eabi/lib/thumb/v7e-m+dp/hard\libc_nano.a(libc_a-findfp.o)
[...]
Memory Configuration

Name             Origin             Length             Attributes
RAM              0x0000000020000000 0x0000000000080000 xrw
FLASH            0x0000000008000000 0x0000000000200000 xr
*default*        0x0000000000000000 0xffffffffffffffff

Linker script and memory map

LOAD C:/ST/STM32CubeIDE_1.13.2/STM32CubeIDE/plugins/com.st.stm32cube.ide.mcu.externaltools.gnu-tools-for-stm32.11.3.rel1.win32_1.1.100.202309141235/tools/bin/../lib/gcc/arm-none-eabi/11.3.1/thumb/v7e-m+dp/hard/crti.o
LOAD C:/ST/STM32CubeIDE_1.13.2/STM32CubeIDE/plugins/com.st.stm32cube.ide.mcu.externaltools.gnu-tools-for-stm32.11.3.rel1.win32_1.1.100.202309141235/tools/bin/../lib/gcc/arm-none-eabi/11.3.1/thumb/v7e-m+dp/hard/crtbegin.o
LOAD C:/ST/STM32CubeIDE_1.13.2/STM32CubeIDE/plugins/com.st.stm32cube.ide.mcu.externaltools.gnu-tools-for-stm32.11.3.rel1.win32_1.1.100.202309141235/tools/bin/../lib/gcc/arm-none-eabi/11.3.1/../../../../arm-none-eabi/lib/thumb/v7e-m+dp/hard/crt0.o
LOAD ./Core/Src/main.o
LOAD ./Core/Src/mylib.o
LOAD ./Core/Src/retarget.o
LOAD ./Core/Src/stm32f7xx_hal_msp.o
LOAD ./Core/Src/stm32f7xx_it.o
LOAD ./Core/Src/sysmem.o
LOAD ./Core/Src/system_stm32f7xx.o
LOAD ./Core/Startup/startup_stm32f767zitx.o
LOAD ./Drivers/STM32F7xx_HAL_Driver/Src/stm32f7xx_hal.o
LOAD ./Drivers/STM32F7xx_HAL_Driver/Src/stm32f7xx_hal_adc.o
LOAD ./Drivers/STM32F7xx_HAL_Driver/Src/stm32f7xx_hal_adc_ex.o
LOAD ./Drivers/STM32F7xx_HAL_Driver/Src/stm32f7xx_hal_cortex.o
LOAD ./Drivers/STM32F7xx_HAL_Driver/Src/stm32f7xx_hal_dma.o
LOAD ./Drivers/STM32F7xx_HAL_Driver/Src/stm32f7xx_hal_dma_ex.o
LOAD ./Drivers/STM32F7xx_HAL_Driver/Src/stm32f7xx_hal_eth.o
LOAD ./Drivers/STM32F7xx_HAL_Driver/Src/stm32f7xx_hal_exti.o
LOAD ./Drivers/STM32F7xx_HAL_Driver/Src/stm32f7xx_hal_flash.o
LOAD ./Drivers/STM32F7xx_HAL_Driver/Src/stm32f7xx_hal_flash_ex.o
LOAD ./Drivers/STM32F7xx_HAL_Driver/Src/stm32f7xx_hal_gpio.o
LOAD ./Drivers/STM32F7xx_HAL_Driver/Src/stm32f7xx_hal_i2c.o
LOAD ./Drivers/STM32F7xx_HAL_Driver/Src/stm32f7xx_hal_i2c_ex.o
LOAD ./Drivers/STM32F7xx_HAL_Driver/Src/stm32f7xx_hal_pcd.o
LOAD ./Drivers/STM32F7xx_HAL_Driver/Src/stm32f7xx_hal_pcd_ex.o
LOAD ./Drivers/STM32F7xx_HAL_Driver/Src/stm32f7xx_hal_pwr.o
LOAD ./Drivers/STM32F7xx_HAL_Driver/Src/stm32f7xx_hal_pwr_ex.o
LOAD ./Drivers/STM32F7xx_HAL_Driver/Src/stm32f7xx_hal_rcc.o
LOAD ./Drivers/STM32F7xx_HAL_Driver/Src/stm32f7xx_hal_rcc_ex.o
LOAD ./Drivers/STM32F7xx_HAL_Driver/Src/stm32f7xx_hal_rtc.o
LOAD ./Drivers/STM32F7xx_HAL_Driver/Src/stm32f7xx_hal_rtc_ex.o
LOAD ./Drivers/STM32F7xx_HAL_Driver/Src/stm32f7xx_hal_tim.o
LOAD ./Drivers/STM32F7xx_HAL_Driver/Src/stm32f7xx_hal_tim_ex.o
LOAD ./Drivers/STM32F7xx_HAL_Driver/Src/stm32f7xx_hal_uart.o
LOAD ./Drivers/STM32F7xx_HAL_Driver/Src/stm32f7xx_hal_uart_ex.o
LOAD ./Drivers/STM32F7xx_HAL_Driver/Src/stm32f7xx_ll_usb.o
LOAD ./wavelib/src/conv.o
LOAD ./wavelib/src/cwt.o
LOAD ./wavelib/src/cwtmath.o
LOAD ./wavelib/src/hsfft.o
LOAD ./wavelib/src/real.o
LOAD ./wavelib/src/wavefilt.o
LOAD ./wavelib/src/wavefunc.o
LOAD ./wavelib/src/wavelib.o
LOAD ./wavelib/src/wtmath.o
START GROUP
LOAD C:/ST/STM32CubeIDE_1.13.2/STM32CubeIDE/plugins/com.st.stm32cube.ide.mcu.externaltools.gnu-tools-for-stm32.11.3.rel1.win32_1.1.100.202309141235/tools/bin/../lib/gcc/arm-none-eabi/11.3.1/../../../../arm-none-eabi/lib/thumb/v7e-m+dp/hard\libc_nano.a
LOAD C:/ST/STM32CubeIDE_1.13.2/STM32CubeIDE/plugins/com.st.stm32cube.ide.mcu.externaltools.gnu-tools-for-stm32.11.3.rel1.win32_1.1.100.202309141235/tools/bin/../lib/gcc/arm-none-eabi/11.3.1/../../../../arm-none-eabi/lib/thumb/v7e-m+dp/hard\libm.a
END GROUP
START GROUP
LOAD C:/ST/STM32CubeIDE_1.13.2/STM32CubeIDE/plugins/com.st.stm32cube.ide.mcu.externaltools.gnu-tools-for-stm32.11.3.rel1.win32_1.1.100.202309141235/tools/bin/../lib/gcc/arm-none-eabi/11.3.1/thumb/v7e-m+dp/hard\libgcc.a
LOAD C:/ST/STM32CubeIDE_1.13.2/STM32CubeIDE/plugins/com.st.stm32cube.ide.mcu.externaltools.gnu-tools-for-stm32.11.3.rel1.win32_1.1.100.202309141235/tools/bin/../lib/gcc/arm-none-eabi/11.3.1/../../../../arm-none-eabi/lib/thumb/v7e-m+dp/hard\libc_nano.a
END GROUP
START GROUP
LOAD C:/ST/STM32CubeIDE_1.13.2/STM32CubeIDE/plugins/com.st.stm32cube.ide.mcu.externaltools.gnu-tools-for-stm32.11.3.rel1.win32_1.1.100.202309141235/tools/bin/../lib/gcc/arm-none-eabi/11.3.1/thumb/v7e-m+dp/hard\libgcc.a
LOAD C:/ST/STM32CubeIDE_1.13.2/STM32CubeIDE/plugins/com.st.stm32cube.ide.mcu.externaltools.gnu-tools-for-stm32.11.3.rel1.win32_1.1.100.202309141235/tools/bin/../lib/gcc/arm-none-eabi/11.3.1/../../../../arm-none-eabi/lib/thumb/v7e-m+dp/hard\libc_nano.a
LOAD C:/ST/STM32CubeIDE_1.13.2/STM32CubeIDE/plugins/com.st.stm32cube.ide.mcu.externaltools.gnu-tools-for-stm32.11.3.rel1.win32_1.1.100.202309141235/tools/bin/../lib/gcc/arm-none-eabi/11.3.1/../../../../arm-none-eabi/lib/thumb/v7e-m+dp/hard\libnosys.a
END GROUP
START GROUP
LOAD C:/ST/STM32CubeIDE_1.13.2/STM32CubeIDE/plugins/com.st.stm32cube.ide.mcu.externaltools.gnu-tools-for-stm32.11.3.rel1.win32_1.1.100.202309141235/tools/bin/../lib/gcc/arm-none-eabi/11.3.1/thumb/v7e-m+dp/hard\libgcc.a
LOAD C:/ST/STM32CubeIDE_1.13.2/STM32CubeIDE/plugins/com.st.stm32cube.ide.mcu.externaltools.gnu-tools-for-stm32.11.3.rel1.win32_1.1.100.202309141235/tools/bin/../lib/gcc/arm-none-eabi/11.3.1/../../../../arm-none-eabi/lib/thumb/v7e-m+dp/hard\libc_nano.a
LOAD C:/ST/STM32CubeIDE_1.13.2/STM32CubeIDE/plugins/com.st.stm32cube.ide.mcu.externaltools.gnu-tools-for-stm32.11.3.rel1.win32_1.1.100.202309141235/tools/bin/../lib/gcc/arm-none-eabi/11.3.1/../../../../arm-none-eabi/lib/thumb/v7e-m+dp/hard\libnosys.a
END GROUP
LOAD C:/ST/STM32CubeIDE_1.13.2/STM32CubeIDE/plugins/com.st.stm32cube.ide.mcu.externaltools.gnu-tools-for-stm32.11.3.rel1.win32_1.1.100.202309141235/tools/bin/../lib/gcc/arm-none-eabi/11.3.1/thumb/v7e-m+dp/hard/crtend.o
LOAD C:/ST/STM32CubeIDE_1.13.2/STM32CubeIDE/plugins/com.st.stm32cube.ide.mcu.externaltools.gnu-tools-for-stm32.11.3.rel1.win32_1.1.100.202309141235/tools/bin/../lib/gcc/arm-none-eabi/11.3.1/thumb/v7e-m+dp/hard/crtn.o
                0x0000000020080000                _estack = (ORIGIN (RAM) + LENGTH (RAM))
                0x0000000000000200                _Min_Heap_Size = 0x200
                0x0000000000000400                _Min_Stack_Size = 0x400

.isr_vector     0x0000000008000000      0x1f8
                0x0000000008000000                . = ALIGN (0x4)
 *(.isr_vector)
 .isr_vector    0x0000000008000000      0x1f8 ./Core/Startup/startup_stm32f767zitx.o
                0x0000000008000000                g_pfnVectors
                0x00000000080001f8                . = ALIGN (0x4)

.text           0x0000000008000200     0xd4d4
                0x0000000008000200                . = ALIGN (0x4)
 *(.text)
 .text          0x0000000008000200       0x40 C:/ST/STM32CubeIDE_1.13.2/STM32CubeIDE/plugins/com.st.stm32cube.ide.mcu.externaltools.gnu-tools-for-stm32.11.3.rel1.win32_1.1.100.202309141235/tools/bin/../lib/gcc/arm-none-eabi/11.3.1/thumb/v7e-m+dp/hard/crtbegin.o
 .text          0x0000000008000240       0x14 C:/ST/STM32CubeIDE_1.13.2/STM32CubeIDE/plugins/com.st.stm32cube.ide.mcu.externaltools.gnu-tools-for-stm32.11.3.rel1.win32_1.1.100.202309141235/tools/bin/../lib/gcc/arm-none-eabi/11.3.1/../../../../arm-none-eabi/lib/thumb/v7e-m+dp/hard\libc_nano.a(libc_a-strcmp.o)
                0x0000000008000240                strcmp
 .text          0x0000000008000254       0x10 C:/ST/STM32CubeIDE_1.13.2/STM32CubeIDE/plugins/com.st.stm32cube.ide.mcu.externaltools.gnu-tools-for-stm32.11.3.rel1.win32_1.1.100.202309141235/tools/bin/../lib/gcc/arm-none-eabi/11.3.1/../../../../arm-none-eabi/lib/thumb/v7e-m+dp/hard\libc_nano.a(libc_a-strlen.o)
                0x0000000008000254                strlen
 *fill*         0x0000000008000264        0xc 
 .text          0x0000000008000270       0xa0 C:/ST/STM32CubeIDE_1.13.2/STM32CubeIDE/plugins/com.st.stm32cube.ide.mcu.externaltools.gnu-tools-for-stm32.11.3.rel1.win32_1.1.100.202309141235/tools/bin/../lib/gcc/arm-none-eabi/11.3.1/../../../../arm-none-eabi/lib/thumb/v7e-m+dp/hard\libc_nano.a(libc_a-memchr.o)
                0x0000000008000270                memchr
 .text          0x0000000008000310       0x30 C:/ST/STM32CubeIDE_1.13.2/STM32CubeIDE/plugins/com.st.stm32cube.ide.mcu.externaltools.gnu-tools-for-stm32.11.3.rel1.win32_1.1.100.202309141235/tools/bin/../lib/gcc/arm-none-eabi/11.3.1/thumb/v7e-m+dp/hard\libgcc.a(_aeabi_uldivmod.o)
                0x0000000008000310                __aeabi_uldivmod
 .text          0x0000000008000340      0x2c8 C:/ST/STM32CubeIDE_1.13.2/STM32CubeIDE/plugins/com.st.stm32cube.ide.mcu.externaltools.gnu-tools-for-stm32.11.3.rel1.win32_1.1.100.202309141235/tools/bin/../lib/gcc/arm-none-eabi/11.3.1/thumb/v7e-m+dp/hard\libgcc.a(_udivmoddi4.o)
                0x0000000008000340                __udivmoddi4
 .text          0x0000000008000608        0x4 C:/ST/STM32CubeIDE_1.13.2/STM32CubeIDE/plugins/com.st.stm32cube.ide.mcu.externaltools.gnu-tools-for-stm32.11.3.rel1.win32_1.1.100.202309141235/tools/bin/../lib/gcc/arm-none-eabi/11.3.1/thumb/v7e-m+dp/hard\libgcc.a(_dvmd_tls.o)
                0x0000000008000608                __aeabi_idiv0
                0x0000000008000608                __aeabi_ldiv0
 *(.text*)
 .text.main     0x000000000800060c       0x8c ./Core/Src/main.o
                0x000000000800060c                main
 .text.SystemClock_Config
                0x0000000008000698       0xe8 ./Core/Src/main.o
                0x0000000008000698                SystemClock_Config
 .text.MX_ADC1_Init
                0x0000000008000780       0xa4 ./Core/Src/main.o
 .text.MX_ETH_Init
                0x0000000008000824       0x9c ./Core/Src/main.o
 .text.MX_RTC_Init
                0x00000000080008c0       0xb4 ./Core/Src/main.o
 .text.MX_TIM6_Init
                0x0000000008000974       0x6c ./Core/Src/main.o
 .text.MX_USART3_UART_Init
                0x00000000080009e0       0x60 ./Core/Src/main.o
 .text.MX_USB_OTG_FS_PCD_Init
                0x0000000008000a40       0x5c ./Core/Src/main.o
 .text.MX_GPIO_Init
                0x0000000008000a9c      0x154 ./Core/Src/main.o
 .text.setRTCclock
                0x0000000008000bf0       0xb0 ./Core/Src/main.o
                0x0000000008000bf0                setRTCclock
 .text.get_time
                0x0000000008000ca0       0x58 ./Core/Src/main.o
                0x0000000008000ca0                get_time
 .text.acquireSnapshot
                0x0000000008000cf8       0x24 ./Core/Src/main.o
                0x0000000008000cf8                acquireSnapshot
 .text.calcSnapDistanceError
                0x0000000008000d1c       0xbc ./Core/Src/main.o
                0x0000000008000d1c                calcSnapDistanceError
 .text.std_sclr
                0x0000000008000dd8       0x7c ./Core/Src/main.o
                0x0000000008000dd8                std_sclr
 .text.snapReadyHandler
                0x0000000008000e54       0xd4 ./Core/Src/main.o
                0x0000000008000e54                snapReadyHandler
 .text.USR_BTN_handler
                0x0000000008000f28       0xb0 ./Core/Src/main.o
                0x0000000008000f28                USR_BTN_handler
 .text.HAL_GPIO_EXTI_Callback
                0x0000000008000fd8       0x2c ./Core/Src/main.o
                0x0000000008000fd8                HAL_GPIO_EXTI_Callback
 .text.HAL_UART_RxCpltCallback
                0x0000000008001004       0x28 ./Core/Src/main.o
                0x0000000008001004                HAL_UART_RxCpltCallback
 .text.HAL_TIM_PeriodElapsedCallback
                0x000000000800102c       0x94 ./Core/Src/main.o
                0x000000000800102c                HAL_TIM_PeriodElapsedCallback
 .text.Error_Handler
                0x00000000080010c0        0xa ./Core/Src/main.o
                0x00000000080010c0                Error_Handler
 *fill*         0x00000000080010ca        0x2 
 .text.printDoubleArray
                0x00000000080010cc       0x3c ./Core/Src/mylib.o
                0x00000000080010cc                printDoubleArray
 .text.myprintf
                0x0000000008001108       0x16 ./Core/Src/mylib.o
                0x0000000008001108                myprintf
 .text.norm2    0x000000000800111e       0x68 ./Core/Src/mylib.o
                0x000000000800111e                norm2
 *fill*         0x0000000008001186        0x2 
 .text.packetCoeff
                0x0000000008001188      0x10c ./Core/Src/mylib.o
                0x0000000008001188                packetCoeff
 .text.featureExtractor
                0x0000000008001294      0x254 ./Core/Src/mylib.o
                0x0000000008001294                featureExtractor
 .text.eucDist  0x00000000080014e8       0xba ./Core/Src/mylib.o
                0x00000000080014e8                eucDist
 *fill*         0x00000000080015a2        0x2 
 .text.RetargetInit
                0x00000000080015a4       0x30 ./Core/Src/retarget.o
                0x00000000080015a4                RetargetInit
 .text._isatty  0x00000000080015d4       0x2c ./Core/Src/retarget.o
                0x00000000080015d4                _isatty
 .text._write   0x0000000008001600       0x58 ./Core/Src/retarget.o
                0x0000000008001600                _write
 .text._close   0x0000000008001658       0x2e ./Core/Src/retarget.o
                0x0000000008001658                _close
 .text._lseek   0x0000000008001686       0x22 ./Core/Src/retarget.o
                0x0000000008001686                _lseek
 .text._read    0x00000000080016a8       0x50 ./Core/Src/retarget.o
                0x00000000080016a8                _read
 .text._fstat   0x00000000080016f8       0x36 ./Core/Src/retarget.o
                0x00000000080016f8                _fstat
 *fill*         0x000000000800172e        0x2 
 .text.HAL_MspInit
                0x0000000008001730       0x48 ./Core/Src/stm32f7xx_hal_msp.o
                0x0000000008001730                HAL_MspInit
 .text.HAL_ADC_MspInit
                0x0000000008001778       0x80 ./Core/Src/stm32f7xx_hal_msp.o
                0x0000000008001778                HAL_ADC_MspInit
 .text.HAL_ETH_MspInit
                0x00000000080017f8      0x170 ./Core/Src/stm32f7xx_hal_msp.o
                0x00000000080017f8                HAL_ETH_MspInit
 .text.HAL_RTC_MspInit
                0x0000000008001968       0x5c ./Core/Src/stm32f7xx_hal_msp.o
                0x0000000008001968                HAL_RTC_MspInit
 .text.HAL_TIM_Base_MspInit
                0x00000000080019c4       0x4c ./Core/Src/stm32f7xx_hal_msp.o
                0x00000000080019c4                HAL_TIM_Base_MspInit
 .text.HAL_UART_MspInit
                0x0000000008001a10       0xd0 ./Core/Src/stm32f7xx_hal_msp.o
                0x0000000008001a10                HAL_UART_MspInit
 .text.HAL_PCD_MspInit
                0x0000000008001ae0       0xf4 ./Core/Src/stm32f7xx_hal_msp.o
                0x0000000008001ae0                HAL_PCD_MspInit
 .text.NMI_Handler
                0x0000000008001bd4        0x6 ./Core/Src/stm32f7xx_it.o
                0x0000000008001bd4                NMI_Handler
 .text.HardFault_Handler
                0x0000000008001bda        0x6 ./Core/Src/stm32f7xx_it.o
                0x0000000008001bda                HardFault_Handler
 .text.MemManage_Handler
                0x0000000008001be0        0x6 ./Core/Src/stm32f7xx_it.o
                0x0000000008001be0                MemManage_Handler
 .text.BusFault_Handler
                0x0000000008001be6        0x6 ./Core/Src/stm32f7xx_it.o
                0x0000000008001be6                BusFault_Handler
 .text.UsageFault_Handler
                0x0000000008001bec        0x6 ./Core/Src/stm32f7xx_it.o
                0x0000000008001bec                UsageFault_Handler
 .text.SVC_Handler
                0x0000000008001bf2        0xe ./Core/Src/stm32f7xx_it.o
                0x0000000008001bf2                SVC_Handler
 .text.DebugMon_Handler
                0x0000000008001c00        0xe ./Core/Src/stm32f7xx_it.o
                0x0000000008001c00                DebugMon_Handler
 .text.PendSV_Handler
                0x0000000008001c0e        0xe ./Core/Src/stm32f7xx_it.o
                0x0000000008001c0e                PendSV_Handler
 .text.SysTick_Handler
                0x0000000008001c1c        0xc ./Core/Src/stm32f7xx_it.o
                0x0000000008001c1c                SysTick_Handler
 .text.USART3_IRQHandler
                0x0000000008001c28       0x14 ./Core/Src/stm32f7xx_it.o
                0x0000000008001c28                USART3_IRQHandler
 .text.EXTI15_10_IRQHandler
                0x0000000008001c3c       0x10 ./Core/Src/stm32f7xx_it.o
                0x0000000008001c3c                EXTI15_10_IRQHandler
 .text.TIM6_DAC_IRQHandler
                0x0000000008001c4c       0x14 ./Core/Src/stm32f7xx_it.o
                0x0000000008001c4c                TIM6_DAC_IRQHandler
 .text._sbrk    0x0000000008001c60       0x6c ./Core/Src/sysmem.o
                0x0000000008001c60                _sbrk
 .text.SystemInit
                0x0000000008001ccc       0x24 ./Core/Src/system_stm32f7xx.o
                0x0000000008001ccc                SystemInit
 .text.Reset_Handler
                0x0000000008001cf0       0x50 ./Core/Startup/startup_stm32f767zitx.o
                0x0000000008001cf0                Reset_Handler
 .text.Default_Handler
                0x0000000008001d40        0x2 ./Core/Startup/startup_stm32f767zitx.o
                0x0000000008001d40                RTC_Alarm_IRQHandler
                0x0000000008001d40                EXTI2_IRQHandler
                0x0000000008001d40                TIM8_CC_IRQHandler
                0x0000000008001d40                UART8_IRQHandler
                0x0000000008001d40                SPI4_IRQHandler
                0x0000000008001d40                TIM1_CC_IRQHandler
                0x0000000008001d40                DMA2_Stream5_IRQHandler
                0x0000000008001d40                JPEG_IRQHandler
                0x0000000008001d40                DMA1_Stream5_IRQHandler
                0x0000000008001d40                CAN3_RX1_IRQHandler
                0x0000000008001d40                PVD_IRQHandler
                0x0000000008001d40                TAMP_STAMP_IRQHandler
                0x0000000008001d40                CAN2_RX1_IRQHandler
                0x0000000008001d40                EXTI3_IRQHandler
                0x0000000008001d40                TIM8_TRG_COM_TIM14_IRQHandler
                0x0000000008001d40                DFSDM1_FLT1_IRQHandler
                0x0000000008001d40                TIM1_UP_TIM10_IRQHandler
                0x0000000008001d40                TIM8_UP_TIM13_IRQHandler
                0x0000000008001d40                I2C3_ER_IRQHandler
                0x0000000008001d40                DFSDM1_FLT2_IRQHandler
                0x0000000008001d40                EXTI0_IRQHandler
                0x0000000008001d40                I2C2_EV_IRQHandler
                0x0000000008001d40                DMA1_Stream2_IRQHandler
                0x0000000008001d40                CAN1_RX0_IRQHandler
                0x0000000008001d40                FPU_IRQHandler
                0x0000000008001d40                OTG_HS_WKUP_IRQHandler
                0x0000000008001d40                CAN3_SCE_IRQHandler
                0x0000000008001d40                LTDC_ER_IRQHandler
                0x0000000008001d40                CAN2_SCE_IRQHandler
                0x0000000008001d40                DMA2_Stream2_IRQHandler
                0x0000000008001d40                SPI1_IRQHandler
                0x0000000008001d40                TIM1_BRK_TIM9_IRQHandler
                0x0000000008001d40                DCMI_IRQHandler
                0x0000000008001d40                CAN2_RX0_IRQHandler
                0x0000000008001d40                DMA2_Stream3_IRQHandler
                0x0000000008001d40                SAI2_IRQHandler
                0x0000000008001d40                DFSDM1_FLT3_IRQHandler
                0x0000000008001d40                USART6_IRQHandler
                0x0000000008001d40                CAN3_RX0_IRQHandler
                0x0000000008001d40                CAN1_RX1_IRQHandler
                0x0000000008001d40                UART5_IRQHandler
                0x0000000008001d40                DMA2_Stream0_IRQHandler
                0x0000000008001d40                TIM4_IRQHandler
                0x0000000008001d40                QUADSPI_IRQHandler
                0x0000000008001d40                I2C1_EV_IRQHandler
                0x0000000008001d40                DMA1_Stream6_IRQHandler
                0x0000000008001d40                DMA1_Stream1_IRQHandler
                0x0000000008001d40                UART4_IRQHandler
                0x0000000008001d40                TIM3_IRQHandler
                0x0000000008001d40                RCC_IRQHandler
                0x0000000008001d40                TIM8_BRK_TIM12_IRQHandler
                0x0000000008001d40                Default_Handler
                0x0000000008001d40                CEC_IRQHandler
                0x0000000008001d40                ADC_IRQHandler
                0x0000000008001d40                DMA1_Stream7_IRQHandler
                0x0000000008001d40                SPI5_IRQHandler
                0x0000000008001d40                TIM7_IRQHandler
                0x0000000008001d40                SDMMC1_IRQHandler
                0x0000000008001d40                CAN2_TX_IRQHandler
                0x0000000008001d40                TIM5_IRQHandler
                0x0000000008001d40                DMA2_Stream7_IRQHandler
                0x0000000008001d40                I2C3_EV_IRQHandler
                0x0000000008001d40                EXTI9_5_IRQHandler
                0x0000000008001d40                RTC_WKUP_IRQHandler
                0x0000000008001d40                LTDC_IRQHandler
                0x0000000008001d40                ETH_WKUP_IRQHandler
                0x0000000008001d40                SPDIF_RX_IRQHandler
                0x0000000008001d40                SPI2_IRQHandler
                0x0000000008001d40                OTG_HS_EP1_IN_IRQHandler
                0x0000000008001d40                DMA1_Stream0_IRQHandler
                0x0000000008001d40                CAN1_TX_IRQHandler
                0x0000000008001d40                EXTI4_IRQHandler
                0x0000000008001d40                RNG_IRQHandler
                0x0000000008001d40                ETH_IRQHandler
                0x0000000008001d40                OTG_HS_EP1_OUT_IRQHandler
                0x0000000008001d40                WWDG_IRQHandler
                0x0000000008001d40                SPI6_IRQHandler
                0x0000000008001d40                MDIOS_IRQHandler
                0x0000000008001d40                I2C4_EV_IRQHandler
                0x0000000008001d40                CAN3_TX_IRQHandler
                0x0000000008001d40                TIM2_IRQHandler
                0x0000000008001d40                OTG_FS_WKUP_IRQHandler
                0x0000000008001d40                TIM1_TRG_COM_TIM11_IRQHandler
                0x0000000008001d40                OTG_HS_IRQHandler
                0x0000000008001d40                DMA2D_IRQHandler
                0x0000000008001d40                EXTI1_IRQHandler
                0x0000000008001d40                SDMMC2_IRQHandler
                0x0000000008001d40                UART7_IRQHandler
                0x0000000008001d40                USART2_IRQHandler
                0x0000000008001d40                DFSDM1_FLT0_IRQHandler
                0x0000000008001d40                I2C2_ER_IRQHandler
                0x0000000008001d40                DMA2_Stream1_IRQHandler
                0x0000000008001d40                CAN1_SCE_IRQHandler
                0x0000000008001d40                FLASH_IRQHandler
                0x0000000008001d40                DMA2_Stream4_IRQHandler
                0x0000000008001d40                USART1_IRQHandler
                0x0000000008001d40                OTG_FS_IRQHandler
                0x0000000008001d40                SPI3_IRQHandler
                0x0000000008001d40                DMA1_Stream4_IRQHandler
                0x0000000008001d40                I2C1_ER_IRQHandler
                0x0000000008001d40                FMC_IRQHandler
                0x0000000008001d40                LPTIM1_IRQHandler
                0x0000000008001d40                I2C4_ER_IRQHandler
                0x0000000008001d40                DMA2_Stream6_IRQHandler
                0x0000000008001d40                SAI1_IRQHandler
                0x0000000008001d40                DMA1_Stream3_IRQHandler
 .text.HAL_Init
                0x0000000008001d42       0x1a ./Drivers/STM32F7xx_HAL_Driver/Src/stm32f7xx_hal.o
                0x0000000008001d42                HAL_Init
 .text.HAL_InitTick
                0x0000000008001d5c       0x60 ./Drivers/STM32F7xx_HAL_Driver/Src/stm32f7xx_hal.o
                0x0000000008001d5c                HAL_InitTick
 .text.HAL_IncTick
                0x0000000008001dbc       0x28 ./Drivers/STM32F7xx_HAL_Driver/Src/stm32f7xx_hal.o
                0x0000000008001dbc                HAL_IncTick
 .text.HAL_GetTick
                0x0000000008001de4       0x18 ./Drivers/STM32F7xx_HAL_Driver/Src/stm32f7xx_hal.o
                0x0000000008001de4                HAL_GetTick
 .text.HAL_Delay
                0x0000000008001dfc       0x48 ./Drivers/STM32F7xx_HAL_Driver/Src/stm32f7xx_hal.o
                0x0000000008001dfc                HAL_Delay
 .text.HAL_ADC_Init
                0x0000000008001e44       0x88 ./Drivers/STM32F7xx_HAL_Driver/Src/stm32f7xx_hal_adc.o
                0x0000000008001e44                HAL_ADC_Init
 .text.HAL_ADC_Start
                0x0000000008001ecc      0x19c ./Drivers/STM32F7xx_HAL_Driver/Src/stm32f7xx_hal_adc.o
                0x0000000008001ecc                HAL_ADC_Start
 .text.HAL_ADC_PollForConversion
                0x0000000008002068      0x116 ./Drivers/STM32F7xx_HAL_Driver/Src/stm32f7xx_hal_adc.o
                0x0000000008002068                HAL_ADC_PollForConversion
 .text.HAL_ADC_GetValue
                0x000000000800217e       0x1a ./Drivers/STM32F7xx_HAL_Driver/Src/stm32f7xx_hal_adc.o
                0x000000000800217e                HAL_ADC_GetValue
 .text.HAL_ADC_ConfigChannel
                0x0000000008002198      0x2ac ./Drivers/STM32F7xx_HAL_Driver/Src/stm32f7xx_hal_adc.o
                0x0000000008002198                HAL_ADC_ConfigChannel
 .text.ADC_Init
                0x0000000008002444      0x1f4 ./Drivers/STM32F7xx_HAL_Driver/Src/stm32f7xx_hal_adc.o
 .text.__NVIC_SetPriorityGrouping
                0x0000000008002638       0x48 ./Drivers/STM32F7xx_HAL_Driver/Src/stm32f7xx_hal_cortex.o
 .text.__NVIC_GetPriorityGrouping
                0x0000000008002680       0x1c ./Drivers/STM32F7xx_HAL_Driver/Src/stm32f7xx_hal_cortex.o
 .text.__NVIC_EnableIRQ
                0x000000000800269c       0x3c ./Drivers/STM32F7xx_HAL_Driver/Src/stm32f7xx_hal_cortex.o
 .text.__NVIC_SetPriority
                0x00000000080026d8       0x54 ./Drivers/STM32F7xx_HAL_Driver/Src/stm32f7xx_hal_cortex.o
 .text.NVIC_EncodePriority
                0x000000000800272c       0x66 ./Drivers/STM32F7xx_HAL_Driver/Src/stm32f7xx_hal_cortex.o
 *fill*         0x0000000008002792        0x2 
 .text.SysTick_Config
                0x0000000008002794       0x44 ./Drivers/STM32F7xx_HAL_Driver/Src/stm32f7xx_hal_cortex.o
 .text.HAL_NVIC_SetPriorityGrouping
                0x00000000080027d8       0x16 ./Drivers/STM32F7xx_HAL_Driver/Src/stm32f7xx_hal_cortex.o
                0x00000000080027d8                HAL_NVIC_SetPriorityGrouping
 .text.HAL_NVIC_SetPriority
                0x00000000080027ee       0x38 ./Drivers/STM32F7xx_HAL_Driver/Src/stm32f7xx_hal_cortex.o
                0x00000000080027ee                HAL_NVIC_SetPriority
 .text.HAL_NVIC_EnableIRQ
                0x0000000008002826       0x1c ./Drivers/STM32F7xx_HAL_Driver/Src/stm32f7xx_hal_cortex.o
                0x0000000008002826                HAL_NVIC_EnableIRQ
 .text.HAL_SYSTICK_Config
                0x0000000008002842       0x18 ./Drivers/STM32F7xx_HAL_Driver/Src/stm32f7xx_hal_cortex.o
                0x0000000008002842                HAL_SYSTICK_Config
 .text.HAL_DMA_Abort
                0x000000000800285a       0xe0 ./Drivers/STM32F7xx_HAL_Driver/Src/stm32f7xx_hal_dma.o
                0x000000000800285a                HAL_DMA_Abort
 .text.HAL_DMA_Abort_IT
                0x000000000800293a       0x44 ./Drivers/STM32F7xx_HAL_Driver/Src/stm32f7xx_hal_dma.o
                0x000000000800293a                HAL_DMA_Abort_IT
 *fill*         0x000000000800297e        0x2 
 .text.HAL_ETH_Init
                0x0000000008002980       0xf8 ./Drivers/STM32F7xx_HAL_Driver/Src/stm32f7xx_hal_eth.o
                0x0000000008002980                HAL_ETH_Init
 .text.ETH_SetMACConfig
                0x0000000008002a78      0x160 ./Drivers/STM32F7xx_HAL_Driver/Src/stm32f7xx_hal_eth.o
 .text.ETH_SetDMAConfig
                0x0000000008002bd8      0x114 ./Drivers/STM32F7xx_HAL_Driver/Src/stm32f7xx_hal_eth.o
 .text.ETH_MACDMAConfig
                0x0000000008002cec       0xe4 ./Drivers/STM32F7xx_HAL_Driver/Src/stm32f7xx_hal_eth.o
 .text.ETH_MACAddressConfig
                0x0000000008002dd0       0x70 ./Drivers/STM32F7xx_HAL_Driver/Src/stm32f7xx_hal_eth.o
 .text.ETH_DMATxDescListInit
                0x0000000008002e40       0xb2 ./Drivers/STM32F7xx_HAL_Driver/Src/stm32f7xx_hal_eth.o
 .text.ETH_DMARxDescListInit
                0x0000000008002ef2       0xda ./Drivers/STM32F7xx_HAL_Driver/Src/stm32f7xx_hal_eth.o
 .text.HAL_GPIO_Init
                0x0000000008002fcc      0x358 ./Drivers/STM32F7xx_HAL_Driver/Src/stm32f7xx_hal_gpio.o
                0x0000000008002fcc                HAL_GPIO_Init
 .text.HAL_GPIO_WritePin
                0x0000000008003324       0x32 ./Drivers/STM32F7xx_HAL_Driver/Src/stm32f7xx_hal_gpio.o
                0x0000000008003324                HAL_GPIO_WritePin
 .text.HAL_GPIO_TogglePin
                0x0000000008003356       0x34 ./Drivers/STM32F7xx_HAL_Driver/Src/stm32f7xx_hal_gpio.o
                0x0000000008003356                HAL_GPIO_TogglePin
 *fill*         0x000000000800338a        0x2 
 .text.HAL_GPIO_EXTI_IRQHandler
                0x000000000800338c       0x30 ./Drivers/STM32F7xx_HAL_Driver/Src/stm32f7xx_hal_gpio.o
                0x000000000800338c                HAL_GPIO_EXTI_IRQHandler
 .text.HAL_PCD_Init
                0x00000000080033bc      0x248 ./Drivers/STM32F7xx_HAL_Driver/Src/stm32f7xx_hal_pcd.o
                0x00000000080033bc                HAL_PCD_Init
 .text.HAL_PCDEx_ActivateLPM
                0x0000000008003604       0x48 ./Drivers/STM32F7xx_HAL_Driver/Src/stm32f7xx_hal_pcd_ex.o
                0x0000000008003604                HAL_PCDEx_ActivateLPM
 .text.HAL_PWR_EnableBkUpAccess
                0x000000000800364c       0x20 ./Drivers/STM32F7xx_HAL_Driver/Src/stm32f7xx_hal_pwr.o
                0x000000000800364c                HAL_PWR_EnableBkUpAccess
 .text.HAL_PWREx_EnableOverDrive
                0x000000000800366c       0xa0 ./Drivers/STM32F7xx_HAL_Driver/Src/stm32f7xx_hal_pwr_ex.o
                0x000000000800366c                HAL_PWREx_EnableOverDrive
 .text.HAL_RCC_OscConfig
                0x000000000800370c      0x55c ./Drivers/STM32F7xx_HAL_Driver/Src/stm32f7xx_hal_rcc.o
                0x000000000800370c                HAL_RCC_OscConfig
 .text.HAL_RCC_ClockConfig
                0x0000000008003c68      0x1d8 ./Drivers/STM32F7xx_HAL_Driver/Src/stm32f7xx_hal_rcc.o
                0x0000000008003c68                HAL_RCC_ClockConfig
 .text.HAL_RCC_GetSysClockFreq
                0x0000000008003e40      0x20c ./Drivers/STM32F7xx_HAL_Driver/Src/stm32f7xx_hal_rcc.o
                0x0000000008003e40                HAL_RCC_GetSysClockFreq
 .text.HAL_RCC_GetHCLKFreq
                0x000000000800404c       0x18 ./Drivers/STM32F7xx_HAL_Driver/Src/stm32f7xx_hal_rcc.o
                0x000000000800404c                HAL_RCC_GetHCLKFreq
 .text.HAL_RCC_GetPCLK1Freq
                0x0000000008004064       0x28 ./Drivers/STM32F7xx_HAL_Driver/Src/stm32f7xx_hal_rcc.o
                0x0000000008004064                HAL_RCC_GetPCLK1Freq
 .text.HAL_RCC_GetPCLK2Freq
                0x000000000800408c       0x28 ./Drivers/STM32F7xx_HAL_Driver/Src/stm32f7xx_hal_rcc.o
                0x000000000800408c                HAL_RCC_GetPCLK2Freq
 .text.HAL_RCCEx_PeriphCLKConfig
                0x00000000080040b4      0x850 ./Drivers/STM32F7xx_HAL_Driver/Src/stm32f7xx_hal_rcc_ex.o
                0x00000000080040b4                HAL_RCCEx_PeriphCLKConfig
 .text.HAL_RTC_Init
                0x0000000008004904      0x108 ./Drivers/STM32F7xx_HAL_Driver/Src/stm32f7xx_hal_rtc.o
                0x0000000008004904                HAL_RTC_Init
 .text.HAL_RTC_SetTime
                0x0000000008004a0c      0x134 ./Drivers/STM32F7xx_HAL_Driver/Src/stm32f7xx_hal_rtc.o
                0x0000000008004a0c                HAL_RTC_SetTime
 .text.HAL_RTC_GetTime
                0x0000000008004b40       0xbc ./Drivers/STM32F7xx_HAL_Driver/Src/stm32f7xx_hal_rtc.o
                0x0000000008004b40                HAL_RTC_GetTime
 .text.HAL_RTC_SetDate
                0x0000000008004bfc      0x108 ./Drivers/STM32F7xx_HAL_Driver/Src/stm32f7xx_hal_rtc.o
                0x0000000008004bfc                HAL_RTC_SetDate
 .text.HAL_RTC_GetDate
                0x0000000008004d04       0xa0 ./Drivers/STM32F7xx_HAL_Driver/Src/stm32f7xx_hal_rtc.o
                0x0000000008004d04                HAL_RTC_GetDate
 .text.HAL_RTC_WaitForSynchro
                0x0000000008004da4       0x50 ./Drivers/STM32F7xx_HAL_Driver/Src/stm32f7xx_hal_rtc.o
                0x0000000008004da4                HAL_RTC_WaitForSynchro
 .text.RTC_EnterInitMode
                0x0000000008004df4       0x6e ./Drivers/STM32F7xx_HAL_Driver/Src/stm32f7xx_hal_rtc.o
                0x0000000008004df4                RTC_EnterInitMode
 .text.RTC_ExitInitMode
                0x0000000008004e62       0x4a ./Drivers/STM32F7xx_HAL_Driver/Src/stm32f7xx_hal_rtc.o
                0x0000000008004e62                RTC_ExitInitMode
 .text.RTC_ByteToBcd2
                0x0000000008004eac       0x3c ./Drivers/STM32F7xx_HAL_Driver/Src/stm32f7xx_hal_rtc.o
                0x0000000008004eac                RTC_ByteToBcd2
 .text.RTC_Bcd2ToByte
                0x0000000008004ee8       0x3c ./Drivers/STM32F7xx_HAL_Driver/Src/stm32f7xx_hal_rtc.o
                0x0000000008004ee8                RTC_Bcd2ToByte
 .text.HAL_TIM_Base_Init
                0x0000000008004f24       0xae ./Drivers/STM32F7xx_HAL_Driver/Src/stm32f7xx_hal_tim.o
                0x0000000008004f24                HAL_TIM_Base_Init
 *fill*         0x0000000008004fd2        0x2 
 .text.HAL_TIM_Base_Start_IT
                0x0000000008004fd4       0xf0 ./Drivers/STM32F7xx_HAL_Driver/Src/stm32f7xx_hal_tim.o
                0x0000000008004fd4                HAL_TIM_Base_Start_IT
 .text.HAL_TIM_IRQHandler
                0x00000000080050c4      0x23e ./Drivers/STM32F7xx_HAL_Driver/Src/stm32f7xx_hal_tim.o
                0x00000000080050c4                HAL_TIM_IRQHandler
 .text.HAL_TIM_OC_DelayElapsedCallback
                0x0000000008005302       0x14 ./Drivers/STM32F7xx_HAL_Driver/Src/stm32f7xx_hal_tim.o
                0x0000000008005302                HAL_TIM_OC_DelayElapsedCallback
 .text.HAL_TIM_IC_CaptureCallback
                0x0000000008005316       0x14 ./Drivers/STM32F7xx_HAL_Driver/Src/stm32f7xx_hal_tim.o
                0x0000000008005316                HAL_TIM_IC_CaptureCallback
 .text.HAL_TIM_PWM_PulseFinishedCallback
                0x000000000800532a       0x14 ./Drivers/STM32F7xx_HAL_Driver/Src/stm32f7xx_hal_tim.o
                0x000000000800532a                HAL_TIM_PWM_PulseFinishedCallback
 .text.HAL_TIM_TriggerCallback
                0x000000000800533e       0x14 ./Drivers/STM32F7xx_HAL_Driver/Src/stm32f7xx_hal_tim.o
                0x000000000800533e                HAL_TIM_TriggerCallback
 *fill*         0x0000000008005352        0x2 
 .text.TIM_Base_SetConfig
                0x0000000008005354      0x140 ./Drivers/STM32F7xx_HAL_Driver/Src/stm32f7xx_hal_tim.o
                0x0000000008005354                TIM_Base_SetConfig
 .text.HAL_TIMEx_MasterConfigSynchronization
                0x0000000008005494      0x11c ./Drivers/STM32F7xx_HAL_Driver/Src/stm32f7xx_hal_tim_ex.o
                0x0000000008005494                HAL_TIMEx_MasterConfigSynchronization
 .text.HAL_TIMEx_CommutCallback
                0x00000000080055b0       0x14 ./Drivers/STM32F7xx_HAL_Driver/Src/stm32f7xx_hal_tim_ex.o
                0x00000000080055b0                HAL_TIMEx_CommutCallback
 .text.HAL_TIMEx_BreakCallback
                0x00000000080055c4       0x14 ./Drivers/STM32F7xx_HAL_Driver/Src/stm32f7xx_hal_tim_ex.o
                0x00000000080055c4                HAL_TIMEx_BreakCallback
 .text.HAL_TIMEx_Break2Callback
                0x00000000080055d8       0x14 ./Drivers/STM32F7xx_HAL_Driver/Src/stm32f7xx_hal_tim_ex.o
                0x00000000080055d8                HAL_TIMEx_Break2Callback
 .text.HAL_UART_Init
                0x00000000080055ec       0x9c ./Drivers/STM32F7xx_HAL_Driver/Src/stm32f7xx_hal_uart.o
                0x00000000080055ec                HAL_UART_Init
 .text.HAL_UART_Transmit
                0x0000000008005688      0x106 ./Drivers/STM32F7xx_HAL_Driver/Src/stm32f7xx_hal_uart.o
                0x0000000008005688                HAL_UART_Transmit
 .text.HAL_UART_Receive
                0x000000000800578e      0x188 ./Drivers/STM32F7xx_HAL_Driver/Src/stm32f7xx_hal_uart.o
                0x000000000800578e                HAL_UART_Receive
 .text.HAL_UART_Receive_IT
                0x0000000008005916       0x88 ./Drivers/STM32F7xx_HAL_Driver/Src/stm32f7xx_hal_uart.o
                0x0000000008005916                HAL_UART_Receive_IT
 *fill*         0x000000000800599e        0x2 
 .text.HAL_UART_IRQHandler
                0x00000000080059a0      0x5d0 ./Drivers/STM32F7xx_HAL_Driver/Src/stm32f7xx_hal_uart.o
                0x00000000080059a0                HAL_UART_IRQHandler
 .text.HAL_UART_TxCpltCallback
                0x0000000008005f70       0x14 ./Drivers/STM32F7xx_HAL_Driver/Src/stm32f7xx_hal_uart.o
                0x0000000008005f70                HAL_UART_TxCpltCallback
 .text.HAL_UART_ErrorCallback
                0x0000000008005f84       0x14 ./Drivers/STM32F7xx_HAL_Driver/Src/stm32f7xx_hal_uart.o
                0x0000000008005f84                HAL_UART_ErrorCallback
 .text.HAL_UARTEx_RxEventCallback
                0x0000000008005f98       0x18 ./Drivers/STM32F7xx_HAL_Driver/Src/stm32f7xx_hal_uart.o
                0x0000000008005f98                HAL_UARTEx_RxEventCallback
 .text.HAL_UARTEx_WakeupCallback
                0x0000000008005fb0       0x14 ./Drivers/STM32F7xx_HAL_Driver/Src/stm32f7xx_hal_uart.o
                0x0000000008005fb0                HAL_UARTEx_WakeupCallback
 .text.UART_SetConfig
                0x0000000008005fc4      0x4c8 ./Drivers/STM32F7xx_HAL_Driver/Src/stm32f7xx_hal_uart.o
                0x0000000008005fc4                UART_SetConfig
 .text.UART_AdvFeatureConfig
                0x000000000800648c      0x144 ./Drivers/STM32F7xx_HAL_Driver/Src/stm32f7xx_hal_uart.o
                0x000000000800648c                UART_AdvFeatureConfig
 .text.UART_CheckIdleState
                0x00000000080065d0       0x9a ./Drivers/STM32F7xx_HAL_Driver/Src/stm32f7xx_hal_uart.o
                0x00000000080065d0                UART_CheckIdleState
 .text.UART_WaitOnFlagUntilTimeout
                0x000000000800666a      0x18c ./Drivers/STM32F7xx_HAL_Driver/Src/stm32f7xx_hal_uart.o
                0x000000000800666a                UART_WaitOnFlagUntilTimeout
 *fill*         0x00000000080067f6        0x2 
 .text.UART_Start_Receive_IT
                0x00000000080067f8      0x18c ./Drivers/STM32F7xx_HAL_Driver/Src/stm32f7xx_hal_uart.o
                0x00000000080067f8                UART_Start_Receive_IT
 .text.UART_EndRxTransfer
                0x0000000008006984       0xc8 ./Drivers/STM32F7xx_HAL_Driver/Src/stm32f7xx_hal_uart.o
 .text.UART_DMAAbortOnError
                0x0000000008006a4c       0x2c ./Drivers/STM32F7xx_HAL_Driver/Src/stm32f7xx_hal_uart.o
 .text.UART_EndTransmit_IT
                0x0000000008006a78       0x54 ./Drivers/STM32F7xx_HAL_Driver/Src/stm32f7xx_hal_uart.o
 .text.UART_RxISR_8BIT
                0x0000000008006acc      0x166 ./Drivers/STM32F7xx_HAL_Driver/Src/stm32f7xx_hal_uart.o
 .text.UART_RxISR_16BIT
                0x0000000008006c32      0x166 ./Drivers/STM32F7xx_HAL_Driver/Src/stm32f7xx_hal_uart.o
 .text.USB_CoreInit
                0x0000000008006d98       0xb0 ./Drivers/STM32F7xx_HAL_Driver/Src/stm32f7xx_ll_usb.o
                0x0000000008006d98                USB_CoreInit
 .text.USB_DisableGlobalInt
                0x0000000008006e48       0x22 ./Drivers/STM32F7xx_HAL_Driver/Src/stm32f7xx_ll_usb.o
                0x0000000008006e48                USB_DisableGlobalInt
 .text.USB_SetCurrentMode
                0x0000000008006e6a       0x98 ./Drivers/STM32F7xx_HAL_Driver/Src/stm32f7xx_ll_usb.o
                0x0000000008006e6a                USB_SetCurrentMode
 *fill*         0x0000000008006f02        0x2 
 .text.USB_DevInit
                0x0000000008006f04      0x2bc ./Drivers/STM32F7xx_HAL_Driver/Src/stm32f7xx_ll_usb.o
                0x0000000008006f04                USB_DevInit
 .text.USB_FlushTxFifo
                0x00000000080071c0       0x68 ./Drivers/STM32F7xx_HAL_Driver/Src/stm32f7xx_ll_usb.o
                0x00000000080071c0                USB_FlushTxFifo
 .text.USB_FlushRxFifo
                0x0000000008007228       0x60 ./Drivers/STM32F7xx_HAL_Driver/Src/stm32f7xx_ll_usb.o
                0x0000000008007228                USB_FlushRxFifo
 .text.USB_SetDevSpeed
                0x0000000008007288       0x32 ./Drivers/STM32F7xx_HAL_Driver/Src/stm32f7xx_ll_usb.o
                0x0000000008007288                USB_SetDevSpeed
 .text.USB_DevDisconnect
                0x00000000080072ba       0x42 ./Drivers/STM32F7xx_HAL_Driver/Src/stm32f7xx_ll_usb.o
                0x00000000080072ba                USB_DevDisconnect
 .text.USB_GetMode
                0x00000000080072fc       0x1c ./Drivers/STM32F7xx_HAL_Driver/Src/stm32f7xx_ll_usb.o
                0x00000000080072fc                USB_GetMode
 .text.USB_CoreReset
                0x0000000008007318       0x68 ./Drivers/STM32F7xx_HAL_Driver/Src/stm32f7xx_ll_usb.o
 .text.filtlength
                0x0000000008007380      0x46c ./wavelib/src/wavefilt.o
                0x0000000008007380                filtlength
 .text.copy_reverse
                0x00000000080077ec       0x56 ./wavelib/src/wavefilt.o
                0x00000000080077ec                copy_reverse
 .text.qmf_wrev
                0x0000000008007842       0x3c ./wavelib/src/wavefilt.o
                0x0000000008007842                qmf_wrev
 .text.qmf_even
                0x000000000800787e       0x7c ./wavelib/src/wavefilt.o
                0x000000000800787e                qmf_even
 .text.copy     0x00000000080078fa       0x4a ./wavelib/src/wavefilt.o
                0x00000000080078fa                copy
 *fill*         0x0000000008007944        0x4 
 .text.filtcoef
                0x0000000008007948     0x2264 ./wavelib/src/wavefilt.o
                0x0000000008007948                filtcoef
 .text.wave_init
                0x0000000008009bac       0xe8 ./wavelib/src/wavelib.o
                0x0000000008009bac                wave_init
 .text.wtree_init
                0x0000000008009c94      0x1c4 ./wavelib/src/wavelib.o
                0x0000000008009c94                wtree_init
 .text.wtree_per
                0x0000000008009e58      0x56c ./wavelib/src/wavelib.o
 .text.wtree_sym
                0x000000000800a3c4      0x25c ./wavelib/src/wavelib.o
 .text.wtree    0x000000000800a620      0x4bc ./wavelib/src/wavelib.o
                0x000000000800a620                wtree
 .text.getWTREENodelength
                0x000000000800aadc       0x58 ./wavelib/src/wavelib.o
                0x000000000800aadc                getWTREENodelength
 .text.getWTREECoeffs
                0x000000000800ab34      0x10c ./wavelib/src/wavelib.o
                0x000000000800ab34                getWTREECoeffs
 .text.setWTREEExtension
                0x000000000800ac40       0x60 ./wavelib/src/wavelib.o
                0x000000000800ac40                setWTREEExtension
 .text.wave_free
                0x000000000800aca0       0x16 ./wavelib/src/wavelib.o
                0x000000000800aca0                wave_free
 .text.wtree_free
                0x000000000800acb6       0x16 ./wavelib/src/wavelib.o
                0x000000000800acb6                wtree_free
 *fill*         0x000000000800accc        0x4 
 .text.wmaxiter
                0x000000000800acd0       0x68 ./wavelib/src/wtmath.o
                0x000000000800acd0                wmaxiter
 .text.atoi     0x000000000800ad38        0x8 C:/ST/STM32CubeIDE_1.13.2/STM32CubeIDE/plugins/com.st.stm32cube.ide.mcu.externaltools.gnu-tools-for-stm32.11.3.rel1.win32_1.1.100.202309141235/tools/bin/../lib/gcc/arm-none-eabi/11.3.1/../../../../arm-none-eabi/lib/thumb/v7e-m+dp/hard\libc_nano.a(libc_a-atoi.o)
                0x000000000800ad38                atoi
 .text.exit     0x000000000800ad40       0x24 C:/ST/STM32CubeIDE_1.13.2/STM32CubeIDE/plugins/com.st.stm32cube.ide.mcu.externaltools.gnu-tools-for-stm32.11.3.rel1.win32_1.1.100.202309141235/tools/bin/../lib/gcc/arm-none-eabi/11.3.1/../../../../arm-none-eabi/lib/thumb/v7e-m+dp/hard\libc_nano.a(libc_a-exit.o)
                0x000000000800ad40                exit
 .text.malloc   0x000000000800ad64       0x10 C:/ST/STM32CubeIDE_1.13.2/STM32CubeIDE/plugins/com.st.stm32cube.ide.mcu.externaltools.gnu-tools-for-stm32.11.3.rel1.win32_1.1.100.202309141235/tools/bin/../lib/gcc/arm-none-eabi/11.3.1/../../../../arm-none-eabi/lib/thumb/v7e-m+dp/hard\libc_nano.a(libc_a-malloc.o)
                0x000000000800ad64                malloc
 .text.free     0x000000000800ad74       0x10 C:/ST/STM32CubeIDE_1.13.2/STM32CubeIDE/plugins/com.st.stm32cube.ide.mcu.externaltools.gnu-tools-for-stm32.11.3.rel1.win32_1.1.100.202309141235/tools/bin/../lib/gcc/arm-none-eabi/11.3.1/../../../../arm-none-eabi/lib/thumb/v7e-m+dp/hard\libc_nano.a(libc_a-malloc.o)
                0x000000000800ad74                free
 .text.sbrk_aligned
                0x000000000800ad84       0x40 C:/ST/STM32CubeIDE_1.13.2/STM32CubeIDE/plugins/com.st.stm32cube.ide.mcu.externaltools.gnu-tools-for-stm32.11.3.rel1.win32_1.1.100.202309141235/tools/bin/../lib/gcc/arm-none-eabi/11.3.1/../../../../arm-none-eabi/lib/thumb/v7e-m+dp/hard\libc_nano.a(libc_a-mallocr.o)
 .text._malloc_r
                0x000000000800adc4      0x100 C:/ST/STM32CubeIDE_1.13.2/STM32CubeIDE/plugins/com.st.stm32cube.ide.mcu.externaltools.gnu-tools-for-stm32.11.3.rel1.win32_1.1.100.202309141235/tools/bin/../lib/gcc/arm-none-eabi/11.3.1/../../../../arm-none-eabi/lib/thumb/v7e-m+dp/hard\libc_nano.a(libc_a-mallocr.o)
                0x000000000800adc4                _malloc_r
 .text.__malloc_lock
                0x000000000800aec4        0xc C:/ST/STM32CubeIDE_1.13.2/STM32CubeIDE/plugins/com.st.stm32cube.ide.mcu.externaltools.gnu-tools-for-stm32.11.3.rel1.win32_1.1.100.202309141235/tools/bin/../lib/gcc/arm-none-eabi/11.3.1/../../../../arm-none-eabi/lib/thumb/v7e-m+dp/hard\libc_nano.a(libc_a-mlock.o)
                0x000000000800aec4                __malloc_lock
 .text.__malloc_unlock
                0x000000000800aed0        0xc C:/ST/STM32CubeIDE_1.13.2/STM32CubeIDE/plugins/com.st.stm32cube.ide.mcu.externaltools.gnu-tools-for-stm32.11.3.rel1.win32_1.1.100.202309141235/tools/bin/../lib/gcc/arm-none-eabi/11.3.1/../../../../arm-none-eabi/lib/thumb/v7e-m+dp/hard\libc_nano.a(libc_a-mlock.o)
                0x000000000800aed0                __malloc_unlock
 .text._strtol_l.constprop.0
                0x000000000800aedc      0x104 C:/ST/STM32CubeIDE_1.13.2/STM32CubeIDE/plugins/com.st.stm32cube.ide.mcu.externaltools.gnu-tools-for-stm32.11.3.rel1.win32_1.1.100.202309141235/tools/bin/../lib/gcc/arm-none-eabi/11.3.1/../../../../arm-none-eabi/lib/thumb/v7e-m+dp/hard\libc_nano.a(libc_a-strtol.o)
 .text._strtol_r
                0x000000000800afe0        0x4 C:/ST/STM32CubeIDE_1.13.2/STM32CubeIDE/plugins/com.st.stm32cube.ide.mcu.externaltools.gnu-tools-for-stm32.11.3.rel1.win32_1.1.100.202309141235/tools/bin/../lib/gcc/arm-none-eabi/11.3.1/../../../../arm-none-eabi/lib/thumb/v7e-m+dp/hard\libc_nano.a(libc_a-strtol.o)
                0x000000000800afe0                _strtol_r
 .text.strtol   0x000000000800afe4       0x14 C:/ST/STM32CubeIDE_1.13.2/STM32CubeIDE/plugins/com.st.stm32cube.ide.mcu.externaltools.gnu-tools-for-stm32.11.3.rel1.win32_1.1.100.202309141235/tools/bin/../lib/gcc/arm-none-eabi/11.3.1/../../../../arm-none-eabi/lib/thumb/v7e-m+dp/hard\libc_nano.a(libc_a-strtol.o)
                0x000000000800afe4                strtol
 .text.std      0x000000000800aff8       0x6c C:/ST/STM32CubeIDE_1.13.2/STM32CubeIDE/plugins/com.st.stm32cube.ide.mcu.externaltools.gnu-tools-for-stm32.11.3.rel1.win32_1.1.100.202309141235/tools/bin/../lib/gcc/arm-none-eabi/11.3.1/../../../../arm-none-eabi/lib/thumb/v7e-m+dp/hard\libc_nano.a(libc_a-findfp.o)
 .text.stdio_exit_handler
                0x000000000800b064       0x18 C:/ST/STM32CubeIDE_1.13.2/STM32CubeIDE/plugins/com.st.stm32cube.ide.mcu.externaltools.gnu-tools-for-stm32.11.3.rel1.win32_1.1.100.202309141235/tools/bin/../lib/gcc/arm-none-eabi/11.3.1/../../../../arm-none-eabi/lib/thumb/v7e-m+dp/hard\libc_nano.a(libc_a-findfp.o)
 .text.cleanup_stdio
                0x000000000800b07c       0x40 C:/ST/STM32CubeIDE_1.13.2/STM32CubeIDE/plugins/com.st.stm32cube.ide.mcu.externaltools.gnu-tools-for-stm32.11.3.rel1.win32_1.1.100.202309141235/tools/bin/../lib/gcc/arm-none-eabi/11.3.1/../../../../arm-none-eabi/lib/thumb/v7e-m+dp/hard\libc_nano.a(libc_a-findfp.o)
 .text.global_stdio_init.part.0
                0x000000000800b0bc       0x3c C:/ST/STM32CubeIDE_1.13.2/STM32CubeIDE/plugins/com.st.stm32cube.ide.mcu.externaltools.gnu-tools-for-stm32.11.3.rel1.win32_1.1.100.202309141235/tools/bin/../lib/gcc/arm-none-eabi/11.3.1/../../../../arm-none-eabi/lib/thumb/v7e-m+dp/hard\libc_nano.a(libc_a-findfp.o)
 .text.__sfp_lock_acquire
                0x000000000800b0f8        0xc C:/ST/STM32CubeIDE_1.13.2/STM32CubeIDE/plugins/com.st.stm32cube.ide.mcu.externaltools.gnu-tools-for-stm32.11.3.rel1.win32_1.1.100.202309141235/tools/bin/../lib/gcc/arm-none-eabi/11.3.1/../../../../arm-none-eabi/lib/thumb/v7e-m+dp/hard\libc_nano.a(libc_a-findfp.o)
                0x000000000800b0f8                __sfp_lock_acquire
 .text.__sfp_lock_release
                0x000000000800b104        0xc C:/ST/STM32CubeIDE_1.13.2/STM32CubeIDE/plugins/com.st.stm32cube.ide.mcu.externaltools.gnu-tools-for-stm32.11.3.rel1.win32_1.1.100.202309141235/tools/bin/../lib/gcc/arm-none-eabi/11.3.1/../../../../arm-none-eabi/lib/thumb/v7e-m+dp/hard\libc_nano.a(libc_a-findfp.o)
                0x000000000800b104                __sfp_lock_release
 .text.__sinit  0x000000000800b110       0x30 C:/ST/STM32CubeIDE_1.13.2/STM32CubeIDE/plugins/com.st.stm32cube.ide.mcu.externaltools.gnu-tools-for-stm32.11.3.rel1.win32_1.1.100.202309141235/tools/bin/../lib/gcc/arm-none-eabi/11.3.1/../../../../arm-none-eabi/lib/thumb/v7e-m+dp/hard\libc_nano.a(libc_a-findfp.o)
                0x000000000800b110                __sinit
 .text._fwalk_sglue
                0x000000000800b140       0x3c C:/ST/STM32CubeIDE_1.13.2/STM32CubeIDE/plugins/com.st.stm32cube.ide.mcu.externaltools.gnu-tools-for-stm32.11.3.rel1.win32_1.1.100.202309141235/tools/bin/../lib/gcc/arm-none-eabi/11.3.1/../../../../arm-none-eabi/lib/thumb/v7e-m+dp/hard\libc_nano.a(libc_a-fwalk.o)
                0x000000000800b140                _fwalk_sglue
 .text.printf   0x000000000800b17c       0x24 C:/ST/STM32CubeIDE_1.13.2/STM32CubeIDE/plugins/com.st.stm32cube.ide.mcu.externaltools.gnu-tools-for-stm32.11.3.rel1.win32_1.1.100.202309141235/tools/bin/../lib/gcc/arm-none-eabi/11.3.1/../../../../arm-none-eabi/lib/thumb/v7e-m+dp/hard\libc_nano.a(libc_a-printf.o)
                0x000000000800b17c                iprintf
                0x000000000800b17c                printf
 .text._puts_r  0x000000000800b1a0       0xa8 C:/ST/STM32CubeIDE_1.13.2/STM32CubeIDE/plugins/com.st.stm32cube.ide.mcu.externaltools.gnu-tools-for-stm32.11.3.rel1.win32_1.1.100.202309141235/tools/bin/../lib/gcc/arm-none-eabi/11.3.1/../../../../arm-none-eabi/lib/thumb/v7e-m+dp/hard\libc_nano.a(libc_a-puts.o)
                0x000000000800b1a0                _puts_r
 .text.puts     0x000000000800b248       0x10 C:/ST/STM32CubeIDE_1.13.2/STM32CubeIDE/plugins/com.st.stm32cube.ide.mcu.externaltools.gnu-tools-for-stm32.11.3.rel1.win32_1.1.100.202309141235/tools/bin/../lib/gcc/arm-none-eabi/11.3.1/../../../../arm-none-eabi/lib/thumb/v7e-m+dp/hard\libc_nano.a(libc_a-puts.o)
                0x000000000800b248                puts
 .text.scanf    0x000000000800b258       0x24 C:/ST/STM32CubeIDE_1.13.2/STM32CubeIDE/plugins/com.st.stm32cube.ide.mcu.externaltools.gnu-tools-for-stm32.11.3.rel1.win32_1.1.100.202309141235/tools/bin/../lib/gcc/arm-none-eabi/11.3.1/../../../../arm-none-eabi/lib/thumb/v7e-m+dp/hard\libc_nano.a(libc_a-scanf.o)
                0x000000000800b258                scanf
                0x000000000800b258                iscanf
 .text.setvbuf  0x000000000800b27c      0x15c C:/ST/STM32CubeIDE_1.13.2/STM32CubeIDE/plugins/com.st.stm32cube.ide.mcu.externaltools.gnu-tools-for-stm32.11.3.rel1.win32_1.1.100.202309141235/tools/bin/../lib/gcc/arm-none-eabi/11.3.1/../../../../arm-none-eabi/lib/thumb/v7e-m+dp/hard\libc_nano.a(libc_a-setvbuf.o)
                0x000000000800b27c                setvbuf
 .text.sprintf  0x000000000800b3d8       0x40 C:/ST/STM32CubeIDE_1.13.2/STM32CubeIDE/plugins/com.st.stm32cube.ide.mcu.externaltools.gnu-tools-for-stm32.11.3.rel1.win32_1.1.100.202309141235/tools/bin/../lib/gcc/arm-none-eabi/11.3.1/../../../../arm-none-eabi/lib/thumb/v7e-m+dp/hard\libc_nano.a(libc_a-sprintf.o)
                0x000000000800b3d8                siprintf
                0x000000000800b3d8                sprintf
 .text.__sread  0x000000000800b418       0x22 C:/ST/STM32CubeIDE_1.13.2/STM32CubeIDE/plugins/com.st.stm32cube.ide.mcu.externaltools.gnu-tools-for-stm32.11.3.rel1.win32_1.1.100.202309141235/tools/bin/../lib/gcc/arm-none-eabi/11.3.1/../../../../arm-none-eabi/lib/thumb/v7e-m+dp/hard\libc_nano.a(libc_a-stdio.o)
                0x000000000800b418                __sread
 .text.__swrite
                0x000000000800b43a       0x38 C:/ST/STM32CubeIDE_1.13.2/STM32CubeIDE/plugins/com.st.stm32cube.ide.mcu.externaltools.gnu-tools-for-stm32.11.3.rel1.win32_1.1.100.202309141235/tools/bin/../lib/gcc/arm-none-eabi/11.3.1/../../../../arm-none-eabi/lib/thumb/v7e-m+dp/hard\libc_nano.a(libc_a-stdio.o)
                0x000000000800b43a                __swrite
 .text.__sseek  0x000000000800b472       0x24 C:/ST/STM32CubeIDE_1.13.2/STM32CubeIDE/plugins/com.st.stm32cube.ide.mcu.externaltools.gnu-tools-for-stm32.11.3.rel1.win32_1.1.100.202309141235/tools/bin/../lib/gcc/arm-none-eabi/11.3.1/../../../../arm-none-eabi/lib/thumb/v7e-m+dp/hard\libc_nano.a(libc_a-stdio.o)
                0x000000000800b472                __sseek
 .text.__sclose
                0x000000000800b496        0x8 C:/ST/STM32CubeIDE_1.13.2/STM32CubeIDE/plugins/com.st.stm32cube.ide.mcu.externaltools.gnu-tools-for-stm32.11.3.rel1.win32_1.1.100.202309141235/tools/bin/../lib/gcc/arm-none-eabi/11.3.1/../../../../arm-none-eabi/lib/thumb/v7e-m+dp/hard\libc_nano.a(libc_a-stdio.o)
                0x000000000800b496                __sclose
 .text.__swbuf_r
                0x000000000800b49e       0x7a C:/ST/STM32CubeIDE_1.13.2/STM32CubeIDE/plugins/com.st.stm32cube.ide.mcu.externaltools.gnu-tools-for-stm32.11.3.rel1.win32_1.1.100.202309141235/tools/bin/../lib/gcc/arm-none-eabi/11.3.1/../../../../arm-none-eabi/lib/thumb/v7e-m+dp/hard\libc_nano.a(libc_a-wbuf.o)
                0x000000000800b49e                __swbuf_r
 .text.__swsetup_r
                0x000000000800b518       0xb0 C:/ST/STM32CubeIDE_1.13.2/STM32CubeIDE/plugins/com.st.stm32cube.ide.mcu.externaltools.gnu-tools-for-stm32.11.3.rel1.win32_1.1.100.202309141235/tools/bin/../lib/gcc/arm-none-eabi/11.3.1/../../../../arm-none-eabi/lib/thumb/v7e-m+dp/hard\libc_nano.a(libc_a-wsetup.o)
                0x000000000800b518                __swsetup_r
 .text.memset   0x000000000800b5c8       0x10 C:/ST/STM32CubeIDE_1.13.2/STM32CubeIDE/plugins/com.st.stm32cube.ide.mcu.externaltools.gnu-tools-for-stm32.11.3.rel1.win32_1.1.100.202309141235/tools/bin/../lib/gcc/arm-none-eabi/11.3.1/../../../../arm-none-eabi/lib/thumb/v7e-m+dp/hard\libc_nano.a(libc_a-memset.o)
                0x000000000800b5c8                memset
 .text.strstr   0x000000000800b5d8       0x2c C:/ST/STM32CubeIDE_1.13.2/STM32CubeIDE/plugins/com.st.stm32cube.ide.mcu.externaltools.gnu-tools-for-stm32.11.3.rel1.win32_1.1.100.202309141235/tools/bin/../lib/gcc/arm-none-eabi/11.3.1/../../../../arm-none-eabi/lib/thumb/v7e-m+dp/hard\libc_nano.a(libc_a-strstr.o)
                0x000000000800b5d8                strstr
 .text._close_r
                0x000000000800b604       0x20 C:/ST/STM32CubeIDE_1.13.2/STM32CubeIDE/plugins/com.st.stm32cube.ide.mcu.externaltools.gnu-tools-for-stm32.11.3.rel1.win32_1.1.100.202309141235/tools/bin/../lib/gcc/arm-none-eabi/11.3.1/../../../../arm-none-eabi/lib/thumb/v7e-m+dp/hard\libc_nano.a(libc_a-closer.o)
                0x000000000800b604                _close_r
 .text._lseek_r
                0x000000000800b624       0x24 C:/ST/STM32CubeIDE_1.13.2/STM32CubeIDE/plugins/com.st.stm32cube.ide.mcu.externaltools.gnu-tools-for-stm32.11.3.rel1.win32_1.1.100.202309141235/tools/bin/../lib/gcc/arm-none-eabi/11.3.1/../../../../arm-none-eabi/lib/thumb/v7e-m+dp/hard\libc_nano.a(libc_a-lseekr.o)
                0x000000000800b624                _lseek_r
 .text._read_r  0x000000000800b648       0x24 C:/ST/STM32CubeIDE_1.13.2/STM32CubeIDE/plugins/com.st.stm32cube.ide.mcu.externaltools.gnu-tools-for-stm32.11.3.rel1.win32_1.1.100.202309141235/tools/bin/../lib/gcc/arm-none-eabi/11.3.1/../../../../arm-none-eabi/lib/thumb/v7e-m+dp/hard\libc_nano.a(libc_a-readr.o)
                0x000000000800b648                _read_r
 .text._sbrk_r  0x000000000800b66c       0x20 C:/ST/STM32CubeIDE_1.13.2/STM32CubeIDE/plugins/com.st.stm32cube.ide.mcu.externaltools.gnu-tools-for-stm32.11.3.rel1.win32_1.1.100.202309141235/tools/bin/../lib/gcc/arm-none-eabi/11.3.1/../../../../arm-none-eabi/lib/thumb/v7e-m+dp/hard\libc_nano.a(libc_a-sbrkr.o)
                0x000000000800b66c                _sbrk_r
 .text._write_r
                0x000000000800b68c       0x24 C:/ST/STM32CubeIDE_1.13.2/STM32CubeIDE/plugins/com.st.stm32cube.ide.mcu.externaltools.gnu-tools-for-stm32.11.3.rel1.win32_1.1.100.202309141235/tools/bin/../lib/gcc/arm-none-eabi/11.3.1/../../../../arm-none-eabi/lib/thumb/v7e-m+dp/hard\libc_nano.a(libc_a-writer.o)
                0x000000000800b68c                _write_r
 .text.__errno  0x000000000800b6b0        0xc C:/ST/STM32CubeIDE_1.13.2/STM32CubeIDE/plugins/com.st.stm32cube.ide.mcu.externaltools.gnu-tools-for-stm32.11.3.rel1.win32_1.1.100.202309141235/tools/bin/../lib/gcc/arm-none-eabi/11.3.1/../../../../arm-none-eabi/lib/thumb/v7e-m+dp/hard\libc_nano.a(libc_a-errno.o)
                0x000000000800b6b0                __errno
 .text.__libc_init_array
                0x000000000800b6bc       0x48 C:/ST/STM32CubeIDE_1.13.2/STM32CubeIDE/plugins/com.st.stm32cube.ide.mcu.externaltools.gnu-tools-for-stm32.11.3.rel1.win32_1.1.100.202309141235/tools/bin/../lib/gcc/arm-none-eabi/11.3.1/../../../../arm-none-eabi/lib/thumb/v7e-m+dp/hard\libc_nano.a(libc_a-init.o)
                0x000000000800b6bc                __libc_init_array
 .text.__retarget_lock_init_recursive
                0x000000000800b704        0x2 C:/ST/STM32CubeIDE_1.13.2/STM32CubeIDE/plugins/com.st.stm32cube.ide.mcu.externaltools.gnu-tools-for-stm32.11.3.rel1.win32_1.1.100.202309141235/tools/bin/../lib/gcc/arm-none-eabi/11.3.1/../../../../arm-none-eabi/lib/thumb/v7e-m+dp/hard\libc_nano.a(libc_a-lock.o)
                0x000000000800b704                __retarget_lock_init_recursive
 .text.__retarget_lock_acquire_recursive
                0x000000000800b706        0x2 C:/ST/STM32CubeIDE_1.13.2/STM32CubeIDE/plugins/com.st.stm32cube.ide.mcu.externaltools.gnu-tools-for-stm32.11.3.rel1.win32_1.1.100.202309141235/tools/bin/../lib/gcc/arm-none-eabi/11.3.1/../../../../arm-none-eabi/lib/thumb/v7e-m+dp/hard\libc_nano.a(libc_a-lock.o)
                0x000000000800b706                __retarget_lock_acquire_recursive
 .text.__retarget_lock_release_recursive
                0x000000000800b708        0x2 C:/ST/STM32CubeIDE_1.13.2/STM32CubeIDE/plugins/com.st.stm32cube.ide.mcu.externaltools.gnu-tools-for-stm32.11.3.rel1.win32_1.1.100.202309141235/tools/bin/../lib/gcc/arm-none-eabi/11.3.1/../../../../arm-none-eabi/lib/thumb/v7e-m+dp/hard\libc_nano.a(libc_a-lock.o)
                0x000000000800b708                __retarget_lock_release_recursive
 .text.strcpy   0x000000000800b70a       0x10 C:/ST/STM32CubeIDE_1.13.2/STM32CubeIDE/plugins/com.st.stm32cube.ide.mcu.externaltools.gnu-tools-for-stm32.11.3.rel1.win32_1.1.100.202309141235/tools/bin/../lib/gcc/arm-none-eabi/11.3.1/../../../../arm-none-eabi/lib/thumb/v7e-m+dp/hard\libc_nano.a(libc_a-strcpy.o)
                0x000000000800b70a                strcpy
 .text.memcpy   0x000000000800b71a       0x1c C:/ST/STM32CubeIDE_1.13.2/STM32CubeIDE/plugins/com.st.stm32cube.ide.mcu.externaltools.gnu-tools-for-stm32.11.3.rel1.win32_1.1.100.202309141235/tools/bin/../lib/gcc/arm-none-eabi/11.3.1/../../../../arm-none-eabi/lib/thumb/v7e-m+dp/hard\libc_nano.a(libc_a-memcpy-stub.o)
                0x000000000800b71a                memcpy
 *fill*         0x000000000800b736        0x2 
 .text._free_r  0x000000000800b738       0x98 C:/ST/STM32CubeIDE_1.13.2/STM32CubeIDE/plugins/com.st.stm32cube.ide.mcu.externaltools.gnu-tools-for-stm32.11.3.rel1.win32_1.1.100.202309141235/tools/bin/../lib/gcc/arm-none-eabi/11.3.1/../../../../arm-none-eabi/lib/thumb/v7e-m+dp/hard\libc_nano.a(libc_a-freer.o)
                0x000000000800b738                _free_r
 .text.__ssputs_r
                0x000000000800b7d0       0xb4 C:/ST/STM32CubeIDE_1.13.2/STM32CubeIDE/plugins/com.st.stm32cube.ide.mcu.externaltools.gnu-tools-for-stm32.11.3.rel1.win32_1.1.100.202309141235/tools/bin/../lib/gcc/arm-none-eabi/11.3.1/../../../../arm-none-eabi/lib/thumb/v7e-m+dp/hard\libc_nano.a(libc_a-nano-svfprintf.o)
                0x000000000800b7d0                __ssputs_r
 .text._svfprintf_r
                0x000000000800b884      0x1fc C:/ST/STM32CubeIDE_1.13.2/STM32CubeIDE/plugins/com.st.stm32cube.ide.mcu.externaltools.gnu-tools-for-stm32.11.3.rel1.win32_1.1.100.202309141235/tools/bin/../lib/gcc/arm-none-eabi/11.3.1/../../../../arm-none-eabi/lib/thumb/v7e-m+dp/hard\libc_nano.a(libc_a-nano-svfprintf.o)
                0x000000000800b884                _svfiprintf_r
                0x000000000800b884                _svfprintf_r
 .text.__sfputc_r
                0x000000000800ba80       0x2e C:/ST/STM32CubeIDE_1.13.2/STM32CubeIDE/plugins/com.st.stm32cube.ide.mcu.externaltools.gnu-tools-for-stm32.11.3.rel1.win32_1.1.100.202309141235/tools/bin/../lib/gcc/arm-none-eabi/11.3.1/../../../../arm-none-eabi/lib/thumb/v7e-m+dp/hard\libc_nano.a(libc_a-nano-vfprintf.o)
 .text.__sfputs_r
                0x000000000800baae       0x24 C:/ST/STM32CubeIDE_1.13.2/STM32CubeIDE/plugins/com.st.stm32cube.ide.mcu.externaltools.gnu-tools-for-stm32.11.3.rel1.win32_1.1.100.202309141235/tools/bin/../lib/gcc/arm-none-eabi/11.3.1/../../../../arm-none-eabi/lib/thumb/v7e-m+dp/hard\libc_nano.a(libc_a-nano-vfprintf.o)
                0x000000000800baae                __sfputs_r
 *fill*         0x000000000800bad2        0x2 
 .text._vfprintf_r
                0x000000000800bad4      0x234 C:/ST/STM32CubeIDE_1.13.2/STM32CubeIDE/plugins/com.st.stm32cube.ide.mcu.externaltools.gnu-tools-for-stm32.11.3.rel1.win32_1.1.100.202309141235/tools/bin/../lib/gcc/arm-none-eabi/11.3.1/../../../../arm-none-eabi/lib/thumb/v7e-m+dp/hard\libc_nano.a(libc_a-nano-vfprintf.o)
                0x000000000800bad4                _vfprintf_r
                0x000000000800bad4                _vfiprintf_r
 .text._printf_common
                0x000000000800bd08       0xda C:/ST/STM32CubeIDE_1.13.2/STM32CubeIDE/plugins/com.st.stm32cube.ide.mcu.externaltools.gnu-tools-for-stm32.11.3.rel1.win32_1.1.100.202309141235/tools/bin/../lib/gcc/arm-none-eabi/11.3.1/../../../../arm-none-eabi/lib/thumb/v7e-m+dp/hard\libc_nano.a(libc_a-nano-vfprintf_i.o)
                0x000000000800bd08                _printf_common
 *fill*         0x000000000800bde2        0x2 
 .text._printf_i
                0x000000000800bde4      0x244 C:/ST/STM32CubeIDE_1.13.2/STM32CubeIDE/plugins/com.st.stm32cube.ide.mcu.externaltools.gnu-tools-for-stm32.11.3.rel1.win32_1.1.100.202309141235/tools/bin/../lib/gcc/arm-none-eabi/11.3.1/../../../../arm-none-eabi/lib/thumb/v7e-m+dp/hard\libc_nano.a(libc_a-nano-vfprintf_i.o)
                0x000000000800bde4                _printf_i
 .text.__svfscanf_r
                0x000000000800c028      0x344 C:/ST/STM32CubeIDE_1.13.2/STM32CubeIDE/plugins/com.st.stm32cube.ide.mcu.externaltools.gnu-tools-for-stm32.11.3.rel1.win32_1.1.100.202309141235/tools/bin/../lib/gcc/arm-none-eabi/11.3.1/../../../../arm-none-eabi/lib/thumb/v7e-m+dp/hard\libc_nano.a(libc_a-nano-vfscanf.o)
                0x000000000800c028                __svfscanf_r
                0x000000000800c028                __svfiscanf_r
 .text._vfscanf_r
                0x000000000800c36c       0x28 C:/ST/STM32CubeIDE_1.13.2/STM32CubeIDE/plugins/com.st.stm32cube.ide.mcu.externaltools.gnu-tools-for-stm32.11.3.rel1.win32_1.1.100.202309141235/tools/bin/../lib/gcc/arm-none-eabi/11.3.1/../../../../arm-none-eabi/lib/thumb/v7e-m+dp/hard\libc_nano.a(libc_a-nano-vfscanf.o)
                0x000000000800c36c                _vfscanf_r
                0x000000000800c36c                _vfiscanf_r
 .text._scanf_chars
                0x000000000800c394       0xb4 C:/ST/STM32CubeIDE_1.13.2/STM32CubeIDE/plugins/com.st.stm32cube.ide.mcu.externaltools.gnu-tools-for-stm32.11.3.rel1.win32_1.1.100.202309141235/tools/bin/../lib/gcc/arm-none-eabi/11.3.1/../../../../arm-none-eabi/lib/thumb/v7e-m+dp/hard\libc_nano.a(libc_a-nano-vfscanf_i.o)
                0x000000000800c394                _scanf_chars
 .text._scanf_i
                0x000000000800c448      0x1e8 C:/ST/STM32CubeIDE_1.13.2/STM32CubeIDE/plugins/com.st.stm32cube.ide.mcu.externaltools.gnu-tools-for-stm32.11.3.rel1.win32_1.1.100.202309141235/tools/bin/../lib/gcc/arm-none-eabi/11.3.1/../../../../arm-none-eabi/lib/thumb/v7e-m+dp/hard\libc_nano.a(libc_a-nano-vfscanf_i.o)
                0x000000000800c448                _scanf_i
 .text.__sflush_r
                0x000000000800c630      0x10c C:/ST/STM32CubeIDE_1.13.2/STM32CubeIDE/plugins/com.st.stm32cube.ide.mcu.externaltools.gnu-tools-for-stm32.11.3.rel1.win32_1.1.100.202309141235/tools/bin/../lib/gcc/arm-none-eabi/11.3.1/../../../../arm-none-eabi/lib/thumb/v7e-m+dp/hard\libc_nano.a(libc_a-fflush.o)
                0x000000000800c630                __sflush_r
 .text._fflush_r
                0x000000000800c73c       0x50 C:/ST/STM32CubeIDE_1.13.2/STM32CubeIDE/plugins/com.st.stm32cube.ide.mcu.externaltools.gnu-tools-for-stm32.11.3.rel1.win32_1.1.100.202309141235/tools/bin/../lib/gcc/arm-none-eabi/11.3.1/../../../../arm-none-eabi/lib/thumb/v7e-m+dp/hard\libc_nano.a(libc_a-fflush.o)
                0x000000000800c73c                _fflush_r
 .text.__swhatbuf_r
                0x000000000800c78c       0x4c C:/ST/STM32CubeIDE_1.13.2/STM32CubeIDE/plugins/com.st.stm32cube.ide.mcu.externaltools.gnu-tools-for-stm32.11.3.rel1.win32_1.1.100.202309141235/tools/bin/../lib/gcc/arm-none-eabi/11.3.1/../../../../arm-none-eabi/lib/thumb/v7e-m+dp/hard\libc_nano.a(libc_a-makebuf.o)
                0x000000000800c78c                __swhatbuf_r
 .text.__smakebuf_r
                0x000000000800c7d8       0x78 C:/ST/STM32CubeIDE_1.13.2/STM32CubeIDE/plugins/com.st.stm32cube.ide.mcu.externaltools.gnu-tools-for-stm32.11.3.rel1.win32_1.1.100.202309141235/tools/bin/../lib/gcc/arm-none-eabi/11.3.1/../../../../arm-none-eabi/lib/thumb/v7e-m+dp/hard\libc_nano.a(libc_a-makebuf.o)
                0x000000000800c7d8                __smakebuf_r
 .text.lflush   0x000000000800c850       0x1c C:/ST/STM32CubeIDE_1.13.2/STM32CubeIDE/plugins/com.st.stm32cube.ide.mcu.externaltools.gnu-tools-for-stm32.11.3.rel1.win32_1.1.100.202309141235/tools/bin/../lib/gcc/arm-none-eabi/11.3.1/../../../../arm-none-eabi/lib/thumb/v7e-m+dp/hard\libc_nano.a(libc_a-refill.o)
 .text.__srefill_r
                0x000000000800c86c       0xf0 C:/ST/STM32CubeIDE_1.13.2/STM32CubeIDE/plugins/com.st.stm32cube.ide.mcu.externaltools.gnu-tools-for-stm32.11.3.rel1.win32_1.1.100.202309141235/tools/bin/../lib/gcc/arm-none-eabi/11.3.1/../../../../arm-none-eabi/lib/thumb/v7e-m+dp/hard\libc_nano.a(libc_a-refill.o)
                0x000000000800c86c                __srefill_r
 .text.__sccl   0x000000000800c95c       0x72 C:/ST/STM32CubeIDE_1.13.2/STM32CubeIDE/plugins/com.st.stm32cube.ide.mcu.externaltools.gnu-tools-for-stm32.11.3.rel1.win32_1.1.100.202309141235/tools/bin/../lib/gcc/arm-none-eabi/11.3.1/../../../../arm-none-eabi/lib/thumb/v7e-m+dp/hard\libc_nano.a(libc_a-sccl.o)
                0x000000000800c95c                __sccl
 .text.__submore
                0x000000000800c9ce       0x74 C:/ST/STM32CubeIDE_1.13.2/STM32CubeIDE/plugins/com.st.stm32cube.ide.mcu.externaltools.gnu-tools-for-stm32.11.3.rel1.win32_1.1.100.202309141235/tools/bin/../lib/gcc/arm-none-eabi/11.3.1/../../../../arm-none-eabi/lib/thumb/v7e-m+dp/hard\libc_nano.a(libc_a-ungetc.o)
                0x000000000800c9ce                __submore
 .text._ungetc_r
                0x000000000800ca42      0x108 C:/ST/STM32CubeIDE_1.13.2/STM32CubeIDE/plugins/com.st.stm32cube.ide.mcu.externaltools.gnu-tools-for-stm32.11.3.rel1.win32_1.1.100.202309141235/tools/bin/../lib/gcc/arm-none-eabi/11.3.1/../../../../arm-none-eabi/lib/thumb/v7e-m+dp/hard\libc_nano.a(libc_a-ungetc.o)
                0x000000000800ca42                _ungetc_r
 .text.memmove  0x000000000800cb4a       0x34 C:/ST/STM32CubeIDE_1.13.2/STM32CubeIDE/plugins/com.st.stm32cube.ide.mcu.externaltools.gnu-tools-for-stm32.11.3.rel1.win32_1.1.100.202309141235/tools/bin/../lib/gcc/arm-none-eabi/11.3.1/../../../../arm-none-eabi/lib/thumb/v7e-m+dp/hard\libc_nano.a(libc_a-memmove.o)
                0x000000000800cb4a                memmove
 *fill*         0x000000000800cb7e        0x2 
 .text._fstat_r
                0x000000000800cb80       0x24 C:/ST/STM32CubeIDE_1.13.2/STM32CubeIDE/plugins/com.st.stm32cube.ide.mcu.externaltools.gnu-tools-for-stm32.11.3.rel1.win32_1.1.100.202309141235/tools/bin/../lib/gcc/arm-none-eabi/11.3.1/../../../../arm-none-eabi/lib/thumb/v7e-m+dp/hard\libc_nano.a(libc_a-fstatr.o)
                0x000000000800cb80                _fstat_r
 .text._isatty_r
                0x000000000800cba4       0x20 C:/ST/STM32CubeIDE_1.13.2/STM32CubeIDE/plugins/com.st.stm32cube.ide.mcu.externaltools.gnu-tools-for-stm32.11.3.rel1.win32_1.1.100.202309141235/tools/bin/../lib/gcc/arm-none-eabi/11.3.1/../../../../arm-none-eabi/lib/thumb/v7e-m+dp/hard\libc_nano.a(libc_a-isattyr.o)
                0x000000000800cba4                _isatty_r
 .text._realloc_r
                0x000000000800cbc4       0x5e C:/ST/STM32CubeIDE_1.13.2/STM32CubeIDE/plugins/com.st.stm32cube.ide.mcu.externaltools.gnu-tools-for-stm32.11.3.rel1.win32_1.1.100.202309141235/tools/bin/../lib/gcc/arm-none-eabi/11.3.1/../../../../arm-none-eabi/lib/thumb/v7e-m+dp/hard\libc_nano.a(libc_a-reallocr.o)
                0x000000000800cbc4                _realloc_r
 *fill*         0x000000000800cc22        0x2 
 .text._strtoul_l.constprop.0
                0x000000000800cc24       0xe4 C:/ST/STM32CubeIDE_1.13.2/STM32CubeIDE/plugins/com.st.stm32cube.ide.mcu.externaltools.gnu-tools-for-stm32.11.3.rel1.win32_1.1.100.202309141235/tools/bin/../lib/gcc/arm-none-eabi/11.3.1/../../../../arm-none-eabi/lib/thumb/v7e-m+dp/hard\libc_nano.a(libc_a-strtoul.o)
 .text._strtoul_r
                0x000000000800cd08        0x4 C:/ST/STM32CubeIDE_1.13.2/STM32CubeIDE/plugins/com.st.stm32cube.ide.mcu.externaltools.gnu-tools-for-stm32.11.3.rel1.win32_1.1.100.202309141235/tools/bin/../lib/gcc/arm-none-eabi/11.3.1/../../../../arm-none-eabi/lib/thumb/v7e-m+dp/hard\libc_nano.a(libc_a-strtoul.o)
                0x000000000800cd08                _strtoul_r
 .text._malloc_usable_size_r
                0x000000000800cd0c       0x10 C:/ST/STM32CubeIDE_1.13.2/STM32CubeIDE/plugins/com.st.stm32cube.ide.mcu.externaltools.gnu-tools-for-stm32.11.3.rel1.win32_1.1.100.202309141235/tools/bin/../lib/gcc/arm-none-eabi/11.3.1/../../../../arm-none-eabi/lib/thumb/v7e-m+dp/hard\libc_nano.a(libc_a-msizer.o)
                0x000000000800cd0c                _malloc_usable_size_r
 *fill*         0x000000000800cd1c        0x4 
 .text.sqrt     0x000000000800cd20       0x40 C:/ST/STM32CubeIDE_1.13.2/STM32CubeIDE/plugins/com.st.stm32cube.ide.mcu.externaltools.gnu-tools-for-stm32.11.3.rel1.win32_1.1.100.202309141235/tools/bin/../lib/gcc/arm-none-eabi/11.3.1/../../../../arm-none-eabi/lib/thumb/v7e-m+dp/hard\libm.a(libm_a-w_sqrt.o)
                0x000000000800cd20                sqrt
 .text.with_errno
                0x000000000800cd60       0x16 C:/ST/STM32CubeIDE_1.13.2/STM32CubeIDE/plugins/com.st.stm32cube.ide.mcu.externaltools.gnu-tools-for-stm32.11.3.rel1.win32_1.1.100.202309141235/tools/bin/../lib/gcc/arm-none-eabi/11.3.1/../../../../arm-none-eabi/lib/thumb/v7e-m+dp/hard\libm.a(libm_a-math_err.o)
 .text.xflow    0x000000000800cd76       0x22 C:/ST/STM32CubeIDE_1.13.2/STM32CubeIDE/plugins/com.st.stm32cube.ide.mcu.externaltools.gnu-tools-for-stm32.11.3.rel1.win32_1.1.100.202309141235/tools/bin/../lib/gcc/arm-none-eabi/11.3.1/../../../../arm-none-eabi/lib/thumb/v7e-m+dp/hard\libm.a(libm_a-math_err.o)
 .text.__math_uflow
                0x000000000800cd98       0x10 C:/ST/STM32CubeIDE_1.13.2/STM32CubeIDE/plugins/com.st.stm32cube.ide.mcu.externaltools.gnu-tools-for-stm32.11.3.rel1.win32_1.1.100.202309141235/tools/bin/../lib/gcc/arm-none-eabi/11.3.1/../../../../arm-none-eabi/lib/thumb/v7e-m+dp/hard\libm.a(libm_a-math_err.o)
                0x000000000800cd98                __math_uflow
 .text.__math_oflow
                0x000000000800cda8       0x10 C:/ST/STM32CubeIDE_1.13.2/STM32CubeIDE/plugins/com.st.stm32cube.ide.mcu.externaltools.gnu-tools-for-stm32.11.3.rel1.win32_1.1.100.202309141235/tools/bin/../lib/gcc/arm-none-eabi/11.3.1/../../../../arm-none-eabi/lib/thumb/v7e-m+dp/hard\libm.a(libm_a-math_err.o)
                0x000000000800cda8                __math_oflow
 .text.__math_divzero
                0x000000000800cdb8       0x30 C:/ST/STM32CubeIDE_1.13.2/STM32CubeIDE/plugins/com.st.stm32cube.ide.mcu.externaltools.gnu-tools-for-stm32.11.3.rel1.win32_1.1.100.202309141235/tools/bin/../lib/gcc/arm-none-eabi/11.3.1/../../../../arm-none-eabi/lib/thumb/v7e-m+dp/hard\libm.a(libm_a-math_err.o)
                0x000000000800cdb8                __math_divzero
 .text.__math_invalid
                0x000000000800cde8       0x1e C:/ST/STM32CubeIDE_1.13.2/STM32CubeIDE/plugins/com.st.stm32cube.ide.mcu.externaltools.gnu-tools-for-stm32.11.3.rel1.win32_1.1.100.202309141235/tools/bin/../lib/gcc/arm-none-eabi/11.3.1/../../../../arm-none-eabi/lib/thumb/v7e-m+dp/hard\libm.a(libm_a-math_err.o)
                0x000000000800cde8                __math_invalid
 .text.__math_check_uflow
                0x000000000800ce06       0x12 C:/ST/STM32CubeIDE_1.13.2/STM32CubeIDE/plugins/com.st.stm32cube.ide.mcu.externaltools.gnu-tools-for-stm32.11.3.rel1.win32_1.1.100.202309141235/tools/bin/../lib/gcc/arm-none-eabi/11.3.1/../../../../arm-none-eabi/lib/thumb/v7e-m+dp/hard\libm.a(libm_a-math_err.o)
                0x000000000800ce06                __math_check_uflow
 .text.__math_check_oflow
                0x000000000800ce18       0x28 C:/ST/STM32CubeIDE_1.13.2/STM32CubeIDE/plugins/com.st.stm32cube.ide.mcu.externaltools.gnu-tools-for-stm32.11.3.rel1.win32_1.1.100.202309141235/tools/bin/../lib/gcc/arm-none-eabi/11.3.1/../../../../arm-none-eabi/lib/thumb/v7e-m+dp/hard\libm.a(libm_a-math_err.o)
                0x000000000800ce18                __math_check_oflow
 .text.log      0x000000000800ce40      0x1f0 C:/ST/STM32CubeIDE_1.13.2/STM32CubeIDE/plugins/com.st.stm32cube.ide.mcu.externaltools.gnu-tools-for-stm32.11.3.rel1.win32_1.1.100.202309141235/tools/bin/../lib/gcc/arm-none-eabi/11.3.1/../../../../arm-none-eabi/lib/thumb/v7e-m+dp/hard\libm.a(libm_a-log.o)
                0x000000000800ce40                log
 .text.checkint
                0x000000000800d030       0x68 C:/ST/STM32CubeIDE_1.13.2/STM32CubeIDE/plugins/com.st.stm32cube.ide.mcu.externaltools.gnu-tools-for-stm32.11.3.rel1.win32_1.1.100.202309141235/tools/bin/../lib/gcc/arm-none-eabi/11.3.1/../../../../arm-none-eabi/lib/thumb/v7e-m+dp/hard\libm.a(libm_a-pow.o)
 .text.pow      0x000000000800d098      0x4a0 C:/ST/STM32CubeIDE_1.13.2/STM32CubeIDE/plugins/com.st.stm32cube.ide.mcu.externaltools.gnu-tools-for-stm32.11.3.rel1.win32_1.1.100.202309141235/tools/bin/../lib/gcc/arm-none-eabi/11.3.1/../../../../arm-none-eabi/lib/thumb/v7e-m+dp/hard\libm.a(libm_a-pow.o)
                0x000000000800d098                pow
 .text.__ieee754_sqrt
                0x000000000800d538        0x6 C:/ST/STM32CubeIDE_1.13.2/STM32CubeIDE/plugins/com.st.stm32cube.ide.mcu.externaltools.gnu-tools-for-stm32.11.3.rel1.win32_1.1.100.202309141235/tools/bin/../lib/gcc/arm-none-eabi/11.3.1/../../../../arm-none-eabi/lib/thumb/v7e-m+dp/hard\libm.a(libm_a-e_sqrt.o)
                0x000000000800d538                __ieee754_sqrt
 *fill*         0x000000000800d53e        0x2 
 .text.ceil     0x000000000800d540       0xf0 C:/ST/STM32CubeIDE_1.13.2/STM32CubeIDE/plugins/com.st.stm32cube.ide.mcu.externaltools.gnu-tools-for-stm32.11.3.rel1.win32_1.1.100.202309141235/tools/bin/../lib/gcc/arm-none-eabi/11.3.1/../../../../arm-none-eabi/lib/thumb/v7e-m+dp/hard\libm.a(libm_a-s_ceil.o)
                0x000000000800d540                ceil
 .text.round    0x000000000800d630       0x88 C:/ST/STM32CubeIDE_1.13.2/STM32CubeIDE/plugins/com.st.stm32cube.ide.mcu.externaltools.gnu-tools-for-stm32.11.3.rel1.win32_1.1.100.202309141235/tools/bin/../lib/gcc/arm-none-eabi/11.3.1/../../../../arm-none-eabi/lib/thumb/v7e-m+dp/hard\libm.a(libm_a-s_round.o)
                0x000000000800d630                round
 .text._exit    0x000000000800d6b8        0x2 C:/ST/STM32CubeIDE_1.13.2/STM32CubeIDE/plugins/com.st.stm32cube.ide.mcu.externaltools.gnu-tools-for-stm32.11.3.rel1.win32_1.1.100.202309141235/tools/bin/../lib/gcc/arm-none-eabi/11.3.1/../../../../arm-none-eabi/lib/thumb/v7e-m+dp/hard\libnosys.a(_exit.o)
                0x000000000800d6b8                _exit
 *(.glue_7)
 .glue_7        0x000000000800d6ba        0x0 linker stubs
 *(.glue_7t)
 .glue_7t       0x000000000800d6ba        0x0 linker stubs
 *(.eh_frame)
 *fill*         0x000000000800d6ba        0x2 
 .eh_frame      0x000000000800d6bc        0x0 C:/ST/STM32CubeIDE_1.13.2/STM32CubeIDE/plugins/com.st.stm32cube.ide.mcu.externaltools.gnu-tools-for-stm32.11.3.rel1.win32_1.1.100.202309141235/tools/bin/../lib/gcc/arm-none-eabi/11.3.1/thumb/v7e-m+dp/hard/crtbegin.o
 *(.init)
 .init          0x000000000800d6bc        0x4 C:/ST/STM32CubeIDE_1.13.2/STM32CubeIDE/plugins/com.st.stm32cube.ide.mcu.externaltools.gnu-tools-for-stm32.11.3.rel1.win32_1.1.100.202309141235/tools/bin/../lib/gcc/arm-none-eabi/11.3.1/thumb/v7e-m+dp/hard/crti.o
                0x000000000800d6bc                _init
 .init          0x000000000800d6c0        0x8 C:/ST/STM32CubeIDE_1.13.2/STM32CubeIDE/plugins/com.st.stm32cube.ide.mcu.externaltools.gnu-tools-for-stm32.11.3.rel1.win32_1.1.100.202309141235/tools/bin/../lib/gcc/arm-none-eabi/11.3.1/thumb/v7e-m+dp/hard/crtn.o
 *(.fini)
 .fini          0x000000000800d6c8        0x4 C:/ST/STM32CubeIDE_1.13.2/STM32CubeIDE/plugins/com.st.stm32cube.ide.mcu.externaltools.gnu-tools-for-stm32.11.3.rel1.win32_1.1.100.202309141235/tools/bin/../lib/gcc/arm-none-eabi/11.3.1/thumb/v7e-m+dp/hard/crti.o
                0x000000000800d6c8                _fini
 .fini          0x000000000800d6cc        0x8 C:/ST/STM32CubeIDE_1.13.2/STM32CubeIDE/plugins/com.st.stm32cube.ide.mcu.externaltools.gnu-tools-for-stm32.11.3.rel1.win32_1.1.100.202309141235/tools/bin/../lib/gcc/arm-none-eabi/11.3.1/thumb/v7e-m+dp/hard/crtn.o
                0x000000000800d6d4                . = ALIGN (0x4)
                0x000000000800d6d4                _etext = .

.vfp11_veneer   0x000000000800d6d4        0x0
 .vfp11_veneer  0x000000000800d6d4        0x0 linker stubs

.v4_bx          0x000000000800d6d4        0x0
 .v4_bx         0x000000000800d6d4        0x0 linker stubs

.iplt           0x000000000800d6d4        0x0
 .iplt          0x000000000800d6d4        0x0 C:/ST/STM32CubeIDE_1.13.2/STM32CubeIDE/plugins/com.st.stm32cube.ide.mcu.externaltools.gnu-tools-for-stm32.11.3.rel1.win32_1.1.100.202309141235/tools/bin/../lib/gcc/arm-none-eabi/11.3.1/thumb/v7e-m+dp/hard/crtbegin.o

.rodata         0x000000000800d6d8     0x9988
                0x000000000800d6d8                . = ALIGN (0x4)
 *(.rodata)
 .rodata        0x000000000800d6d8      0x1fc ./Core/Src/main.o
 .rodata        0x000000000800d8d4       0x63 ./Core/Src/mylib.o
 *fill*         0x000000000800d937        0x1 
 .rodata        0x000000000800d938      0x392 ./wavelib/src/wavefilt.o
 *fill*         0x000000000800dcca        0x2 
 .rodata        0x000000000800dccc      0xda6 ./wavelib/src/wavelib.o
 *fill*         0x000000000800ea72        0x2 
 .rodata        0x000000000800ea74        0xc C:/ST/STM32CubeIDE_1.13.2/STM32CubeIDE/plugins/com.st.stm32cube.ide.mcu.externaltools.gnu-tools-for-stm32.11.3.rel1.win32_1.1.100.202309141235/tools/bin/../lib/gcc/arm-none-eabi/11.3.1/../../../../arm-none-eabi/lib/thumb/v7e-m+dp/hard\libc_nano.a(libc_a-nano-vfscanf_i.o)
 *(.rodata*)
 .rodata.AHBPrescTable
                0x000000000800ea80       0x10 ./Core/Src/system_stm32f7xx.o
                0x000000000800ea80                AHBPrescTable
 .rodata.APBPrescTable
                0x000000000800ea90        0x8 ./Core/Src/system_stm32f7xx.o
                0x000000000800ea90                APBPrescTable
 .rodata.db1    0x000000000800ea98       0x10 ./wavelib/src/wavefilt.o
 .rodata.db2    0x000000000800eaa8       0x20 ./wavelib/src/wavefilt.o
 .rodata.db3    0x000000000800eac8       0x30 ./wavelib/src/wavefilt.o
 .rodata.db4    0x000000000800eaf8       0x40 ./wavelib/src/wavefilt.o
 .rodata.db5    0x000000000800eb38       0x50 ./wavelib/src/wavefilt.o
 .rodata.db6    0x000000000800eb88       0x60 ./wavelib/src/wavefilt.o
 .rodata.db7    0x000000000800ebe8       0x70 ./wavelib/src/wavefilt.o
 .rodata.db8    0x000000000800ec58       0x80 ./wavelib/src/wavefilt.o
 .rodata.db9    0x000000000800ecd8       0x90 ./wavelib/src/wavefilt.o
 .rodata.db10   0x000000000800ed68       0xa0 ./wavelib/src/wavefilt.o
 .rodata.db11   0x000000000800ee08       0xb0 ./wavelib/src/wavefilt.o
 .rodata.db12   0x000000000800eeb8       0xc0 ./wavelib/src/wavefilt.o
 .rodata.db13   0x000000000800ef78       0xd0 ./wavelib/src/wavefilt.o
 .rodata.db14   0x000000000800f048       0xe0 ./wavelib/src/wavefilt.o
 .rodata.db15   0x000000000800f128       0xf0 ./wavelib/src/wavefilt.o
 .rodata.db16   0x000000000800f218      0x100 ./wavelib/src/wavefilt.o
 .rodata.db17   0x000000000800f318      0x110 ./wavelib/src/wavefilt.o
 .rodata.db18   0x000000000800f428      0x120 ./wavelib/src/wavefilt.o
 .rodata.db19   0x000000000800f548      0x130 ./wavelib/src/wavefilt.o
 .rodata.db20   0x000000000800f678      0x140 ./wavelib/src/wavefilt.o
 .rodata.db21   0x000000000800f7b8      0x150 ./wavelib/src/wavefilt.o
                0x000000000800f7b8                db21
 .rodata.db22   0x000000000800f908      0x160 ./wavelib/src/wavefilt.o
                0x000000000800f908                db22
 .rodata.db23   0x000000000800fa68      0x170 ./wavelib/src/wavefilt.o
                0x000000000800fa68                db23
 .rodata.db24   0x000000000800fbd8      0x180 ./wavelib/src/wavefilt.o
                0x000000000800fbd8                db24
 .rodata.db25   0x000000000800fd58      0x190 ./wavelib/src/wavefilt.o
                0x000000000800fd58                db25
 .rodata.db26   0x000000000800fee8      0x1a0 ./wavelib/src/wavefilt.o
                0x000000000800fee8                db26
 .rodata.db27   0x0000000008010088      0x1b0 ./wavelib/src/wavefilt.o
                0x0000000008010088                db27
 .rodata.db28   0x0000000008010238      0x1c0 ./wavelib/src/wavefilt.o
                0x0000000008010238                db28
 .rodata.db29   0x00000000080103f8      0x1d0 ./wavelib/src/wavefilt.o
                0x00000000080103f8                db29
 .rodata.db30   0x00000000080105c8      0x1e0 ./wavelib/src/wavefilt.o
                0x00000000080105c8                db30
 .rodata.db31   0x00000000080107a8      0x1f0 ./wavelib/src/wavefilt.o
                0x00000000080107a8                db31
 .rodata.db32   0x0000000008010998      0x200 ./wavelib/src/wavefilt.o
                0x0000000008010998                db32
 .rodata.db33   0x0000000008010b98      0x210 ./wavelib/src/wavefilt.o
                0x0000000008010b98                db33
 .rodata.db34   0x0000000008010da8      0x220 ./wavelib/src/wavefilt.o
                0x0000000008010da8                db34
 .rodata.db35   0x0000000008010fc8      0x230 ./wavelib/src/wavefilt.o
                0x0000000008010fc8                db35
 .rodata.db36   0x00000000080111f8      0x240 ./wavelib/src/wavefilt.o
                0x00000000080111f8                db36
 .rodata.db37   0x0000000008011438      0x250 ./wavelib/src/wavefilt.o
                0x0000000008011438                db37
 .rodata.db38   0x0000000008011688      0x260 ./wavelib/src/wavefilt.o
                0x0000000008011688                db38
 .rodata.coif1  0x00000000080118e8       0x30 ./wavelib/src/wavefilt.o
 .rodata.coif2  0x0000000008011918       0x60 ./wavelib/src/wavefilt.o
 .rodata.coif3  0x0000000008011978       0x90 ./wavelib/src/wavefilt.o
 .rodata.coif4  0x0000000008011a08       0xc0 ./wavelib/src/wavefilt.o
 .rodata.coif5  0x0000000008011ac8       0xf0 ./wavelib/src/wavefilt.o
 .rodata.coif6  0x0000000008011bb8      0x120 ./wavelib/src/wavefilt.o
 .rodata.coif7  0x0000000008011cd8      0x150 ./wavelib/src/wavefilt.o
 .rodata.coif8  0x0000000008011e28      0x180 ./wavelib/src/wavefilt.o
 .rodata.coif9  0x0000000008011fa8      0x1b0 ./wavelib/src/wavefilt.o
 .rodata.coif10
                0x0000000008012158      0x1e0 ./wavelib/src/wavefilt.o
 .rodata.coif11
                0x0000000008012338      0x210 ./wavelib/src/wavefilt.o
 .rodata.coif12
                0x0000000008012548      0x240 ./wavelib/src/wavefilt.o
 .rodata.coif13
                0x0000000008012788      0x270 ./wavelib/src/wavefilt.o
 .rodata.coif14
                0x00000000080129f8      0x2a0 ./wavelib/src/wavefilt.o
 .rodata.coif15
                0x0000000008012c98      0x2d0 ./wavelib/src/wavefilt.o
 .rodata.coif16
                0x0000000008012f68      0x300 ./wavelib/src/wavefilt.o
 .rodata.coif17
                0x0000000008013268      0x330 ./wavelib/src/wavefilt.o
 .rodata.sym2   0x0000000008013598       0x20 ./wavelib/src/wavefilt.o
 .rodata.sym3   0x00000000080135b8       0x30 ./wavelib/src/wavefilt.o
 .rodata.sym4   0x00000000080135e8       0x40 ./wavelib/src/wavefilt.o
 .rodata.sym5   0x0000000008013628       0x50 ./wavelib/src/wavefilt.o
 .rodata.sym6   0x0000000008013678       0x60 ./wavelib/src/wavefilt.o
 .rodata.sym7   0x00000000080136d8       0x70 ./wavelib/src/wavefilt.o
 .rodata.sym8   0x0000000008013748       0x80 ./wavelib/src/wavefilt.o
 .rodata.sym9   0x00000000080137c8       0x90 ./wavelib/src/wavefilt.o
 .rodata.sym10  0x0000000008013858       0xa0 ./wavelib/src/wavefilt.o
 .rodata.sym11  0x00000000080138f8       0xb0 ./wavelib/src/wavefilt.o
 .rodata.sym12  0x00000000080139a8       0xc0 ./wavelib/src/wavefilt.o
 .rodata.sym13  0x0000000008013a68       0xd0 ./wavelib/src/wavefilt.o
 .rodata.sym14  0x0000000008013b38       0xe0 ./wavelib/src/wavefilt.o
 .rodata.sym15  0x0000000008013c18       0xf0 ./wavelib/src/wavefilt.o
 .rodata.sym16  0x0000000008013d08      0x100 ./wavelib/src/wavefilt.o
 .rodata.sym17  0x0000000008013e08      0x110 ./wavelib/src/wavefilt.o
 .rodata.sym18  0x0000000008013f18      0x120 ./wavelib/src/wavefilt.o
 .rodata.sym19  0x0000000008014038      0x130 ./wavelib/src/wavefilt.o
 .rodata.sym20  0x0000000008014168      0x140 ./wavelib/src/wavefilt.o
 .rodata.h1     0x00000000080142a8       0x50 ./wavelib/src/wavefilt.o
 .rodata.hm1_11
                0x00000000080142f8       0x10 ./wavelib/src/wavefilt.o
 .rodata.hm1_13
                0x0000000008014308       0x30 ./wavelib/src/wavefilt.o
 .rodata.hm1_15
                0x0000000008014338       0x50 ./wavelib/src/wavefilt.o
 .rodata.h2     0x0000000008014388       0x90 ./wavelib/src/wavefilt.o
 .rodata.hm2_22
                0x0000000008014418       0x30 ./wavelib/src/wavefilt.o
 .rodata.hm2_24
                0x0000000008014448       0x50 ./wavelib/src/wavefilt.o
 .rodata.hm2_26
                0x0000000008014498       0x70 ./wavelib/src/wavefilt.o
 .rodata.hm2_28
                0x0000000008014508       0x90 ./wavelib/src/wavefilt.o
 .rodata.h3     0x0000000008014598       0xa0 ./wavelib/src/wavefilt.o
 .rodata.hm3_31
                0x0000000008014638       0x20 ./wavelib/src/wavefilt.o
 .rodata.hm3_33
                0x0000000008014658       0x40 ./wavelib/src/wavefilt.o
 .rodata.hm3_35
                0x0000000008014698       0x60 ./wavelib/src/wavefilt.o
 .rodata.hm3_37
                0x00000000080146f8       0x80 ./wavelib/src/wavefilt.o
 .rodata.hm3_39
                0x0000000008014778       0xa0 ./wavelib/src/wavefilt.o
 .rodata.h4     0x0000000008014818       0x50 ./wavelib/src/wavefilt.o
 .rodata.hm4_44
                0x0000000008014868       0x50 ./wavelib/src/wavefilt.o
 .rodata.h5     0x00000000080148b8       0x60 ./wavelib/src/wavefilt.o
 .rodata.hm5_55
                0x0000000008014918       0x60 ./wavelib/src/wavefilt.o
 .rodata.h6     0x0000000008014978       0x90 ./wavelib/src/wavefilt.o
 .rodata.hm6_68
                0x0000000008014a08       0x90 ./wavelib/src/wavefilt.o
 .rodata.meyer  0x0000000008014a98      0x330 ./wavelib/src/wavefilt.o
 .rodata._ctype_
                0x0000000008014dc8      0x101 C:/ST/STM32CubeIDE_1.13.2/STM32CubeIDE/plugins/com.st.stm32cube.ide.mcu.externaltools.gnu-tools-for-stm32.11.3.rel1.win32_1.1.100.202309141235/tools/bin/../lib/gcc/arm-none-eabi/11.3.1/../../../../arm-none-eabi/lib/thumb/v7e-m+dp/hard\libc_nano.a(libc_a-ctype_.o)
                0x0000000008014dc8                _ctype_
 .rodata._svfprintf_r.str1.1
                0x0000000008014ec9       0x11 C:/ST/STM32CubeIDE_1.13.2/STM32CubeIDE/plugins/com.st.stm32cube.ide.mcu.externaltools.gnu-tools-for-stm32.11.3.rel1.win32_1.1.100.202309141235/tools/bin/../lib/gcc/arm-none-eabi/11.3.1/../../../../arm-none-eabi/lib/thumb/v7e-m+dp/hard\libc_nano.a(libc_a-nano-svfprintf.o)
 .rodata._vfprintf_r.str1.1
                0x0000000008014eda       0x11 C:/ST/STM32CubeIDE_1.13.2/STM32CubeIDE/plugins/com.st.stm32cube.ide.mcu.externaltools.gnu-tools-for-stm32.11.3.rel1.win32_1.1.100.202309141235/tools/bin/../lib/gcc/arm-none-eabi/11.3.1/../../../../arm-none-eabi/lib/thumb/v7e-m+dp/hard\libc_nano.a(libc_a-nano-vfprintf.o)
 .rodata._printf_i.str1.1
                0x0000000008014eda       0x22 C:/ST/STM32CubeIDE_1.13.2/STM32CubeIDE/plugins/com.st.stm32cube.ide.mcu.externaltools.gnu-tools-for-stm32.11.3.rel1.win32_1.1.100.202309141235/tools/bin/../lib/gcc/arm-none-eabi/11.3.1/../../../../arm-none-eabi/lib/thumb/v7e-m+dp/hard\libc_nano.a(libc_a-nano-vfprintf_i.o)
 .rodata.__svfscanf_r.str1.1
                0x0000000008014efc        0x4 C:/ST/STM32CubeIDE_1.13.2/STM32CubeIDE/plugins/com.st.stm32cube.ide.mcu.externaltools.gnu-tools-for-stm32.11.3.rel1.win32_1.1.100.202309141235/tools/bin/../lib/gcc/arm-none-eabi/11.3.1/../../../../arm-none-eabi/lib/thumb/v7e-m+dp/hard\libc_nano.a(libc_a-nano-vfscanf.o)
 .rodata._scanf_i.str1.1
                0x0000000008014efc       0x12 C:/ST/STM32CubeIDE_1.13.2/STM32CubeIDE/plugins/com.st.stm32cube.ide.mcu.externaltools.gnu-tools-for-stm32.11.3.rel1.win32_1.1.100.202309141235/tools/bin/../lib/gcc/arm-none-eabi/11.3.1/../../../../arm-none-eabi/lib/thumb/v7e-m+dp/hard\libc_nano.a(libc_a-nano-vfscanf_i.o)
 .rodata.str1.1
                0x0000000008014f0e        0x9 C:/ST/STM32CubeIDE_1.13.2/STM32CubeIDE/plugins/com.st.stm32cube.ide.mcu.externaltools.gnu-tools-for-stm32.11.3.rel1.win32_1.1.100.202309141235/tools/bin/../lib/gcc/arm-none-eabi/11.3.1/../../../../arm-none-eabi/lib/thumb/v7e-m+dp/hard\libc_nano.a(libc_a-nano-vfscanf_i.o)
 *fill*         0x0000000008014f17        0x1 
 .rodata.__exp_data